Archive member included to satisfy reference by file (symbol)

C:\Users\Tobias Scala\Documents\MCUXpressoIDE_10.2.0_759\HC05\lib\helix\libhelix.a(mp3dec.o)
                              ./source/audio.o (MP3InitDecoder)
C:\Users\Tobias Scala\Documents\MCUXpressoIDE_10.2.0_759\HC05\lib\helix\libhelix.a(mp3tabs.o)
                              C:\Users\Tobias Scala\Documents\MCUXpressoIDE_10.2.0_759\HC05\lib\helix\libhelix.a(mp3dec.o) (xmp3fixpt_samplesPerFrameTab)
C:\Users\Tobias Scala\Documents\MCUXpressoIDE_10.2.0_759\HC05\lib\helix\libhelix.a(bitstream.o)
                              C:\Users\Tobias Scala\Documents\MCUXpressoIDE_10.2.0_759\HC05\lib\helix\libhelix.a(mp3dec.o) (xmp3fixpt_CheckPadBit)
C:\Users\Tobias Scala\Documents\MCUXpressoIDE_10.2.0_759\HC05\lib\helix\libhelix.a(buffers.o)
                              C:\Users\Tobias Scala\Documents\MCUXpressoIDE_10.2.0_759\HC05\lib\helix\libhelix.a(mp3dec.o) (xmp3fixpt_AllocateBuffers)
C:\Users\Tobias Scala\Documents\MCUXpressoIDE_10.2.0_759\HC05\lib\helix\libhelix.a(dequant.o)
                              C:\Users\Tobias Scala\Documents\MCUXpressoIDE_10.2.0_759\HC05\lib\helix\libhelix.a(mp3dec.o) (xmp3fixpt_Dequantize)
C:\Users\Tobias Scala\Documents\MCUXpressoIDE_10.2.0_759\HC05\lib\helix\libhelix.a(dqchan.o)
                              C:\Users\Tobias Scala\Documents\MCUXpressoIDE_10.2.0_759\HC05\lib\helix\libhelix.a(dequant.o) (xmp3fixpt_DequantChannel)
C:\Users\Tobias Scala\Documents\MCUXpressoIDE_10.2.0_759\HC05\lib\helix\libhelix.a(huffman.o)
                              C:\Users\Tobias Scala\Documents\MCUXpressoIDE_10.2.0_759\HC05\lib\helix\libhelix.a(mp3dec.o) (xmp3fixpt_DecodeHuffman)
C:\Users\Tobias Scala\Documents\MCUXpressoIDE_10.2.0_759\HC05\lib\helix\libhelix.a(hufftabs.o)
                              C:\Users\Tobias Scala\Documents\MCUXpressoIDE_10.2.0_759\HC05\lib\helix\libhelix.a(huffman.o) (xmp3fixpt_quadTabMaxBits)
C:\Users\Tobias Scala\Documents\MCUXpressoIDE_10.2.0_759\HC05\lib\helix\libhelix.a(imdct.o)
                              C:\Users\Tobias Scala\Documents\MCUXpressoIDE_10.2.0_759\HC05\lib\helix\libhelix.a(mp3dec.o) (xmp3fixpt_IMDCT)
C:\Users\Tobias Scala\Documents\MCUXpressoIDE_10.2.0_759\HC05\lib\helix\libhelix.a(scalfact.o)
                              C:\Users\Tobias Scala\Documents\MCUXpressoIDE_10.2.0_759\HC05\lib\helix\libhelix.a(mp3dec.o) (xmp3fixpt_UnpackScaleFactors)
C:\Users\Tobias Scala\Documents\MCUXpressoIDE_10.2.0_759\HC05\lib\helix\libhelix.a(stproc.o)
                              C:\Users\Tobias Scala\Documents\MCUXpressoIDE_10.2.0_759\HC05\lib\helix\libhelix.a(dequant.o) (xmp3fixpt_MidSideProc)
C:\Users\Tobias Scala\Documents\MCUXpressoIDE_10.2.0_759\HC05\lib\helix\libhelix.a(subband.o)
                              C:\Users\Tobias Scala\Documents\MCUXpressoIDE_10.2.0_759\HC05\lib\helix\libhelix.a(mp3dec.o) (xmp3fixpt_Subband)
C:\Users\Tobias Scala\Documents\MCUXpressoIDE_10.2.0_759\HC05\lib\helix\libhelix.a(trigtabs_fixpt.o)
                              C:\Users\Tobias Scala\Documents\MCUXpressoIDE_10.2.0_759\HC05\lib\helix\libhelix.a(subband.o) (xmp3fixpt_polyCoef)
C:\Users\Tobias Scala\Documents\MCUXpressoIDE_10.2.0_759\HC05\lib\helix\libhelix.a(dct32.o)
                              C:\Users\Tobias Scala\Documents\MCUXpressoIDE_10.2.0_759\HC05\lib\helix\libhelix.a(subband.o) (xmp3fixpt_FDCT32)
C:\Users\Tobias Scala\Documents\MCUXpressoIDE_10.2.0_759\HC05\lib\helix\libhelix.a(polyphase.o)
                              C:\Users\Tobias Scala\Documents\MCUXpressoIDE_10.2.0_759\HC05\lib\helix\libhelix.a(subband.o) (xmp3fixpt_PolyphaseMono)
c:/nxp/mcuxpressoide_10.2.0_759/ide/tools/bin/../lib/gcc/arm-none-eabi/7.2.1/../../../../arm-none-eabi/lib/thumb/v7e-m/fpv4-sp/hard\libcr_c.a(memcpy.o)
                              ./source/packageTxHandler.o (memcpy)
c:/nxp/mcuxpressoide_10.2.0_759/ide/tools/bin/../lib/gcc/arm-none-eabi/7.2.1/../../../../arm-none-eabi/lib/thumb/v7e-m/fpv4-sp/hard\libcr_c.a(memmove.o)
                              C:\Users\Tobias Scala\Documents\MCUXpressoIDE_10.2.0_759\HC05\lib\helix\libhelix.a(mp3dec.o) (memmove)
c:/nxp/mcuxpressoide_10.2.0_759/ide/tools/bin/../lib/gcc/arm-none-eabi/7.2.1/../../../../arm-none-eabi/lib/thumb/v7e-m/fpv4-sp/hard\libcr_c.a(sin.o)
                              ./source/audio.o (sin)
c:/nxp/mcuxpressoide_10.2.0_759/ide/tools/bin/../lib/gcc/arm-none-eabi/7.2.1/../../../../arm-none-eabi/lib/thumb/v7e-m/fpv4-sp/hard\libcr_c.a(sqrt.o)
                              ./source/algorithm_by_RF.o (sqrt)
c:/nxp/mcuxpressoide_10.2.0_759/ide/tools/bin/../lib/gcc/arm-none-eabi/7.2.1/../../../../arm-none-eabi/lib/thumb/v7e-m/fpv4-sp/hard\libcr_c.a(_hugeval.o)
                              c:/nxp/mcuxpressoide_10.2.0_759/ide/tools/bin/../lib/gcc/arm-none-eabi/7.2.1/../../../../arm-none-eabi/lib/thumb/v7e-m/fpv4-sp/hard\libcr_c.a(sqrt.o) (__huge_val)
[...]
Memory Configuration

Name             Origin             Length             Attributes
PROGRAM_FLASH    0x00000000         0x00100000         xr
SRAM_UPPER       0x20000000         0x00030000         xrw
SRAM_LOWER       0x1fff0000         0x00010000         xrw
FLEX_RAM         0x14000000         0x00001000         xrw
*default*        0x00000000         0xffffffff

Linker script and memory map

LOAD ./source/AD8232_APIv2.o
LOAD ./source/App.o
LOAD ./source/FreescaleIAP.o
LOAD ./source/MAX30102_API.o
LOAD ./source/PIT_driver.o
LOAD ./source/TempSensor.o
LOAD ./source/adc.o
LOAD ./source/algorithm.o
LOAD ./source/algorithm_by_RF.o
LOAD ./source/audio.o
LOAD ./source/dma.o
LOAD ./source/flash.o
LOAD ./source/hc05.o
LOAD ./source/i2c.o
LOAD ./source/i2s.o
LOAD ./source/packageTxHandler.o
LOAD ./source/portpin.o
LOAD ./source/uart.o
LOAD ./source/uda1380.o
LOAD ./SDK/startup/hardware.o
LOAD ./SDK/startup/main.o
LOAD ./SDK/startup/semihost_hardfault.o
LOAD ./SDK/startup/startup_mk64f12.o
LOAD ./SDK/CMSIS/system_MK64F12.o
LOAD C:\Users\Tobias Scala\Documents\MCUXpressoIDE_10.2.0_759\HC05\lib\helix\libhelix.a
START GROUP
LOAD c:/nxp/mcuxpressoide_10.2.0_759/ide/tools/bin/../lib/gcc/arm-none-eabi/7.2.1/../../../../arm-none-eabi/lib/thumb/v7e-m/fpv4-sp/hard\libcr_c.a
LOAD c:/nxp/mcuxpressoide_10.2.0_759/ide/tools/bin/../lib/gcc/arm-none-eabi/7.2.1/thumb/v7e-m/fpv4-sp/hard\libcr_eabihelpers.a
END GROUP
                0x00000000                __base_PROGRAM_FLASH = 0x0
                0x00000000                __base_Flash = 0x0
                0x00100000                __top_PROGRAM_FLASH = 0x100000
                0x00100000                __top_Flash = 0x100000
                0x20000000                __base_SRAM_UPPER = 0x20000000
                0x20000000                __base_RAM = 0x20000000
                0x20030000                __top_SRAM_UPPER = 0x20030000
                0x20030000                __top_RAM = 0x20030000
                0x1fff0000                __base_SRAM_LOWER = 0x1fff0000
                0x1fff0000                __base_RAM2 = 0x1fff0000
                0x20000000                __top_SRAM_LOWER = 0x20000000
                0x20000000                __top_RAM2 = 0x20000000
                0x14000000                __base_FLEX_RAM = 0x14000000
                0x14000000                __base_RAM3 = 0x14000000
                0x14001000                __top_FLEX_RAM = 0x14001000
                0x14001000                __top_RAM3 = 0x14001000

.text           0x00000000     0xdb78
 FILL mask 0xff
                0x00000000                __vectors_start__ = ABSOLUTE (.)
 *(SORT_BY_ALIGNMENT(.isr_vector))
 .isr_vector    0x00000000      0x198 ./SDK/startup/startup_mk64f12.o
                0x00000000                g_pfnVectors
                0x00000000                __Vectors
                0x00000198                . = ALIGN (0x4)
                0x00000198                __section_table_start = .
                0x00000198                __data_section_table = .
                0x00000198        0x4 LONG 0xdb78 LOADADDR (.data)
                0x0000019c        0x4 LONG 0x20000000 ADDR (.data)
                0x000001a0        0x4 LONG 0x5268 SIZEOF (.data)
                0x000001a4        0x4 LONG 0xdb78 LOADADDR (.data_RAM2)
                0x000001a8        0x4 LONG 0x1fff0000 ADDR (.data_RAM2)
                0x000001ac        0x4 LONG 0x0 SIZEOF (.data_RAM2)
                0x000001b0        0x4 LONG 0xdb78 LOADADDR (.data_RAM3)
                0x000001b4        0x4 LONG 0x14000000 ADDR (.data_RAM3)
                0x000001b8        0x4 LONG 0x0 SIZEOF (.data_RAM3)
                0x000001bc                __data_section_table_end = .
                0x000001bc                __bss_section_table = .
                0x000001bc        0x4 LONG 0x20005268 ADDR (.bss)
                0x000001c0        0x4 LONG 0x80f8 SIZEOF (.bss)
                0x000001c4        0x4 LONG 0x1fff0000 ADDR (.bss_RAM2)
                0x000001c8        0x4 LONG 0x0 SIZEOF (.bss_RAM2)
                0x000001cc        0x4 LONG 0x14000000 ADDR (.bss_RAM3)
                0x000001d0        0x4 LONG 0x0 SIZEOF (.bss_RAM3)
                0x000001d4                __bss_section_table_end = .
                0x000001d4                __section_table_end = .
 *(SORT_BY_ALIGNMENT(.after_vectors*))
 .after_vectors.reset
                0x000001d4       0x4c ./SDK/startup/startup_mk64f12.o
                0x000001d4                ResetISR
 .after_vectors.init_data
                0x00000220       0x1e ./SDK/startup/startup_mk64f12.o
                0x00000220                data_init
 .after_vectors.init_bss
                0x0000023e       0x12 ./SDK/startup/startup_mk64f12.o
                0x0000023e                bss_init
 .after_vectors
                0x00000250       0x14 ./SDK/startup/startup_mk64f12.o
                0x00000250                NMI_Handler
                0x00000254                MemManage_Handler
                0x00000256                BusFault_Handler
                0x00000258                UsageFault_Handler
                0x0000025a                SVC_Handler
                0x0000025c                DebugMon_Handler
                0x0000025e                PendSV_Handler
                0x00000260                SysTick_Handler
                0x00000262                DMA_Error_DriverIRQHandler
                0x00000262                LPTMR0_DriverIRQHandler
                0x00000262                FTM1_DriverIRQHandler
                0x00000262                FTM2_DriverIRQHandler
                0x00000262                PIT2_DriverIRQHandler
                0x00000262                SDHC_DriverIRQHandler
                0x00000262                I2S0_Tx_DriverIRQHandler
                0x00000262                RTC_Seconds_DriverIRQHandler
                0x00000262                DMA6_DriverIRQHandler
                0x00000262                LLWU_DriverIRQHandler
                0x00000262                MCM_DriverIRQHandler
                0x00000262                MCG_DriverIRQHandler
                0x00000262                ENET_1588_Timer_DriverIRQHandler
                0x00000262                I2C2_DriverIRQHandler
                0x00000262                DAC1_DriverIRQHandler
                0x00000262                SPI1_DriverIRQHandler
                0x00000262                CMP1_DriverIRQHandler
                0x00000262                UART5_RX_TX_DriverIRQHandler
                0x00000262                FTM0_DriverIRQHandler
                0x00000262                IntDefaultHandler
                0x00000262                USB0_DriverIRQHandler
                0x00000262                UART5_ERR_DriverIRQHandler
                0x00000262                PORTC_DriverIRQHandler
                0x00000262                DMA11_DriverIRQHandler
                0x00000262                DAC0_DriverIRQHandler
                0x00000262                DMA10_DriverIRQHandler
                0x00000262                CMP2_DriverIRQHandler
                0x00000262                UART2_ERR_DriverIRQHandler
                0x00000262                SPI2_DriverIRQHandler
                0x00000262                LVD_LVW_DriverIRQHandler
                0x00000262                PIT0_DriverIRQHandler
                0x00000262                RNG_DriverIRQHandler
                0x00000262                DMA12_DriverIRQHandler
                0x00000262                DMA4_DriverIRQHandler
                0x00000262                UART2_RX_TX_DriverIRQHandler
                0x00000262                USBDCD_DriverIRQHandler
                0x00000262                UART3_ERR_DriverIRQHandler
                0x00000262                DMA3_DriverIRQHandler
                0x00000262                DMA8_DriverIRQHandler
                0x00000262                DMA9_DriverIRQHandler
                0x00000262                UART0_ERR_DriverIRQHandler
                0x00000262                CMT_DriverIRQHandler
                0x00000262                Reserved71_DriverIRQHandler
                0x00000262                ADC1_DriverIRQHandler
                0x00000262                PORTA_DriverIRQHandler
                0x00000262                DMA14_DriverIRQHandler
                0x00000262                PIT3_DriverIRQHandler
                0x00000262                PIT1_DriverIRQHandler
                0x00000262                WDOG_EWM_DriverIRQHandler
                0x00000262                PDB0_DriverIRQHandler
                0x00000262                RTC_DriverIRQHandler
                0x00000262                I2S0_Rx_DriverIRQHandler
                0x00000262                Read_Collision_DriverIRQHandler
                0x00000262                SWI_DriverIRQHandler
                0x00000262                UART4_RX_TX_DriverIRQHandler
                0x00000262                UART4_ERR_DriverIRQHandler
                0x00000262                PORTB_DriverIRQHandler
                0x00000262                UART0_LON_DriverIRQHandler
                0x00000262                DMA0_DriverIRQHandler
                0x00000262                DMA1_DriverIRQHandler
                0x00000262                I2C1_DriverIRQHandler
                0x00000262                UART3_RX_TX_DriverIRQHandler
                0x00000262                ENET_Receive_DriverIRQHandler
                0x00000262                DMA13_DriverIRQHandler
                0x00000262                ENET_Error_DriverIRQHandler
                0x00000262                DMA15_DriverIRQHandler
                0x00000262                UART0_RX_TX_DriverIRQHandler
                0x00000262                SPI0_DriverIRQHandler
                0x00000262                ADC0_DriverIRQHandler
                0x00000262                CMP0_DriverIRQHandler
                0x00000262                CAN0_DriverIRQHandler
                0x00000262                FTM3_DriverIRQHandler
                0x00000262                DMA5_DriverIRQHandler
                0x00000262                UART1_ERR_DriverIRQHandler
                0x00000262                DMA2_DriverIRQHandler
                0x00000262                ENET_Transmit_DriverIRQHandler
                0x00000262                PORTD_DriverIRQHandler
                0x00000262                PORTE_DriverIRQHandler
                0x00000262                FTFE_DriverIRQHandler
                0x00000262                I2C0_DriverIRQHandler
                0x00000262                DMA7_DriverIRQHandler
                0x00000262                UART1_RX_TX_DriverIRQHandler
                0x00000400                . = 0x400
 *fill*         0x00000264      0x19c ff
                0x00000400                PROVIDE (__FLASH_CONFIG_START__, .)
 *(SORT_BY_ALIGNMENT(.FlashConfig))
 .FlashConfig   0x00000400       0x10 ./SDK/startup/startup_mk64f12.o
                0x00000400                Flash_Config
                0x00000410                PROVIDE (__FLASH_CONFIG_END__, .)
                0x00000001                ASSERT (! ((__FLASH_CONFIG_START__ == __FLASH_CONFIG_END__)), Linker Flash Config Support Enabled, but no .FlashConfig section provided within application)
 *(SORT_BY_ALIGNMENT(.text*))
 .text.rf_heart_rate_and_oxygen_saturation
                0x00000410      0x4a4 ./source/algorithm_by_RF.o
                0x00000410                rf_heart_rate_and_oxygen_saturation
 *fill*         0x000008b4        0x4 ff
 .text.sqrt     0x000008b8      0x11c c:/nxp/mcuxpressoide_10.2.0_759/ide/tools/bin/../lib/gcc/arm-none-eabi/7.2.1/../../../../arm-none-eabi/lib/thumb/v7e-m/fpv4-sp/hard\libcr_c.a(sqrt.o)
                0x000008b8                sqrt
 .text.getCARDIOdata
                0x000009d4       0x48 ./source/AD8232_APIv2.o
                0x000009d4                getCARDIOdata
 .text.App_Run  0x00000a1c      0x154 ./source/App.o
                0x00000a1c                App_Run
 .text.erase_sector
                0x00000b70       0x54 ./source/FreescaleIAP.o
                0x00000b70                erase_sector
 .text.flash_size
                0x00000bc4       0x54 ./source/FreescaleIAP.o
                0x00000bc4                flash_size
 .text.program_word
                0x00000c18       0xa4 ./source/FreescaleIAP.o
                0x00000c18                program_word
 .text.run_command
                0x00000cbc       0x2c ./source/FreescaleIAP.o
                0x00000cbc                run_command
 .text.verify_erased
                0x00000ce8       0x8c ./source/FreescaleIAP.o
                0x00000ce8                verify_erased
 .text.check_error
                0x00000d74       0x64 ./source/FreescaleIAP.o
                0x00000d74                check_error
 .text.writeReg
                0x00000dd8       0x48 ./source/MAX30102_API.o
                0x00000dd8                writeReg
 .text.readReg  0x00000e20       0x4c ./source/MAX30102_API.o
                0x00000e20                readReg
 .text.MAX30102_init
                0x00000e6c      0x160 ./source/MAX30102_API.o
                0x00000e6c                MAX30102_init
 .text.readFIFO
                0x00000fcc       0xe0 ./source/MAX30102_API.o
                0x00000fcc                readFIFO
 .text.MAX30102_readTemperature
                0x000010ac       0xa4 ./source/MAX30102_API.o
                0x000010ac                MAX30102_readTemperature
 .text.softReset
                0x00001150       0x8c ./source/MAX30102_API.o
                0x00001150                softReset
 .text.ambientLigthNoise
                0x000011dc       0x30 ./source/MAX30102_API.o
                0x000011dc                ambientLigthNoise
 .text.OXIdata2read
                0x0000120c       0x28 ./source/MAX30102_API.o
                0x0000120c                OXIdata2read
 .text.getOXIdata
                0x00001234       0x54 ./source/MAX30102_API.o
                0x00001234                getOXIdata
 .text.MAX30102read
                0x00001288       0xac ./source/MAX30102_API.o
                0x00001288                MAX30102read
 .text.__NVIC_EnableIRQ
                0x00001334       0x3c ./source/PIT_driver.o
 .text.__NVIC_ClearPendingIRQ
                0x00001370       0x3c ./source/PIT_driver.o
 .text.PIT_init
                0x000013ac       0x98 ./source/PIT_driver.o
                0x000013ac                PIT_init
 .text.PIT_start
                0x00001444       0x98 ./source/PIT_driver.o
                0x00001444                PIT_start
 .text.PIT_setRutine
                0x000014dc       0x30 ./source/PIT_driver.o
                0x000014dc                PIT_setRutine
 .text.PIT0_IRQHandler
                0x0000150c       0x38 ./source/PIT_driver.o
                0x0000150c                PIT0_IRQHandler
 .text.PIT1_IRQHandler
                0x00001544       0x38 ./source/PIT_driver.o
                0x00001544                PIT1_IRQHandler
 .text.PIT2_IRQHandler
                0x0000157c       0x40 ./source/PIT_driver.o
                0x0000157c                PIT2_IRQHandler
 .text.PIT3_IRQHandler
                0x000015bc       0x40 ./source/PIT_driver.o
                0x000015bc                PIT3_IRQHandler
 .text.__NVIC_EnableIRQ
                0x000015fc       0x3c ./source/adc.o
 .text.__NVIC_DisableIRQ
                0x00001638       0x44 ./source/adc.o
 .text.ADCconfigure
                0x0000167c       0xd0 ./source/adc.o
                0x0000167c                ADCconfigure
 .text.ADCstart
                0x0000174c       0x54 ./source/adc.o
                0x0000174c                ADCstart
 .text.ADC0start
                0x000017a0       0x1c ./source/adc.o
                0x000017a0                ADC0start
 .text.getADCdata
                0x000017bc       0x5c ./source/adc.o
                0x000017bc                getADCdata
 .text.ADCdata2read
                0x00001818       0x30 ./source/adc.o
                0x00001818                ADCdata2read
 .text.ADC0_IRQHandler
                0x00001848       0x7c ./source/adc.o
                0x00001848                ADC0_IRQHandler
 .text.audioInit
                0x000018c4       0x60 ./source/audio.o
                0x000018c4                audioInit
 .text.audioPlaying
                0x00001924       0x18 ./source/audio.o
                0x00001924                audioPlaying
 .text.audioPlay
                0x0000193c      0x1b4 ./source/audio.o
                0x0000193c                audioPlay
 .text.__NVIC_EnableIRQ
                0x00001af0       0x3c ./source/dma.o
 .text.DMAconfigure
                0x00001b2c      0x164 ./source/dma.o
                0x00001b2c                DMAconfigure
 .text.DMAenable
                0x00001c90       0x50 ./source/dma.o
                0x00001c90                DMAenable
 .text.DMAenableIRQ
                0x00001ce0       0x6c ./source/dma.o
                0x00001ce0                DMAenableIRQ
 .text.DMA0_IRQHandler
                0x00001d4c       0x9c ./source/dma.o
                0x00001d4c                DMA0_IRQHandler
 .text.DMA1_IRQHandler
                0x00001de8       0x7c ./source/dma.o
                0x00001de8                DMA1_IRQHandler
 .text.DMA2_IRQHandler
                0x00001e64       0x7c ./source/dma.o
                0x00001e64                DMA2_IRQHandler
 .text.flashWrite
                0x00001ee0       0x94 ./source/flash.o
                0x00001ee0                flashWrite
 .text.__NVIC_DisableIRQ
                0x00001f74       0x44 ./source/i2c.o
 .text.startSignal
                0x00001fb8       0x38 ./source/i2c.o
                0x00001fb8                startSignal
 .text.restartSignal
                0x00001ff0       0x38 ./source/i2c.o
                0x00001ff0                restartSignal
 .text.stopSignal
                0x00002028       0x38 ./source/i2c.o
                0x00002028                stopSignal
 .text.I2Cmachine
                0x00002060      0x3b0 ./source/i2c.o
                0x00002060                I2Cmachine
 .text.I2Cconfiguration
                0x00002410      0x144 ./source/i2c.o
                0x00002410                I2Cconfiguration
 .text.writeI2Cmessage
                0x00002554       0xac ./source/i2c.o
                0x00002554                writeI2Cmessage
 .text.readI2Cmessage
                0x00002600       0xac ./source/i2c.o
                0x00002600                readI2Cmessage
 .text.blockingI2Ctransmition
                0x000026ac      0x1f0 ./source/i2c.o
                0x000026ac                blockingI2Ctransmition
 .text.I2C0_IRQHandler
                0x0000289c       0x40 ./source/i2c.o
                0x0000289c                I2C0_IRQHandler
 .text.I2C1_IRQHandler
                0x000028dc       0x40 ./source/i2c.o
                0x000028dc                I2C1_IRQHandler
 .text.I2Sreset
                0x0000291c       0x54 ./source/i2s.o
                0x0000291c                I2Sreset
 .text.I2SmajorDMA
                0x00002970       0x18 ./source/i2s.o
                0x00002970                I2SmajorDMA
 .text.I2Sconfigure
                0x00002988      0x1f4 ./source/i2s.o
                0x00002988                I2Sconfigure
 .text.I2StransmitionDMA
                0x00002b7c       0x58 ./source/i2s.o
                0x00002b7c                I2StransmitionDMA
 .text.I2Sdatasent
                0x00002bd4       0x28 ./source/i2s.o
                0x00002bd4                I2Sdatasent
 .text.createTempPackage
                0x00002bfc       0x24 ./source/packageTxHandler.o
                0x00002bfc                createTempPackage
 .text.createOximeterPackage
                0x00002c20       0x48 ./source/packageTxHandler.o
                0x00002c20                createOximeterPackage
 .text.createECGPackage
                0x00002c68       0x2c ./source/packageTxHandler.o
                0x00002c68                createECGPackage
 .text.setTempData
                0x00002c94       0x2c ./source/packageTxHandler.o
                0x00002c94                setTempData
 .text.setOximeterData
                0x00002cc0       0x50 ./source/packageTxHandler.o
                0x00002cc0                setOximeterData
 .text.setECGData
                0x00002d10       0x2c ./source/packageTxHandler.o
                0x00002d10                setECGData
 .text.sendTempPackage
                0x00002d3c       0x14 ./source/packageTxHandler.o
                0x00002d3c                sendTempPackage
 .text.sendOximeterPackage
                0x00002d50       0x18 ./source/packageTxHandler.o
                0x00002d50                sendOximeterPackage
 .text.sendECGPackage
                0x00002d68       0x18 ./source/packageTxHandler.o
                0x00002d68                sendECGPackage
 .text.PINconfigure
                0x00002d80       0x98 ./source/portpin.o
                0x00002d80                PINconfigure
 .text.PINopendrain
                0x00002e18       0x54 ./source/portpin.o
                0x00002e18                PINopendrain
 .text.PINmode  0x00002e6c       0x64 ./source/portpin.o
                0x00002e6c                PINmode
 .text.PINread  0x00002ed0       0x50 ./source/portpin.o
                0x00002ed0                PINread
 .text.PORTA_IRQHandler
                0x00002f20       0x90 ./source/portpin.o
                0x00002f20                PORTA_IRQHandler
 .text.PORTC_IRQHandler
                0x00002fb0       0x90 ./source/portpin.o
                0x00002fb0                PORTC_IRQHandler
 .text.__NVIC_EnableIRQ
                0x00003040       0x3c ./source/uart.o
 .text.UARTconfigure
                0x0000307c      0x1d8 ./source/uart.o
                0x0000307c                UARTconfigure
 .text.baudrateCalculator
                0x00003254       0xd0 ./source/uart.o
                0x00003254                baudrateCalculator
 .text.UARTwriteMSG
                0x00003324       0xa8 ./source/uart.o
                0x00003324                UARTwriteMSG
 .text.UART0_RX_TX_IRQHandler
                0x000033cc       0xec ./source/uart.o
                0x000033cc                UART0_RX_TX_IRQHandler
 .text.UART1_RX_TX_IRQHandler
                0x000034b8       0xec ./source/uart.o
                0x000034b8                UART1_RX_TX_IRQHandler
 .text.UART3_RX_TX_IRQHandler
                0x000035a4       0xec ./source/uart.o
                0x000035a4                UART3_RX_TX_IRQHandler
 .text.UDA1380Init
                0x00003690      0x17c ./source/uda1380.o
                0x00003690                UDA1380Init
 .text.hw_Init  0x0000380c      0x10c ./SDK/startup/hardware.o
                0x0000380c                hw_Init
 .text.hw_EnableInterrupts
                0x00003918       0x30 ./SDK/startup/hardware.o
                0x00003918                hw_EnableInterrupts
 .text.hw_DisableInterrupts
                0x00003948       0x20 ./SDK/startup/hardware.o
                0x00003948                hw_DisableInterrupts
 .text.SystemInit
                0x00003968       0x3c ./SDK/CMSIS/system_MK64F12.o
                0x00003968                SystemInit
 .text          0x000039a4      0xaa8 C:\Users\Tobias Scala\Documents\MCUXpressoIDE_10.2.0_759\HC05\lib\helix\libhelix.a(mp3dec.o)
                0x000039a4                MP3InitDecoder
                0x000039a8                MP3FreeDecoder
                0x000039b0                MP3FindSyncWord
                0x000039dc                MP3GetLastFrameInfo
                0x00003a34                MP3GetNextFrameInfo
                0x00003a94                MP3Decode
 .text          0x0000444c      0xcb8 C:\Users\Tobias Scala\Documents\MCUXpressoIDE_10.2.0_759\HC05\lib\helix\libhelix.a(bitstream.o)
                0x0000468c                xmp3fixpt_SetBitstreamPointer
                0x00004698                xmp3fixpt_GetBits
                0x00004768                xmp3fixpt_CalcBitsUsed
                0x0000477c                xmp3fixpt_CheckPadBit
                0x00004794                xmp3fixpt_UnpackFrameHeader
                0x00004980                xmp3fixpt_UnpackSideInfo
 .text          0x00005104       0xd0 C:\Users\Tobias Scala\Documents\MCUXpressoIDE_10.2.0_759\HC05\lib\helix\libhelix.a(buffers.o)
                0x00005104                xmp3fixpt_AllocateBuffers
                0x000051d0                xmp3fixpt_FreeBuffers
 .text          0x000051d4      0x284 C:\Users\Tobias Scala\Documents\MCUXpressoIDE_10.2.0_759\HC05\lib\helix\libhelix.a(dequant.o)
                0x000051d4                xmp3fixpt_Dequantize
 .text          0x00005458      0x40c C:\Users\Tobias Scala\Documents\MCUXpressoIDE_10.2.0_759\HC05\lib\helix\libhelix.a(dqchan.o)
                0x000055e8                xmp3fixpt_DequantChannel
 .text          0x00005864      0x7c0 C:\Users\Tobias Scala\Documents\MCUXpressoIDE_10.2.0_759\HC05\lib\helix\libhelix.a(huffman.o)
                0x00005864                xmp3fixpt_DecodeHuffman
 .text          0x00006024     0x140c C:\Users\Tobias Scala\Documents\MCUXpressoIDE_10.2.0_759\HC05\lib\helix\libhelix.a(imdct.o)
                0x00006390                xmp3fixpt_IMDCT
 .text          0x00007430      0x87c C:\Users\Tobias Scala\Documents\MCUXpressoIDE_10.2.0_759\HC05\lib\helix\libhelix.a(scalfact.o)
                0x00007430                xmp3fixpt_UnpackScaleFactors
 .text          0x00007cac      0x644 C:\Users\Tobias Scala\Documents\MCUXpressoIDE_10.2.0_759\HC05\lib\helix\libhelix.a(stproc.o)
                0x00007cac                xmp3fixpt_MidSideProc
                0x00007d10                xmp3fixpt_IntensityProcMPEG1
                0x00008040                xmp3fixpt_IntensityProcMPEG2
 .text          0x000082f0      0x114 C:\Users\Tobias Scala\Documents\MCUXpressoIDE_10.2.0_759\HC05\lib\helix\libhelix.a(subband.o)
                0x000082f0                xmp3fixpt_Subband
 .text          0x00008404      0xa80 C:\Users\Tobias Scala\Documents\MCUXpressoIDE_10.2.0_759\HC05\lib\helix\libhelix.a(dct32.o)
                0x00008404                xmp3fixpt_FDCT32
 .text          0x00008e84      0x858 C:\Users\Tobias Scala\Documents\MCUXpressoIDE_10.2.0_759\HC05\lib\helix\libhelix.a(polyphase.o)
                0x00008e84                xmp3fixpt_PolyphaseMono
                0x0000916c                xmp3fixpt_PolyphaseStereo
 .text.__aeabi_dmul
                0x000096dc      0x11c c:/nxp/mcuxpressoide_10.2.0_759/ide/tools/bin/../lib/gcc/arm-none-eabi/7.2.1/thumb/v7e-m/fpv4-sp/hard\libcr_eabihelpers.a(double.o)
                0x000096dc                __aeabi_dmul
 .text.__aeabi_ddiv
                0x000097f8      0x138 c:/nxp/mcuxpressoide_10.2.0_759/ide/tools/bin/../lib/gcc/arm-none-eabi/7.2.1/thumb/v7e-m/fpv4-sp/hard\libcr_eabihelpers.a(double.o)
                0x000097f8                __aeabi_ddiv
 .text.__aeabi_dsub
                0x00009930      0x1b4 c:/nxp/mcuxpressoide_10.2.0_759/ide/tools/bin/../lib/gcc/arm-none-eabi/7.2.1/thumb/v7e-m/fpv4-sp/hard\libcr_eabihelpers.a(double.o)
                0x00009930                __aeabi_dsub
 .text.__aeabi_dadd
                0x00009ae4      0x10c c:/nxp/mcuxpressoide_10.2.0_759/ide/tools/bin/../lib/gcc/arm-none-eabi/7.2.1/thumb/v7e-m/fpv4-sp/hard\libcr_eabihelpers.a(double.o)
                0x00009ae4                __aeabi_dadd
 .text.__aeabi_d2f
                0x00009bf0       0x54 c:/nxp/mcuxpressoide_10.2.0_759/ide/tools/bin/../lib/gcc/arm-none-eabi/7.2.1/thumb/v7e-m/fpv4-sp/hard\libcr_eabihelpers.a(double.o)
                0x00009bf0                __aeabi_d2f
 .text.__aeabi_f2d
                0x00009c44       0x38 c:/nxp/mcuxpressoide_10.2.0_759/ide/tools/bin/../lib/gcc/arm-none-eabi/7.2.1/thumb/v7e-m/fpv4-sp/hard\libcr_eabihelpers.a(float.o)
                0x00009c44                __aeabi_f2d
 .text.AD8232_init
                0x00009c7c       0x3e ./source/AD8232_APIv2.o
                0x00009c7c                AD8232_init
 .text.CARDIOdata2read
                0x00009cba       0x10 ./source/AD8232_APIv2.o
                0x00009cba                CARDIOdata2read
 .text.App_Init
                0x00009cca       0x34 ./source/App.o
                0x00009cca                App_Init
 .text.program_flash
                0x00009cfe       0x7a ./source/FreescaleIAP.o
                0x00009cfe                program_flash
 .text.check_align
                0x00009d78       0x26 ./source/FreescaleIAP.o
                0x00009d78                check_align
 .text.getIntr1
                0x00009d9e       0x1c ./source/MAX30102_API.o
                0x00009d9e                getIntr1
 .text.MAX30102_convertionRdy
                0x00009dba       0x10 ./source/MAX30102_API.o
                0x00009dba                MAX30102_convertionRdy
 .text.do_nothing
                0x00009dca        0xe ./source/PIT_driver.o
                0x00009dca                do_nothing
 .text.rf_linear_regression_beta
                0x00009dd8       0x88 ./source/algorithm_by_RF.o
                0x00009dd8                rf_linear_regression_beta
 .text.rf_autocorrelation
                0x00009e60       0x96 ./source/algorithm_by_RF.o
                0x00009e60                rf_autocorrelation
 .text.rf_initialize_periodicity_search
                0x00009ef6       0xfe ./source/algorithm_by_RF.o
                0x00009ef6                rf_initialize_periodicity_search
 .text.rf_signal_periodicity
                0x00009ff4      0x126 ./source/algorithm_by_RF.o
                0x00009ff4                rf_signal_periodicity
 .text.rf_rms   0x0000a11a       0xa4 ./source/algorithm_by_RF.o
                0x0000a11a                rf_rms
 .text.rf_Pcorrelation
                0x0000a1be       0x84 ./source/algorithm_by_RF.o
                0x0000a1be                rf_Pcorrelation
 .text.HC05init
                0x0000a242       0x1a ./source/hc05.o
                0x0000a242                HC05init
 .text.HC05trasmit
                0x0000a25c       0x22 ./source/hc05.o
                0x0000a25c                HC05trasmit
 .text.delayLoop
                0x0000a27e       0x24 ./source/i2c.o
                0x0000a27e                delayLoop
 .text.initPackage
                0x0000a2a2       0x18 ./source/packageTxHandler.o
                0x0000a2a2                initPackage
 .text.enableUARTinterrupt
                0x0000a2ba       0x32 ./source/uart.o
                0x0000a2ba                enableUARTinterrupt
 .text.disableUARTinterrupt
                0x0000a2ec       0x32 ./source/uart.o
                0x0000a2ec                disableUARTinterrupt
 .text.main     0x0000a31e       0x1a ./SDK/startup/main.o
                0x0000a31e                main
 .text.HardFault_Handler
                0x0000a338       0x2c ./SDK/startup/semihost_hardfault.o
                0x0000a338                HardFault_Handler
 .text.DMA3_IRQHandler
                0x0000a364        0x8 ./SDK/startup/startup_mk64f12.o
                0x0000a364                DMA3_IRQHandler
 .text.DMA4_IRQHandler
                0x0000a36c        0x8 ./SDK/startup/startup_mk64f12.o
                0x0000a36c                DMA4_IRQHandler
 .text.DMA5_IRQHandler
                0x0000a374        0x8 ./SDK/startup/startup_mk64f12.o
                0x0000a374                DMA5_IRQHandler
 .text.DMA6_IRQHandler
                0x0000a37c        0x8 ./SDK/startup/startup_mk64f12.o
                0x0000a37c                DMA6_IRQHandler
 .text.DMA7_IRQHandler
                0x0000a384        0x8 ./SDK/startup/startup_mk64f12.o
                0x0000a384                DMA7_IRQHandler
 .text.DMA8_IRQHandler
                0x0000a38c        0x8 ./SDK/startup/startup_mk64f12.o
                0x0000a38c                DMA8_IRQHandler
 .text.DMA9_IRQHandler
                0x0000a394        0x8 ./SDK/startup/startup_mk64f12.o
                0x0000a394                DMA9_IRQHandler
 .text.DMA10_IRQHandler
                0x0000a39c        0x8 ./SDK/startup/startup_mk64f12.o
                0x0000a39c                DMA10_IRQHandler
 .text.DMA11_IRQHandler
                0x0000a3a4        0x8 ./SDK/startup/startup_mk64f12.o
                0x0000a3a4                DMA11_IRQHandler
 .text.DMA12_IRQHandler
                0x0000a3ac        0x8 ./SDK/startup/startup_mk64f12.o
                0x0000a3ac                DMA12_IRQHandler
 .text.DMA13_IRQHandler
                0x0000a3b4        0x8 ./SDK/startup/startup_mk64f12.o
                0x0000a3b4                DMA13_IRQHandler
 .text.DMA14_IRQHandler
                0x0000a3bc        0x8 ./SDK/startup/startup_mk64f12.o
                0x0000a3bc                DMA14_IRQHandler
 .text.DMA15_IRQHandler
                0x0000a3c4        0x8 ./SDK/startup/startup_mk64f12.o
                0x0000a3c4                DMA15_IRQHandler
 .text.DMA_Error_IRQHandler
                0x0000a3cc        0x8 ./SDK/startup/startup_mk64f12.o
                0x0000a3cc                DMA_Error_IRQHandler
 .text.MCM_IRQHandler
                0x0000a3d4        0x8 ./SDK/startup/startup_mk64f12.o
                0x0000a3d4                MCM_IRQHandler
 .text.FTFE_IRQHandler
                0x0000a3dc        0x8 ./SDK/startup/startup_mk64f12.o
                0x0000a3dc                FTFE_IRQHandler
 .text.Read_Collision_IRQHandler
                0x0000a3e4        0x8 ./SDK/startup/startup_mk64f12.o
                0x0000a3e4                Read_Collision_IRQHandler
 .text.LVD_LVW_IRQHandler
                0x0000a3ec        0x8 ./SDK/startup/startup_mk64f12.o
                0x0000a3ec                LVD_LVW_IRQHandler
 .text.LLWU_IRQHandler
                0x0000a3f4        0x8 ./SDK/startup/startup_mk64f12.o
                0x0000a3f4                LLWU_IRQHandler
 .text.WDOG_EWM_IRQHandler
                0x0000a3fc        0x8 ./SDK/startup/startup_mk64f12.o
                0x0000a3fc                WDOG_EWM_IRQHandler
 .text.RNG_IRQHandler
                0x0000a404        0x8 ./SDK/startup/startup_mk64f12.o
                0x0000a404                RNG_IRQHandler
 .text.SPI0_IRQHandler
                0x0000a40c        0x8 ./SDK/startup/startup_mk64f12.o
                0x0000a40c                SPI0_IRQHandler
 .text.SPI1_IRQHandler
                0x0000a414        0x8 ./SDK/startup/startup_mk64f12.o
                0x0000a414                SPI1_IRQHandler
 .text.I2S0_Tx_IRQHandler
                0x0000a41c        0x8 ./SDK/startup/startup_mk64f12.o
                0x0000a41c                I2S0_Tx_IRQHandler
 .text.I2S0_Rx_IRQHandler
                0x0000a424        0x8 ./SDK/startup/startup_mk64f12.o
                0x0000a424                I2S0_Rx_IRQHandler
 .text.UART0_LON_IRQHandler
                0x0000a42c        0x8 ./SDK/startup/startup_mk64f12.o
                0x0000a42c                UART0_LON_IRQHandler
 .text.UART0_ERR_IRQHandler
                0x0000a434        0x8 ./SDK/startup/startup_mk64f12.o
                0x0000a434                UART0_ERR_IRQHandler
 .text.UART1_ERR_IRQHandler
                0x0000a43c        0x8 ./SDK/startup/startup_mk64f12.o
                0x0000a43c                UART1_ERR_IRQHandler
 .text.UART2_RX_TX_IRQHandler
                0x0000a444        0x8 ./SDK/startup/startup_mk64f12.o
                0x0000a444                UART2_RX_TX_IRQHandler
 .text.UART2_ERR_IRQHandler
                0x0000a44c        0x8 ./SDK/startup/startup_mk64f12.o
                0x0000a44c                UART2_ERR_IRQHandler
 .text.UART3_ERR_IRQHandler
                0x0000a454        0x8 ./SDK/startup/startup_mk64f12.o
                0x0000a454                UART3_ERR_IRQHandler
 .text.CMP0_IRQHandler
                0x0000a45c        0x8 ./SDK/startup/startup_mk64f12.o
                0x0000a45c                CMP0_IRQHandler
 .text.CMP1_IRQHandler
                0x0000a464        0x8 ./SDK/startup/startup_mk64f12.o
                0x0000a464                CMP1_IRQHandler
 .text.FTM0_IRQHandler
                0x0000a46c        0x8 ./SDK/startup/startup_mk64f12.o
                0x0000a46c                FTM0_IRQHandler
 .text.FTM1_IRQHandler
                0x0000a474        0x8 ./SDK/startup/startup_mk64f12.o
                0x0000a474                FTM1_IRQHandler
 .text.FTM2_IRQHandler
                0x0000a47c        0x8 ./SDK/startup/startup_mk64f12.o
                0x0000a47c                FTM2_IRQHandler
 .text.CMT_IRQHandler
                0x0000a484        0x8 ./SDK/startup/startup_mk64f12.o
                0x0000a484                CMT_IRQHandler
 .text.RTC_IRQHandler
                0x0000a48c        0x8 ./SDK/startup/startup_mk64f12.o
                0x0000a48c                RTC_IRQHandler
 .text.RTC_Seconds_IRQHandler
                0x0000a494        0x8 ./SDK/startup/startup_mk64f12.o
                0x0000a494                RTC_Seconds_IRQHandler
 .text.PDB0_IRQHandler
                0x0000a49c        0x8 ./SDK/startup/startup_mk64f12.o
                0x0000a49c                PDB0_IRQHandler
 .text.USB0_IRQHandler
                0x0000a4a4        0x8 ./SDK/startup/startup_mk64f12.o
                0x0000a4a4                USB0_IRQHandler
 .text.USBDCD_IRQHandler
                0x0000a4ac        0x8 ./SDK/startup/startup_mk64f12.o
                0x0000a4ac                USBDCD_IRQHandler
 .text.Reserved71_IRQHandler
                0x0000a4b4        0x8 ./SDK/startup/startup_mk64f12.o
                0x0000a4b4                Reserved71_IRQHandler
 .text.DAC0_IRQHandler
                0x0000a4bc        0x8 ./SDK/startup/startup_mk64f12.o
                0x0000a4bc                DAC0_IRQHandler
 .text.MCG_IRQHandler
                0x0000a4c4        0x8 ./SDK/startup/startup_mk64f12.o
                0x0000a4c4                MCG_IRQHandler
 .text.LPTMR0_IRQHandler
                0x0000a4cc        0x8 ./SDK/startup/startup_mk64f12.o
                0x0000a4cc                LPTMR0_IRQHandler
 .text.PORTB_IRQHandler
                0x0000a4d4        0x8 ./SDK/startup/startup_mk64f12.o
                0x0000a4d4                PORTB_IRQHandler
 .text.PORTD_IRQHandler
                0x0000a4dc        0x8 ./SDK/startup/startup_mk64f12.o
                0x0000a4dc                PORTD_IRQHandler
 .text.PORTE_IRQHandler
                0x0000a4e4        0x8 ./SDK/startup/startup_mk64f12.o
                0x0000a4e4                PORTE_IRQHandler
 .text.SWI_IRQHandler
                0x0000a4ec        0x8 ./SDK/startup/startup_mk64f12.o
                0x0000a4ec                SWI_IRQHandler
 .text.SPI2_IRQHandler
                0x0000a4f4        0x8 ./SDK/startup/startup_mk64f12.o
                0x0000a4f4                SPI2_IRQHandler
 .text.UART4_RX_TX_IRQHandler
                0x0000a4fc        0x8 ./SDK/startup/startup_mk64f12.o
                0x0000a4fc                UART4_RX_TX_IRQHandler
 .text.UART4_ERR_IRQHandler
                0x0000a504        0x8 ./SDK/startup/startup_mk64f12.o
                0x0000a504                UART4_ERR_IRQHandler
 .text.UART5_RX_TX_IRQHandler
                0x0000a50c        0x8 ./SDK/startup/startup_mk64f12.o
                0x0000a50c                UART5_RX_TX_IRQHandler
 .text.UART5_ERR_IRQHandler
                0x0000a514        0x8 ./SDK/startup/startup_mk64f12.o
                0x0000a514                UART5_ERR_IRQHandler
 .text.CMP2_IRQHandler
                0x0000a51c        0x8 ./SDK/startup/startup_mk64f12.o
                0x0000a51c                CMP2_IRQHandler
 .text.FTM3_IRQHandler
                0x0000a524        0x8 ./SDK/startup/startup_mk64f12.o
                0x0000a524                FTM3_IRQHandler
 .text.DAC1_IRQHandler
                0x0000a52c        0x8 ./SDK/startup/startup_mk64f12.o
                0x0000a52c                DAC1_IRQHandler
 .text.ADC1_IRQHandler
                0x0000a534        0x8 ./SDK/startup/startup_mk64f12.o
                0x0000a534                ADC1_IRQHandler
 .text.I2C2_IRQHandler
                0x0000a53c        0x8 ./SDK/startup/startup_mk64f12.o
                0x0000a53c                I2C2_IRQHandler
 .text.CAN0_ORed_Message_buffer_IRQHandler
                0x0000a544        0x8 ./SDK/startup/startup_mk64f12.o
                0x0000a544                CAN0_ORed_Message_buffer_IRQHandler
 .text.CAN0_Bus_Off_IRQHandler
                0x0000a54c        0x8 ./SDK/startup/startup_mk64f12.o
                0x0000a54c                CAN0_Bus_Off_IRQHandler
 .text.CAN0_Error_IRQHandler
                0x0000a554        0x8 ./SDK/startup/startup_mk64f12.o
                0x0000a554                CAN0_Error_IRQHandler
 .text.CAN0_Tx_Warning_IRQHandler
                0x0000a55c        0x8 ./SDK/startup/startup_mk64f12.o
                0x0000a55c                CAN0_Tx_Warning_IRQHandler
 .text.CAN0_Rx_Warning_IRQHandler
                0x0000a564        0x8 ./SDK/startup/startup_mk64f12.o
                0x0000a564                CAN0_Rx_Warning_IRQHandler
 .text.CAN0_Wake_Up_IRQHandler
                0x0000a56c        0x8 ./SDK/startup/startup_mk64f12.o
                0x0000a56c                CAN0_Wake_Up_IRQHandler
 .text.SDHC_IRQHandler
                0x0000a574        0x8 ./SDK/startup/startup_mk64f12.o
                0x0000a574                SDHC_IRQHandler
 .text.ENET_1588_Timer_IRQHandler
                0x0000a57c        0x8 ./SDK/startup/startup_mk64f12.o
                0x0000a57c                ENET_1588_Timer_IRQHandler
 .text.ENET_Transmit_IRQHandler
                0x0000a584        0x8 ./SDK/startup/startup_mk64f12.o
                0x0000a584                ENET_Transmit_IRQHandler
 .text.ENET_Receive_IRQHandler
                0x0000a58c        0x8 ./SDK/startup/startup_mk64f12.o
                0x0000a58c                ENET_Receive_IRQHandler
 .text.ENET_Error_IRQHandler
                0x0000a594        0x8 ./SDK/startup/startup_mk64f12.o
                0x0000a594                ENET_Error_IRQHandler
 .text.SystemInitHook
                0x0000a59c        0xe ./SDK/CMSIS/system_MK64F12.o
                0x0000a59c                SystemInitHook
 .text.memcpy   0x0000a5aa        0x4 c:/nxp/mcuxpressoide_10.2.0_759/ide/tools/bin/../lib/gcc/arm-none-eabi/7.2.1/../../../../arm-none-eabi/lib/thumb/v7e-m/fpv4-sp/hard\libcr_c.a(memcpy.o)
                0x0000a5aa                memcpy
 .text.memmove  0x0000a5ae        0x4 c:/nxp/mcuxpressoide_10.2.0_759/ide/tools/bin/../lib/gcc/arm-none-eabi/7.2.1/../../../../arm-none-eabi/lib/thumb/v7e-m/fpv4-sp/hard\libcr_c.a(memmove.o)
                0x0000a5ae                memmove
 .text.__aeabi_dcmplt
                0x0000a5b2       0x58 c:/nxp/mcuxpressoide_10.2.0_759/ide/tools/bin/../lib/gcc/arm-none-eabi/7.2.1/thumb/v7e-m/fpv4-sp/hard\libcr_eabihelpers.a(double.o)
                0x0000a5b2                __aeabi_dcmplt
 .text.__aeabi_dcmpgt
                0x0000a60a       0x58 c:/nxp/mcuxpressoide_10.2.0_759/ide/tools/bin/../lib/gcc/arm-none-eabi/7.2.1/thumb/v7e-m/fpv4-sp/hard\libcr_eabihelpers.a(double.o)
                0x0000a60a                __aeabi_dcmpgt
 .text.__aeabi_dcmple
                0x0000a662       0x5a c:/nxp/mcuxpressoide_10.2.0_759/ide/tools/bin/../lib/gcc/arm-none-eabi/7.2.1/thumb/v7e-m/fpv4-sp/hard\libcr_eabihelpers.a(double.o)
                0x0000a662                __aeabi_dcmple
 .text.__aeabi_memcpy
                0x0000a6bc       0x34 c:/nxp/mcuxpressoide_10.2.0_759/ide/tools/bin/../lib/gcc/arm-none-eabi/7.2.1/thumb/v7e-m/fpv4-sp/hard\libcr_eabihelpers.a(memcpy.o)
                0x0000a6bc                __aeabi_memcpy
                0x0000a6c6                __aeabi_memcpy8
                0x0000a6c6                __aeabi_memcpy4
 .text.__aeabi_memmove
                0x0000a6f0       0x1c c:/nxp/mcuxpressoide_10.2.0_759/ide/tools/bin/../lib/gcc/arm-none-eabi/7.2.1/thumb/v7e-m/fpv4-sp/hard\libcr_eabihelpers.a(memcpy.o)
                0x0000a6f0                __aeabi_memmove
                0x0000a6f0                __aeabi_memmove4
                0x0000a6f0                __aeabi_memmove8
 *(SORT_BY_ALIGNMENT(.rodata) SORT_BY_ALIGNMENT(.rodata.*) SORT_BY_ALIGNMENT(.constdata) SORT_BY_ALIGNMENT(.constdata.*))
 *fill*         0x0000a70c        0x4 ff
 .rodata.__huge_val
                0x0000a710        0x8 c:/nxp/mcuxpressoide_10.2.0_759/ide/tools/bin/../lib/gcc/arm-none-eabi/7.2.1/../../../../arm-none-eabi/lib/thumb/v7e-m/fpv4-sp/hard\libcr_c.a(_hugeval.o)
                0x0000a710                __huge_val
 .rodata        0x0000a718      0x508 C:\Users\Tobias Scala\Documents\MCUXpressoIDE_10.2.0_759\HC05\lib\helix\libhelix.a(mp3tabs.o)
                0x0000a718                xmp3fixpt_sfBandTable
                0x0000a9b4                xmp3fixpt_slotTab
                0x0000aac4                xmp3fixpt_sideBytesTab
                0x0000aad0                xmp3fixpt_bitsPerSlotTab
                0x0000aad8                xmp3fixpt_samplesPerFrameTab
                0x0000aaec                xmp3fixpt_bitrateTab
                0x0000abfc                xmp3fixpt_samplerateTab
 .rodata        0x0000ac20      0x250 C:\Users\Tobias Scala\Documents\MCUXpressoIDE_10.2.0_759\HC05\lib\helix\libhelix.a(dqchan.o)
 .rodata        0x0000ae70     0x2304 C:\Users\Tobias Scala\Documents\MCUXpressoIDE_10.2.0_759\HC05\lib\helix\libhelix.a(hufftabs.o)
                0x0000ae70                xmp3fixpt_quadTabMaxBits
                0x0000ae78                xmp3fixpt_quadTabOffset
                0x0000ae80                xmp3fixpt_quadTable
                0x0000aed0                xmp3fixpt_huffTabLookup
                0x0000afd0                xmp3fixpt_huffTabOffset
                0x0000b050                xmp3fixpt_huffTable
 .rodata        0x0000d174       0x6c C:\Users\Tobias Scala\Documents\MCUXpressoIDE_10.2.0_759\HC05\lib\helix\libhelix.a(imdct.o)
 .rodata        0x0000d1e0       0x68 C:\Users\Tobias Scala\Documents\MCUXpressoIDE_10.2.0_759\HC05\lib\helix\libhelix.a(scalfact.o)
 .rodata        0x0000d248      0x86c C:\Users\Tobias Scala\Documents\MCUXpressoIDE_10.2.0_759\HC05\lib\helix\libhelix.a(trigtabs_fixpt.o)
                0x0000d248                xmp3fixpt_polyCoef
                0x0000d668                xmp3fixpt_coef32
                0x0000d6e4                xmp3fixpt_csa
                0x0000d724                xmp3fixpt_uniqueIDTab
                0x0000d72c                xmp3fixpt_ISFIIP
                0x0000d73c                xmp3fixpt_ISFMpeg2
                0x0000d83c                xmp3fixpt_ISFMpeg1
                0x0000d874                xmp3fixpt_imdctWin
 .rodata        0x0000dab4       0xc0 C:\Users\Tobias Scala\Documents\MCUXpressoIDE_10.2.0_759\HC05\lib\helix\libhelix.a(dct32.o)
                0x0000db78                . = ALIGN (0x8)
 *fill*         0x0000db74        0x4 ff

.glue_7         0x0000db78        0x0
 .glue_7        0x0000db78        0x0 linker stubs

.glue_7t        0x0000db78        0x0
 .glue_7t       0x0000db78        0x0 linker stubs

.vfp11_veneer   0x0000db78        0x0
 .vfp11_veneer  0x0000db78        0x0 linker stubs

.v4_bx          0x0000db78        0x0
 .v4_bx         0x0000db78        0x0 linker stubs

.iplt           0x0000db78        0x0
 .iplt          0x0000db78        0x0 ./source/AD8232_APIv2.o

.rel.dyn        0x0000db78        0x0
 .rel.iplt      0x0000db78        0x0 ./source/AD8232_APIv2.o

.ARM.extab
 *(SORT_BY_ALIGNMENT(.ARM.extab*) SORT_BY_ALIGNMENT(.gnu.linkonce.armextab.*))
                0x0000db78                __exidx_start = .

.ARM.exidx
 *(SORT_BY_ALIGNMENT(.ARM.exidx*) SORT_BY_ALIGNMENT(.gnu.linkonce.armexidx.*))
                0x0000db78                __exidx_end = .
                0x0000db78                _etext = .

.m_usb_data
 *(SORT_BY_ALIGNMENT(m_usb_bdt))

.data_RAM2      0x1fff0000        0x0 load address 0x0000db78
 FILL mask 0xff
                [!provide]                PROVIDE (__start_data_RAM2, .)
 *(SORT_BY_ALIGNMENT(.ramfunc.$RAM2))
 *(SORT_BY_ALIGNMENT(.ramfunc.$SRAM_LOWER))
 *(SORT_BY_ALIGNMENT(.data.$RAM2*))
 *(SORT_BY_ALIGNMENT(.data.$SRAM_LOWER*))
                0x1fff0000                . = ALIGN (0x8)
                [!provide]                PROVIDE (__end_data_RAM2, .)

.data_RAM3      0x14000000        0x0 load address 0x0000db78
 FILL mask 0xff
                [!provide]                PROVIDE (__start_data_RAM3, .)
 *(SORT_BY_ALIGNMENT(.ramfunc.$RAM3))
 *(SORT_BY_ALIGNMENT(.ramfunc.$FLEX_RAM))
 *(SORT_BY_ALIGNMENT(.data.$RAM3*))
 *(SORT_BY_ALIGNMENT(.data.$FLEX_RAM*))
                0x14000000                . = ALIGN (0x8)
                [!provide]                PROVIDE (__end_data_RAM3, .)

.uninit_RESERVED
                0x20000000        0x0
 *(SORT_BY_ALIGNMENT(.bss.$RESERVED*))
                0x20000000                . = ALIGN (0x4)
                0x20000000                _end_uninit_RESERVED = .

.data           0x20000000     0x5268 load address 0x0000db78
 FILL mask 0xff
                0x20000000                _data = .
 *(SORT_BY_ALIGNMENT(vtable))
 *(SORT_BY_ALIGNMENT(.ramfunc*))
 *(SORT_BY_ALIGNMENT(.data*))
 .data.wrngs.5213
                0x20000000        0x3 ./source/App.o
 *fill*         0x20000003        0x1 ff
 .data.adc      0x20000004        0x8 ./source/adc.o
 .data.n_last_peak_interval.5712
                0x2000000c        0x4 ./source/algorithm_by_RF.o
 .data.cardio_array
                0x20000010     0x1e21 ./source/audio.o
                0x20000010                cardio_array
 *fill*         0x20001e31        0x3 ff
 .data.oxi_array
                0x20001e34     0x1b2d ./source/audio.o
                0x20001e34                oxi_array
 *fill*         0x20003961        0x3 ff
 .data.temp_array
                0x20003964     0x18a5 ./source/audio.o
                0x20003964                temp_array
 *fill*         0x20005209        0x3 ff
 .data.dmamux   0x2000520c        0x4 ./source/dma.o
 .data.dma      0x20005210        0x4 ./source/dma.o
 .data.i2c      0x20005214        0xc ./source/i2c.o
 .data.i2s      0x20005220        0x4 ./source/i2s.o
 .data.port     0x20005224       0x14 ./source/portpin.o
 .data.gpio     0x20005238       0x14 ./source/portpin.o
 .data.uart     0x2000524c       0x14 ./source/uart.o
 .data.datasent
                0x20005260        0x1 ./source/i2s.o
                0x20005268                . = ALIGN (0x8)
 *fill*         0x20005261        0x7 ff
                0x20005268                _edata = .

.igot.plt       0x20005268        0x0 load address 0x00012de0
 .igot.plt      0x20005268        0x0 ./source/AD8232_APIv2.o

.bss_RAM2       0x1fff0000        0x0
                [!provide]                PROVIDE (__start_bss_RAM2, .)
 *(SORT_BY_ALIGNMENT(.bss.$RAM2*))
 *(SORT_BY_ALIGNMENT(.bss.$SRAM_LOWER*))
                0x1fff0000                . = ALIGN ((. != 0x0)?0x8:0x1)
                [!provide]                PROVIDE (__end_bss_RAM2, .)

.bss_RAM3       0x14000000        0x0
                [!provide]                PROVIDE (__start_bss_RAM3, .)
 *(SORT_BY_ALIGNMENT(.bss.$RAM3*))
 *(SORT_BY_ALIGNMENT(.bss.$FLEX_RAM*))
                0x14000000                . = ALIGN ((. != 0x0)?0x8:0x1)
                [!provide]                PROVIDE (__end_bss_RAM3, .)

.bss            0x20005268     0x80f8
                0x20005268                _bss = .
 *(SORT_BY_ALIGNMENT(.bss*))
 .bss.cardiobuff
                0x20005268      0x1f4 ./source/AD8232_APIv2.o
                0x20005268                cardiobuff
 .bss.OXIir     0x2000545c      0x190 ./source/App.o
 .bss.OXIred    0x200055ec      0x190 ./source/App.o
 .bss.CARDIOecg
                0x2000577c      0x1f4 ./source/App.o
 .bss.OXIspo2   0x20005970        0x4 ./source/App.o
 .bss.OXIhr     0x20005974        0x4 ./source/App.o
 .bss.TEMPtemp  0x20005978        0x4 ./source/App.o
 .bss._ambientLigth
                0x2000597c        0x1 ./source/MAX30102_API.o
                0x2000597c                _ambientLigth
 *fill*         0x2000597d        0x3 
 .bss.OXIi2cmsg
                0x20005980        0x4 ./source/MAX30102_API.o
                0x20005980                OXIi2cmsg
 .bss.buffIR    0x20005984      0x190 ./source/MAX30102_API.o
 .bss.buffRED   0x20005b14      0x190 ./source/MAX30102_API.o
 .bss.PIT_array
                0x20005ca4       0x30 ./source/PIT_driver.o
 .bss.adcsamples
                0x20005cd4      0x200 ./source/adc.o
 .bss.hMP3dec   0x20005ed4        0x4 ./source/audio.o
 .bss.buff2send
                0x20005ed8      0x480 ./source/audio.o
 .bss.cardio_ptr
                0x20006358        0x4 ./source/audio.o
 .bss.oxi_ptr   0x2000635c        0x4 ./source/audio.o
 .bss.temp_ptr  0x20006360        0x4 ./source/audio.o
 .bss.mp3ptr.5769
                0x20006364        0x4 ./source/audio.o
 .bss.callback  0x20006368       0x80 ./source/dma.o
 .bss.data_     0x200063e8      0x200 ./source/i2c.o
 .bss.i2cinfo   0x200065e8        0xa ./source/i2c.o
 *fill*         0x200065f2        0x2 
 .bss.data2send
                0x200065f4      0x480 ./source/i2s.o
 .bss.sensorsData
                0x20006a74      0x3b0 ./source/packageTxHandler.o
 .bss.isrpin    0x20006e24       0x28 ./source/portpin.o
 .bss.txfifo    0x20006e4c      0x3ee ./source/uart.o
 *fill*         0x2000723a        0x2 
 .bss.rxfifo    0x2000723c      0x3ee ./source/uart.o
 *fill*         0x2000762a        0x2 
 .bss.UDAi2cmsg
                0x2000762c        0x3 ./source/uda1380.o
                0x2000762c                UDAi2cmsg
 *fill*         0x2000762f        0x1 
 .bss.__LDM_interruptDisableCount
                0x20007630        0x4 ./SDK/startup/hardware.o
 .bss           0x20007634     0x5d08 C:\Users\Tobias Scala\Documents\MCUXpressoIDE_10.2.0_759\HC05\lib\helix\libhelix.a(buffers.o)
 .bss.errno     0x2000d33c        0x4 c:/nxp/mcuxpressoide_10.2.0_759/ide/tools/bin/../lib/gcc/arm-none-eabi/7.2.1/../../../../arm-none-eabi/lib/thumb/v7e-m/fpv4-sp/hard\libcr_c.a(errno.o)
                0x2000d33c                errno
 .bss.adcNsamp  0x2000d340        0x2 ./source/adc.o
 .bss.i.6865    0x2000d342        0x2 ./source/adc.o
 .bss.bytesleft.5773
                0x2000d344        0x2 ./source/audio.o
 .bss.bytesdec.5774
                0x2000d346        0x2 ./source/audio.o
 .bss.wrngmsg.5214
                0x2000d348        0x1 ./source/App.o
 .bss._interruptEnable1
                0x2000d349        0x1 ./source/MAX30102_API.o
                0x2000d349                _interruptEnable1
 .bss._interruptEnable2
                0x2000d34a        0x1 ./source/MAX30102_API.o
                0x2000d34a                _interruptEnable2
 .bss._fifoConfiguration
                0x2000d34b        0x1 ./source/MAX30102_API.o
                0x2000d34b                _fifoConfiguration
 .bss._modeConfiguration
                0x2000d34c        0x1 ./source/MAX30102_API.o
                0x2000d34c                _modeConfiguration
 .bss._spo2Configuration
                0x2000d34d        0x1 ./source/MAX30102_API.o
                0x2000d34d                _spo2Configuration
 .bss._led1PulseAmplitude
                0x2000d34e        0x1 ./source/MAX30102_API.o
                0x2000d34e                _led1PulseAmplitude
 .bss._led2PulseAmplitude
                0x2000d34f        0x1 ./source/MAX30102_API.o
                0x2000d34f                _led2PulseAmplitude
 .bss._led3PulseAmplitude
                0x2000d350        0x1 ./source/MAX30102_API.o
                0x2000d350                _led3PulseAmplitude
 .bss._pilotPulseAmplitude
                0x2000d351        0x1 ./source/MAX30102_API.o
                0x2000d351                _pilotPulseAmplitude
 .bss._multiLedControl1
                0x2000d352        0x1 ./source/MAX30102_API.o
                0x2000d352                _multiLedControl1
 .bss._multiLedControl2
                0x2000d353        0x1 ./source/MAX30102_API.o
                0x2000d353                _multiLedControl2
 .bss._proxIntThreshold
                0x2000d354        0x1 ./source/MAX30102_API.o
                0x2000d354                _proxIntThreshold
 .bss.OXIdataRdy
                0x2000d355        0x1 ./source/MAX30102_API.o
 .bss.meassureAfected.7175
                0x2000d356        0x1 ./source/MAX30102_API.o
 .bss.i.7176    0x2000d357        0x1 ./source/MAX30102_API.o
 .bss.inited    0x2000d358        0x1 ./source/PIT_driver.o
 .bss.ADCdataRdy
                0x2000d359        0x1 ./source/adc.o
 .bss.playing   0x2000d35a        0x1 ./source/audio.o
 .bss.playing_.5775
                0x2000d35b        0x1 ./source/audio.o
 .bss.count.4949
                0x2000d35c        0x1 ./source/flash.o
 .bss.ECGready  0x2000d35d        0x1 ./source/packageTxHandler.o
 .bss.OXIready  0x2000d35e        0x1 ./source/packageTxHandler.o
 .bss.TEMPready
                0x2000d35f        0x1 ./source/packageTxHandler.o
 *(SORT_BY_ALIGNMENT(COMMON))
                0x2000d360                . = ALIGN (0x8)
                0x2000d360                _ebss = .
                [!provide]                PROVIDE (end, .)

.noinit_RAM2    0x1fff0000        0x0
 *(SORT_BY_ALIGNMENT(.noinit.$RAM2*))
 *(SORT_BY_ALIGNMENT(.noinit.$SRAM_LOWER*))
                0x1fff0000                . = ALIGN (0x8)

.noinit_RAM3    0x14000000        0x0
 *(SORT_BY_ALIGNMENT(.noinit.$RAM3*))
 *(SORT_BY_ALIGNMENT(.noinit.$FLEX_RAM*))
                0x14000000                . = ALIGN (0x8)

.noinit         0x2000d360        0x0
                0x2000d360                _noinit = .
 *(SORT_BY_ALIGNMENT(.noinit*))
                0x2000d360                . = ALIGN (0x8)
                0x2000d360                _end_noinit = .
                0x00001000                _HeapSize = 0x1000

.heap           0x2000d360     0x1000
                0x2000d360                _pvHeapStart = .
                0x2000e360                . = (. + _HeapSize)
 *fill*         0x2000d360     0x1000 
                0x2000e360                . = ALIGN (0x8)
                0x2000e360                _pvHeapLimit = .
                0x00001000                _StackSize = 0x1000

.heap2stackfill
                0x2000e360     0x1000
                0x2000f360                . = (. + _StackSize)
 *fill*         0x2000e360     0x1000 

.stack          0x2002f000        0x0
                0x2002f000                _vStackBase = .
                0x2002f000                . = ALIGN (0x8)
                0x20030000                _vStackTop = (. + _StackSize)
                0x00000000                _image_start = LOADADDR (.text)
                0x00012de0                _image_end = (LOADADDR (.data) + SIZEOF (.data))
                0x00012de0                _image_size = (_image_end - _image_start)
OUTPUT(TPF_ALL.axf elf32-littlearm)

.debug_info     0x00000000    0x1777a
 .debug_info    0x00000000      0x21d ./source/AD8232_APIv2.o
 .debug_info    0x0000021d      0x38f ./source/App.o
 .debug_info    0x000005ac      0x66c ./source/FreescaleIAP.o
 .debug_info    0x00000c18      0xccc ./source/MAX30102_API.o
 .debug_info    0x000018e4      0x930 ./source/PIT_driver.o
 .debug_info    0x00002214      0xa96 ./source/adc.o
 .debug_info    0x00002caa      0xe57 ./source/algorithm_by_RF.o
 .debug_info    0x00003b01      0xd86 ./source/audio.o
 .debug_info    0x00004887     0x1728 ./source/dma.o
 .debug_info    0x00005faf      0x116 ./source/flash.o
 .debug_info    0x000060c5      0x167 ./source/hc05.o
 .debug_info    0x0000622c      0xba6 ./source/i2c.o
 .debug_info    0x00006dd2      0x8b0 ./source/i2s.o
 .debug_info    0x00007682      0x2c1 ./source/packageTxHandler.o
 .debug_info    0x00007943      0xa76 ./source/portpin.o
 .debug_info    0x000083b9      0xbd1 ./source/uart.o
 .debug_info    0x00008f8a       0xcd ./source/uda1380.o
 .debug_info    0x00009057      0x675 ./SDK/startup/hardware.o
 .debug_info    0x000096cc       0xb7 ./SDK/startup/main.o
 .debug_info    0x00009783       0x3b ./SDK/startup/semihost_hardfault.o
 .debug_info    0x000097be      0x8b0 ./SDK/startup/startup_mk64f12.o
 .debug_info    0x0000a06e      0x5fc ./SDK/CMSIS/system_MK64F12.o
 .debug_info    0x0000a66a      0xb93 C:\Users\Tobias Scala\Documents\MCUXpressoIDE_10.2.0_759\HC05\lib\helix\libhelix.a(mp3dec.o)
 .debug_info    0x0000b1fd      0x1d9 C:\Users\Tobias Scala\Documents\MCUXpressoIDE_10.2.0_759\HC05\lib\helix\libhelix.a(mp3tabs.o)
 .debug_info    0x0000b3d6      0xda1 C:\Users\Tobias Scala\Documents\MCUXpressoIDE_10.2.0_759\HC05\lib\helix\libhelix.a(bitstream.o)
 .debug_info    0x0000c177      0xa51 C:\Users\Tobias Scala\Documents\MCUXpressoIDE_10.2.0_759\HC05\lib\helix\libhelix.a(buffers.o)
 .debug_info    0x0000cbc8      0x987 C:\Users\Tobias Scala\Documents\MCUXpressoIDE_10.2.0_759\HC05\lib\helix\libhelix.a(dequant.o)
 .debug_info    0x0000d54f      0x936 C:\Users\Tobias Scala\Documents\MCUXpressoIDE_10.2.0_759\HC05\lib\helix\libhelix.a(dqchan.o)
 .debug_info    0x0000de85      0xb9e C:\Users\Tobias Scala\Documents\MCUXpressoIDE_10.2.0_759\HC05\lib\helix\libhelix.a(huffman.o)
 .debug_info    0x0000ea23      0x1c2 C:\Users\Tobias Scala\Documents\MCUXpressoIDE_10.2.0_759\HC05\lib\helix\libhelix.a(hufftabs.o)
 .debug_info    0x0000ebe5     0x30aa C:\Users\Tobias Scala\Documents\MCUXpressoIDE_10.2.0_759\HC05\lib\helix\libhelix.a(imdct.o)
 .debug_info    0x00011c8f      0xc09 C:\Users\Tobias Scala\Documents\MCUXpressoIDE_10.2.0_759\HC05\lib\helix\libhelix.a(scalfact.o)
 .debug_info    0x00012898      0xcc5 C:\Users\Tobias Scala\Documents\MCUXpressoIDE_10.2.0_759\HC05\lib\helix\libhelix.a(stproc.o)
 .debug_info    0x0001355d      0x4d1 C:\Users\Tobias Scala\Documents\MCUXpressoIDE_10.2.0_759\HC05\lib\helix\libhelix.a(subband.o)
 .debug_info    0x00013a2e      0x1cc C:\Users\Tobias Scala\Documents\MCUXpressoIDE_10.2.0_759\HC05\lib\helix\libhelix.a(trigtabs_fixpt.o)
 .debug_info    0x00013bfa      0xba8 C:\Users\Tobias Scala\Documents\MCUXpressoIDE_10.2.0_759\HC05\lib\helix\libhelix.a(dct32.o)
 .debug_info    0x000147a2     0x2fd8 C:\Users\Tobias Scala\Documents\MCUXpressoIDE_10.2.0_759\HC05\lib\helix\libhelix.a(polyphase.o)

.debug_abbrev   0x00000000     0x3e11
 .debug_abbrev  0x00000000       0xea ./source/AD8232_APIv2.o
 .debug_abbrev  0x000000ea       0xc6 ./source/App.o
 .debug_abbrev  0x000001b0      0x1c3 ./source/FreescaleIAP.o
 .debug_abbrev  0x00000373      0x20e ./source/MAX30102_API.o
 .debug_abbrev  0x00000581      0x238 ./source/PIT_driver.o
 .debug_abbrev  0x000007b9      0x201 ./source/adc.o
 .debug_abbrev  0x000009ba      0x2a0 ./source/algorithm_by_RF.o
 .debug_abbrev  0x00000c5a      0x2a1 ./source/audio.o
 .debug_abbrev  0x00000efb      0x320 ./source/dma.o
 .debug_abbrev  0x0000121b       0x8c ./source/flash.o
 .debug_abbrev  0x000012a7       0xb6 ./source/hc05.o
 .debug_abbrev  0x0000135d      0x262 ./source/i2c.o
 .debug_abbrev  0x000015bf      0x19a ./source/i2s.o
 .debug_abbrev  0x00001759      0x141 ./source/packageTxHandler.o
 .debug_abbrev  0x0000189a      0x22a ./source/portpin.o
 .debug_abbrev  0x00001ac4      0x226 ./source/uart.o
 .debug_abbrev  0x00001cea       0x8f ./source/uda1380.o
 .debug_abbrev  0x00001d79      0x138 ./SDK/startup/hardware.o
 .debug_abbrev  0x00001eb1       0x7d ./SDK/startup/main.o
 .debug_abbrev  0x00001f2e       0x2f ./SDK/startup/semihost_hardfault.o
 .debug_abbrev  0x00001f5d      0x15c ./SDK/startup/startup_mk64f12.o
 .debug_abbrev  0x000020b9      0x13f ./SDK/CMSIS/system_MK64F12.o
 .debug_abbrev  0x000021f8      0x32b C:\Users\Tobias Scala\Documents\MCUXpressoIDE_10.2.0_759\HC05\lib\helix\libhelix.a(mp3dec.o)
 .debug_abbrev  0x00002523       0x7e C:\Users\Tobias Scala\Documents\MCUXpressoIDE_10.2.0_759\HC05\lib\helix\libhelix.a(mp3tabs.o)
 .debug_abbrev  0x000025a1      0x2b9 C:\Users\Tobias Scala\Documents\MCUXpressoIDE_10.2.0_759\HC05\lib\helix\libhelix.a(bitstream.o)
 .debug_abbrev  0x0000285a      0x1f0 C:\Users\Tobias Scala\Documents\MCUXpressoIDE_10.2.0_759\HC05\lib\helix\libhelix.a(buffers.o)
 .debug_abbrev  0x00002a4a      0x1fa C:\Users\Tobias Scala\Documents\MCUXpressoIDE_10.2.0_759\HC05\lib\helix\libhelix.a(dequant.o)
 .debug_abbrev  0x00002c44      0x207 C:\Users\Tobias Scala\Documents\MCUXpressoIDE_10.2.0_759\HC05\lib\helix\libhelix.a(dqchan.o)
 .debug_abbrev  0x00002e4b      0x236 C:\Users\Tobias Scala\Documents\MCUXpressoIDE_10.2.0_759\HC05\lib\helix\libhelix.a(huffman.o)
 .debug_abbrev  0x00003081       0xb0 C:\Users\Tobias Scala\Documents\MCUXpressoIDE_10.2.0_759\HC05\lib\helix\libhelix.a(hufftabs.o)
 .debug_abbrev  0x00003131      0x374 C:\Users\Tobias Scala\Documents\MCUXpressoIDE_10.2.0_759\HC05\lib\helix\libhelix.a(imdct.o)
 .debug_abbrev  0x000034a5      0x228 C:\Users\Tobias Scala\Documents\MCUXpressoIDE_10.2.0_759\HC05\lib\helix\libhelix.a(scalfact.o)
 .debug_abbrev  0x000036cd      0x201 C:\Users\Tobias Scala\Documents\MCUXpressoIDE_10.2.0_759\HC05\lib\helix\libhelix.a(stproc.o)
 .debug_abbrev  0x000038ce      0x165 C:\Users\Tobias Scala\Documents\MCUXpressoIDE_10.2.0_759\HC05\lib\helix\libhelix.a(subband.o)
 .debug_abbrev  0x00003a33       0x6d C:\Users\Tobias Scala\Documents\MCUXpressoIDE_10.2.0_759\HC05\lib\helix\libhelix.a(trigtabs_fixpt.o)
 .debug_abbrev  0x00003aa0      0x13b C:\Users\Tobias Scala\Documents\MCUXpressoIDE_10.2.0_759\HC05\lib\helix\libhelix.a(dct32.o)
 .debug_abbrev  0x00003bdb      0x236 C:\Users\Tobias Scala\Documents\MCUXpressoIDE_10.2.0_759\HC05\lib\helix\libhelix.a(polyphase.o)

.debug_aranges  0x00000000      0xbe0
 .debug_aranges
                0x00000000       0x38 ./source/AD8232_APIv2.o
 .debug_aranges
                0x00000038       0x28 ./source/App.o
 .debug_aranges
                0x00000060       0x60 ./source/FreescaleIAP.o
 .debug_aranges
                0x000000c0       0xd8 ./source/MAX30102_API.o
 .debug_aranges
                0x00000198       0x80 ./source/PIT_driver.o
 .debug_aranges
                0x00000218       0x60 ./source/adc.o
 .debug_aranges
                0x00000278       0x50 ./source/algorithm_by_RF.o
 .debug_aranges
                0x000002c8       0x48 ./source/audio.o
 .debug_aranges
                0x00000310       0x80 ./source/dma.o
 .debug_aranges
                0x00000390       0x20 ./source/flash.o
 .debug_aranges
                0x000003b0       0x30 ./source/hc05.o
 .debug_aranges
                0x000003e0       0xa0 ./source/i2c.o
 .debug_aranges
                0x00000480       0x48 ./source/i2s.o
 .debug_aranges
                0x000004c8       0x70 ./source/packageTxHandler.o
 .debug_aranges
                0x00000538       0x88 ./source/portpin.o
 .debug_aranges
                0x000005c0       0x68 ./source/uart.o
 .debug_aranges
                0x00000628       0x20 ./source/uda1380.o
 .debug_aranges
                0x00000648       0x30 ./SDK/startup/hardware.o
 .debug_aranges
                0x00000678       0x20 ./SDK/startup/main.o
 .debug_aranges
                0x00000698       0x20 ./SDK/startup/semihost_hardfault.o
 .debug_aranges
                0x000006b8      0x330 ./SDK/startup/startup_mk64f12.o
 .debug_aranges
                0x000009e8       0x30 ./SDK/CMSIS/system_MK64F12.o
 .debug_aranges
                0x00000a18       0x20 C:\Users\Tobias Scala\Documents\MCUXpressoIDE_10.2.0_759\HC05\lib\helix\libhelix.a(mp3dec.o)
 .debug_aranges
                0x00000a38       0x18 C:\Users\Tobias Scala\Documents\MCUXpressoIDE_10.2.0_759\HC05\lib\helix\libhelix.a(mp3tabs.o)
 .debug_aranges
                0x00000a50       0x20 C:\Users\Tobias Scala\Documents\MCUXpressoIDE_10.2.0_759\HC05\lib\helix\libhelix.a(bitstream.o)
 .debug_aranges
                0x00000a70       0x20 C:\Users\Tobias Scala\Documents\MCUXpressoIDE_10.2.0_759\HC05\lib\helix\libhelix.a(buffers.o)
 .debug_aranges
                0x00000a90       0x20 C:\Users\Tobias Scala\Documents\MCUXpressoIDE_10.2.0_759\HC05\lib\helix\libhelix.a(dequant.o)
 .debug_aranges
                0x00000ab0       0x20 C:\Users\Tobias Scala\Documents\MCUXpressoIDE_10.2.0_759\HC05\lib\helix\libhelix.a(dqchan.o)
 .debug_aranges
                0x00000ad0       0x20 C:\Users\Tobias Scala\Documents\MCUXpressoIDE_10.2.0_759\HC05\lib\helix\libhelix.a(huffman.o)
 .debug_aranges
                0x00000af0       0x18 C:\Users\Tobias Scala\Documents\MCUXpressoIDE_10.2.0_759\HC05\lib\helix\libhelix.a(hufftabs.o)
 .debug_aranges
                0x00000b08       0x20 C:\Users\Tobias Scala\Documents\MCUXpressoIDE_10.2.0_759\HC05\lib\helix\libhelix.a(imdct.o)
 .debug_aranges
                0x00000b28       0x20 C:\Users\Tobias Scala\Documents\MCUXpressoIDE_10.2.0_759\HC05\lib\helix\libhelix.a(scalfact.o)
 .debug_aranges
                0x00000b48       0x20 C:\Users\Tobias Scala\Documents\MCUXpressoIDE_10.2.0_759\HC05\lib\helix\libhelix.a(stproc.o)
 .debug_aranges
                0x00000b68       0x20 C:\Users\Tobias Scala\Documents\MCUXpressoIDE_10.2.0_759\HC05\lib\helix\libhelix.a(subband.o)
 .debug_aranges
                0x00000b88       0x18 C:\Users\Tobias Scala\Documents\MCUXpressoIDE_10.2.0_759\HC05\lib\helix\libhelix.a(trigtabs_fixpt.o)
 .debug_aranges
                0x00000ba0       0x20 C:\Users\Tobias Scala\Documents\MCUXpressoIDE_10.2.0_759\HC05\lib\helix\libhelix.a(dct32.o)
 .debug_aranges
                0x00000bc0       0x20 C:\Users\Tobias Scala\Documents\MCUXpressoIDE_10.2.0_759\HC05\lib\helix\libhelix.a(polyphase.o)

.debug_ranges   0x00000000     0x1e48
 .debug_ranges  0x00000000       0x28 ./source/AD8232_APIv2.o
 .debug_ranges  0x00000028       0x18 ./source/App.o
 .debug_ranges  0x00000040       0x50 ./source/FreescaleIAP.o
 .debug_ranges  0x00000090       0xc8 ./source/MAX30102_API.o
 .debug_ranges  0x00000158       0x70 ./source/PIT_driver.o
 .debug_ranges  0x000001c8       0x50 ./source/adc.o
 .debug_ranges  0x00000218       0x40 ./source/algorithm_by_RF.o
 .debug_ranges  0x00000258       0x38 ./source/audio.o
 .debug_ranges  0x00000290       0x70 ./source/dma.o
 .debug_ranges  0x00000300       0x10 ./source/flash.o
 .debug_ranges  0x00000310       0x20 ./source/hc05.o
 .debug_ranges  0x00000330       0x90 ./source/i2c.o
 .debug_ranges  0x000003c0       0x38 ./source/i2s.o
 .debug_ranges  0x000003f8       0x60 ./source/packageTxHandler.o
 .debug_ranges  0x00000458       0x78 ./source/portpin.o
 .debug_ranges  0x000004d0       0x58 ./source/uart.o
 .debug_ranges  0x00000528       0x10 ./source/uda1380.o
 .debug_ranges  0x00000538       0x20 ./SDK/startup/hardware.o
 .debug_ranges  0x00000558       0x10 ./SDK/startup/main.o
 .debug_ranges  0x00000568       0x10 ./SDK/startup/semihost_hardfault.o
 .debug_ranges  0x00000578      0x320 ./SDK/startup/startup_mk64f12.o
 .debug_ranges  0x00000898       0x20 ./SDK/CMSIS/system_MK64F12.o
 .debug_ranges  0x000008b8      0x190 C:\Users\Tobias Scala\Documents\MCUXpressoIDE_10.2.0_759\HC05\lib\helix\libhelix.a(mp3dec.o)
 .debug_ranges  0x00000a48      0x2f8 C:\Users\Tobias Scala\Documents\MCUXpressoIDE_10.2.0_759\HC05\lib\helix\libhelix.a(bitstream.o)
 .debug_ranges  0x00000d40       0x18 C:\Users\Tobias Scala\Documents\MCUXpressoIDE_10.2.0_759\HC05\lib\helix\libhelix.a(buffers.o)
 .debug_ranges  0x00000d58       0x30 C:\Users\Tobias Scala\Documents\MCUXpressoIDE_10.2.0_759\HC05\lib\helix\libhelix.a(dequant.o)
 .debug_ranges  0x00000d88       0x48 C:\Users\Tobias Scala\Documents\MCUXpressoIDE_10.2.0_759\HC05\lib\helix\libhelix.a(dqchan.o)
 .debug_ranges  0x00000dd0       0x70 C:\Users\Tobias Scala\Documents\MCUXpressoIDE_10.2.0_759\HC05\lib\helix\libhelix.a(huffman.o)
 .debug_ranges  0x00000e40      0x810 C:\Users\Tobias Scala\Documents\MCUXpressoIDE_10.2.0_759\HC05\lib\helix\libhelix.a(imdct.o)
 .debug_ranges  0x00001650       0x68 C:\Users\Tobias Scala\Documents\MCUXpressoIDE_10.2.0_759\HC05\lib\helix\libhelix.a(scalfact.o)
 .debug_ranges  0x000016b8      0x1f8 C:\Users\Tobias Scala\Documents\MCUXpressoIDE_10.2.0_759\HC05\lib\helix\libhelix.a(stproc.o)
 .debug_ranges  0x000018b0      0x268 C:\Users\Tobias Scala\Documents\MCUXpressoIDE_10.2.0_759\HC05\lib\helix\libhelix.a(dct32.o)
 .debug_ranges  0x00001b18      0x330 C:\Users\Tobias Scala\Documents\MCUXpressoIDE_10.2.0_759\HC05\lib\helix\libhelix.a(polyphase.o)

.debug_macro    0x00000000    0x14d82
 .debug_macro   0x00000000       0x61 ./source/AD8232_APIv2.o
 .debug_macro   0x00000061      0xa5a ./source/AD8232_APIv2.o
 .debug_macro   0x00000abb       0x22 ./source/AD8232_APIv2.o
 .debug_macro   0x00000add      0x34e ./source/AD8232_APIv2.o
 .debug_macro   0x00000e2b       0x10 ./source/AD8232_APIv2.o
 .debug_macro   0x00000e3b       0x28 ./source/AD8232_APIv2.o
 .debug_macro   0x00000e63       0x66 ./source/App.o
 .debug_macro   0x00000ec9       0x16 ./source/App.o
 .debug_macro   0x00000edf       0x3a ./source/App.o
 .debug_macro   0x00000f19       0x22 ./source/App.o
 .debug_macro   0x00000f3b       0xb0 ./source/FreescaleIAP.o
 .debug_macro   0x00000feb       0x16 ./source/FreescaleIAP.o
 .debug_macro   0x00001001       0x5c ./source/FreescaleIAP.o
 .debug_macro   0x0000105d       0x1c ./source/FreescaleIAP.o
 .debug_macro   0x00001079       0x22 ./source/FreescaleIAP.o
 .debug_macro   0x0000109b       0xdf ./source/FreescaleIAP.o
 .debug_macro   0x0000117a      0xecf ./source/FreescaleIAP.o
 .debug_macro   0x00002049       0x48 ./source/FreescaleIAP.o
 .debug_macro   0x00002091     0xe07b ./source/FreescaleIAP.o
 .debug_macro   0x0001010c       0xcd ./source/MAX30102_API.o
 .debug_macro   0x000101d9       0x10 ./source/MAX30102_API.o
 .debug_macro   0x000101e9       0x10 ./source/MAX30102_API.o
 .debug_macro   0x000101f9     0x122b ./source/MAX30102_API.o
 .debug_macro   0x00011424       0x16 ./source/MAX30102_API.o
 .debug_macro   0x0001143a       0xb2 ./source/PIT_driver.o
 .debug_macro   0x000114ec       0xb0 ./source/adc.o
 .debug_macro   0x0001159c      0x11e ./source/algorithm_by_RF.o
 .debug_macro   0x000116ba       0x1c ./source/algorithm_by_RF.o
 .debug_macro   0x000116d6       0x22 ./source/algorithm_by_RF.o
 .debug_macro   0x000116f8       0x52 ./source/algorithm_by_RF.o
 .debug_macro   0x0001174a       0x17 ./source/algorithm_by_RF.o
 .debug_macro   0x00011761       0x8d ./source/algorithm_by_RF.o
 .debug_macro   0x000117ee       0x35 ./source/algorithm_by_RF.o
 .debug_macro   0x00011823       0x9c ./source/algorithm_by_RF.o
 .debug_macro   0x000118bf      0x174 ./source/algorithm_by_RF.o
 .debug_macro   0x00011a33       0x57 ./source/algorithm_by_RF.o
 .debug_macro   0x00011a8a       0x58 ./source/algorithm_by_RF.o
 .debug_macro   0x00011ae2       0x1f ./source/algorithm_by_RF.o
 .debug_macro   0x00011b01       0x43 ./source/algorithm_by_RF.o
 .debug_macro   0x00011b44       0x20 ./source/algorithm_by_RF.o
 .debug_macro   0x00011b64      0x18e ./source/algorithm_by_RF.o
 .debug_macro   0x00011cf2      0x330 ./source/algorithm_by_RF.o
 .debug_macro   0x00012022      0x1e1 ./source/algorithm_by_RF.o
 .debug_macro   0x00012203      0x155 ./source/audio.o
 .debug_macro   0x00012358       0x10 ./source/audio.o
 .debug_macro   0x00012368       0x10 ./source/audio.o
 .debug_macro   0x00012378       0x1c ./source/audio.o
 .debug_macro   0x00012394       0x10 ./source/audio.o
 .debug_macro   0x000123a4       0x10 ./source/audio.o
 .debug_macro   0x000123b4       0x10 ./source/audio.o
 .debug_macro   0x000123c4      0x17d ./source/dma.o
 .debug_macro   0x00012541      0x32a ./source/dma.o
 .debug_macro   0x0001286b       0x37 ./source/flash.o
 .debug_macro   0x000128a2       0x1c ./source/flash.o
 .debug_macro   0x000128be       0x38 ./source/hc05.o
 .debug_macro   0x000128f6       0xd2 ./source/i2c.o
 .debug_macro   0x000129c8       0xf8 ./source/i2s.o
 .debug_macro   0x00012ac0       0x9d ./source/packageTxHandler.o
 .debug_macro   0x00012b5d       0xbd ./source/portpin.o
 .debug_macro   0x00012c1a       0x22 ./source/portpin.o
 .debug_macro   0x00012c3c       0xfd ./source/uart.o
 .debug_macro   0x00012d39       0xa0 ./source/uda1380.o
 .debug_macro   0x00012dd9       0x16 ./source/uda1380.o
 .debug_macro   0x00012def       0x9c ./SDK/startup/hardware.o
 .debug_macro   0x00012e8b       0x9c ./SDK/startup/main.o
 .debug_macro   0x00012f27       0x11 ./SDK/startup/semihost_hardfault.o
 .debug_macro   0x00012f38       0x29 ./SDK/startup/startup_mk64f12.o
 .debug_macro   0x00012f61       0x80 ./SDK/CMSIS/system_MK64F12.o
 .debug_macro   0x00012fe1      0x115 C:\Users\Tobias Scala\Documents\MCUXpressoIDE_10.2.0_759\HC05\lib\helix\libhelix.a(mp3dec.o)
 .debug_macro   0x000130f6      0x868 C:\Users\Tobias Scala\Documents\MCUXpressoIDE_10.2.0_759\HC05\lib\helix\libhelix.a(mp3dec.o)
 .debug_macro   0x0001395e       0x58 C:\Users\Tobias Scala\Documents\MCUXpressoIDE_10.2.0_759\HC05\lib\helix\libhelix.a(mp3dec.o)
 .debug_macro   0x000139b6       0x22 C:\Users\Tobias Scala\Documents\MCUXpressoIDE_10.2.0_759\HC05\lib\helix\libhelix.a(mp3dec.o)
 .debug_macro   0x000139d8       0x35 C:\Users\Tobias Scala\Documents\MCUXpressoIDE_10.2.0_759\HC05\lib\helix\libhelix.a(mp3dec.o)
 .debug_macro   0x00013a0d       0x9c C:\Users\Tobias Scala\Documents\MCUXpressoIDE_10.2.0_759\HC05\lib\helix\libhelix.a(mp3dec.o)
 .debug_macro   0x00013aa9      0x166 C:\Users\Tobias Scala\Documents\MCUXpressoIDE_10.2.0_759\HC05\lib\helix\libhelix.a(mp3dec.o)
 .debug_macro   0x00013c0f       0x4a C:\Users\Tobias Scala\Documents\MCUXpressoIDE_10.2.0_759\HC05\lib\helix\libhelix.a(mp3dec.o)
 .debug_macro   0x00013c59       0x52 C:\Users\Tobias Scala\Documents\MCUXpressoIDE_10.2.0_759\HC05\lib\helix\libhelix.a(mp3dec.o)
 .debug_macro   0x00013cab       0x16 C:\Users\Tobias Scala\Documents\MCUXpressoIDE_10.2.0_759\HC05\lib\helix\libhelix.a(mp3dec.o)
 .debug_macro   0x00013cc1       0x43 C:\Users\Tobias Scala\Documents\MCUXpressoIDE_10.2.0_759\HC05\lib\helix\libhelix.a(mp3dec.o)
 .debug_macro   0x00013d04      0x180 C:\Users\Tobias Scala\Documents\MCUXpressoIDE_10.2.0_759\HC05\lib\helix\libhelix.a(mp3dec.o)
 .debug_macro   0x00013e84      0x29d C:\Users\Tobias Scala\Documents\MCUXpressoIDE_10.2.0_759\HC05\lib\helix\libhelix.a(mp3dec.o)
 .debug_macro   0x00014121       0x10 C:\Users\Tobias Scala\Documents\MCUXpressoIDE_10.2.0_759\HC05\lib\helix\libhelix.a(mp3dec.o)
 .debug_macro   0x00014131       0x35 C:\Users\Tobias Scala\Documents\MCUXpressoIDE_10.2.0_759\HC05\lib\helix\libhelix.a(mp3dec.o)
 .debug_macro   0x00014166       0x88 C:\Users\Tobias Scala\Documents\MCUXpressoIDE_10.2.0_759\HC05\lib\helix\libhelix.a(mp3dec.o)
 .debug_macro   0x000141ee       0x22 C:\Users\Tobias Scala\Documents\MCUXpressoIDE_10.2.0_759\HC05\lib\helix\libhelix.a(mp3dec.o)
 .debug_macro   0x00014210       0x5b C:\Users\Tobias Scala\Documents\MCUXpressoIDE_10.2.0_759\HC05\lib\helix\libhelix.a(mp3tabs.o)
 .debug_macro   0x0001426b       0x78 C:\Users\Tobias Scala\Documents\MCUXpressoIDE_10.2.0_759\HC05\lib\helix\libhelix.a(bitstream.o)
 .debug_macro   0x000142e3       0xfa C:\Users\Tobias Scala\Documents\MCUXpressoIDE_10.2.0_759\HC05\lib\helix\libhelix.a(bitstream.o)
 .debug_macro   0x000143dd      0x12f C:\Users\Tobias Scala\Documents\MCUXpressoIDE_10.2.0_759\HC05\lib\helix\libhelix.a(buffers.o)
 .debug_macro   0x0001450c       0x16 C:\Users\Tobias Scala\Documents\MCUXpressoIDE_10.2.0_759\HC05\lib\helix\libhelix.a(buffers.o)
 .debug_macro   0x00014522      0x10e C:\Users\Tobias Scala\Documents\MCUXpressoIDE_10.2.0_759\HC05\lib\helix\libhelix.a(buffers.o)
 .debug_macro   0x00014630       0x7f C:\Users\Tobias Scala\Documents\MCUXpressoIDE_10.2.0_759\HC05\lib\helix\libhelix.a(buffers.o)
 .debug_macro   0x000146af       0x16 C:\Users\Tobias Scala\Documents\MCUXpressoIDE_10.2.0_759\HC05\lib\helix\libhelix.a(buffers.o)
 .debug_macro   0x000146c5       0x29 C:\Users\Tobias Scala\Documents\MCUXpressoIDE_10.2.0_759\HC05\lib\helix\libhelix.a(buffers.o)
 .debug_macro   0x000146ee       0x78 C:\Users\Tobias Scala\Documents\MCUXpressoIDE_10.2.0_759\HC05\lib\helix\libhelix.a(dequant.o)
 .debug_macro   0x00014766       0x7e C:\Users\Tobias Scala\Documents\MCUXpressoIDE_10.2.0_759\HC05\lib\helix\libhelix.a(dqchan.o)
 .debug_macro   0x000147e4       0xac C:\Users\Tobias Scala\Documents\MCUXpressoIDE_10.2.0_759\HC05\lib\helix\libhelix.a(huffman.o)
 .debug_macro   0x00014890       0xd3 C:\Users\Tobias Scala\Documents\MCUXpressoIDE_10.2.0_759\HC05\lib\helix\libhelix.a(hufftabs.o)
 .debug_macro   0x00014963       0x78 C:\Users\Tobias Scala\Documents\MCUXpressoIDE_10.2.0_759\HC05\lib\helix\libhelix.a(imdct.o)
 .debug_macro   0x000149db       0x6a C:\Users\Tobias Scala\Documents\MCUXpressoIDE_10.2.0_759\HC05\lib\helix\libhelix.a(scalfact.o)
 .debug_macro   0x00014a45       0x78 C:\Users\Tobias Scala\Documents\MCUXpressoIDE_10.2.0_759\HC05\lib\helix\libhelix.a(stproc.o)
 .debug_macro   0x00014abd       0x78 C:\Users\Tobias Scala\Documents\MCUXpressoIDE_10.2.0_759\HC05\lib\helix\libhelix.a(subband.o)
 .debug_macro   0x00014b35       0x6a C:\Users\Tobias Scala\Documents\MCUXpressoIDE_10.2.0_759\HC05\lib\helix\libhelix.a(trigtabs_fixpt.o)
 .debug_macro   0x00014b9f      0x138 C:\Users\Tobias Scala\Documents\MCUXpressoIDE_10.2.0_759\HC05\lib\helix\libhelix.a(dct32.o)
 .debug_macro   0x00014cd7       0xab C:\Users\Tobias Scala\Documents\MCUXpressoIDE_10.2.0_759\HC05\lib\helix\libhelix.a(polyphase.o)

.debug_line     0x00000000     0x75ff
 .debug_line    0x00000000      0x13f ./source/AD8232_APIv2.o
 .debug_line    0x0000013f      0x163 ./source/App.o
 .debug_line    0x000002a2      0x22c ./source/FreescaleIAP.o
 .debug_line    0x000004ce      0x457 ./source/MAX30102_API.o
 .debug_line    0x00000925      0x2b7 ./source/PIT_driver.o
 .debug_line    0x00000bdc      0x273 ./source/adc.o
 .debug_line    0x00000e4f      0x43e ./source/algorithm_by_RF.o
 .debug_line    0x0000128d      0x3e0 ./source/audio.o
 .debug_line    0x0000166d      0x458 ./source/dma.o
 .debug_line    0x00001ac5       0xde ./source/flash.o
 .debug_line    0x00001ba3       0xe3 ./source/hc05.o
 .debug_line    0x00001c86      0x3de ./source/i2c.o
 .debug_line    0x00002064      0x265 ./source/i2s.o
 .debug_line    0x000022c9      0x1a6 ./source/packageTxHandler.o
 .debug_line    0x0000246f      0x2ce ./source/portpin.o
 .debug_line    0x0000273d      0x30f ./source/uart.o
 .debug_line    0x00002a4c       0xef ./source/uda1380.o
 .debug_line    0x00002b3b      0x1d4 ./SDK/startup/hardware.o
 .debug_line    0x00002d0f      0x175 ./SDK/startup/main.o
 .debug_line    0x00002e84       0x59 ./SDK/startup/semihost_hardfault.o
 .debug_line    0x00002edd      0x6d8 ./SDK/startup/startup_mk64f12.o
 .debug_line    0x000035b5      0x1c7 ./SDK/CMSIS/system_MK64F12.o
 .debug_line    0x0000377c      0x4b8 C:\Users\Tobias Scala\Documents\MCUXpressoIDE_10.2.0_759\HC05\lib\helix\libhelix.a(mp3dec.o)
 .debug_line    0x00003c34       0xe6 C:\Users\Tobias Scala\Documents\MCUXpressoIDE_10.2.0_759\HC05\lib\helix\libhelix.a(mp3tabs.o)
 .debug_line    0x00003d1a      0x574 C:\Users\Tobias Scala\Documents\MCUXpressoIDE_10.2.0_759\HC05\lib\helix\libhelix.a(bitstream.o)
 .debug_line    0x0000428e      0x2e7 C:\Users\Tobias Scala\Documents\MCUXpressoIDE_10.2.0_759\HC05\lib\helix\libhelix.a(buffers.o)
 .debug_line    0x00004575      0x1f8 C:\Users\Tobias Scala\Documents\MCUXpressoIDE_10.2.0_759\HC05\lib\helix\libhelix.a(dequant.o)
 .debug_line    0x0000476d      0x317 C:\Users\Tobias Scala\Documents\MCUXpressoIDE_10.2.0_759\HC05\lib\helix\libhelix.a(dqchan.o)
 .debug_line    0x00004a84      0x364 C:\Users\Tobias Scala\Documents\MCUXpressoIDE_10.2.0_759\HC05\lib\helix\libhelix.a(huffman.o)
 .debug_line    0x00004de8      0x107 C:\Users\Tobias Scala\Documents\MCUXpressoIDE_10.2.0_759\HC05\lib\helix\libhelix.a(hufftabs.o)
 .debug_line    0x00004eef      0xb2f C:\Users\Tobias Scala\Documents\MCUXpressoIDE_10.2.0_759\HC05\lib\helix\libhelix.a(imdct.o)
 .debug_line    0x00005a1e      0x25a C:\Users\Tobias Scala\Documents\MCUXpressoIDE_10.2.0_759\HC05\lib\helix\libhelix.a(scalfact.o)
 .debug_line    0x00005c78      0x637 C:\Users\Tobias Scala\Documents\MCUXpressoIDE_10.2.0_759\HC05\lib\helix\libhelix.a(stproc.o)
 .debug_line    0x000062af      0x1cd C:\Users\Tobias Scala\Documents\MCUXpressoIDE_10.2.0_759\HC05\lib\helix\libhelix.a(subband.o)
 .debug_line    0x0000647c      0x10d C:\Users\Tobias Scala\Documents\MCUXpressoIDE_10.2.0_759\HC05\lib\helix\libhelix.a(trigtabs_fixpt.o)
 .debug_line    0x00006589      0x6bf C:\Users\Tobias Scala\Documents\MCUXpressoIDE_10.2.0_759\HC05\lib\helix\libhelix.a(dct32.o)
 .debug_line    0x00006c48      0x9b7 C:\Users\Tobias Scala\Documents\MCUXpressoIDE_10.2.0_759\HC05\lib\helix\libhelix.a(polyphase.o)

.debug_str      0x00000000    0x81895
 .debug_str     0x00000000     0x38f6 ./source/AD8232_APIv2.o
                               0x3a73 (size before relaxing)
 .debug_str     0x000038f6      0x2e8 ./source/App.o
                               0x3b56 (size before relaxing)
 .debug_str     0x00003bde    0x6d0b5 ./source/FreescaleIAP.o
                              0x708f9 (size before relaxing)
 .debug_str     0x00070c93     0x7368 ./source/MAX30102_API.o
                              0x77aef (size before relaxing)
 .debug_str     0x00077ffb      0x641 ./source/PIT_driver.o
                              0x77769 (size before relaxing)
 .debug_str     0x0007863c      0x17a ./source/adc.o
                              0x777cf (size before relaxing)
 .debug_str     0x000787b6     0x3d93 ./source/algorithm_by_RF.o
                               0x7764 (size before relaxing)
 .debug_str     0x0007c549      0x413 ./source/audio.o
                               0x7872 (size before relaxing)
 .debug_str     0x0007c95c      0x68d ./source/dma.o
                              0x7b8ce (size before relaxing)
 .debug_str     0x0007cfe9       0x2e ./source/flash.o
                               0x3861 (size before relaxing)
 .debug_str     0x0007d017       0x99 ./source/hc05.o
                               0x3873 (size before relaxing)
 .debug_str     0x0007d0b0      0x1cd ./source/i2c.o
                              0x7797a (size before relaxing)
 .debug_str     0x0007d27d      0x198 ./source/i2s.o
                              0x77ad7 (size before relaxing)
 .debug_str     0x0007d415      0x2c6 ./source/packageTxHandler.o
                               0x3b1b (size before relaxing)
 .debug_str     0x0007d6db      0x157 ./source/portpin.o
                              0x777ff (size before relaxing)
 .debug_str     0x0007d832      0x24a ./source/uart.o
                              0x77a4e (size before relaxing)
 .debug_str     0x0007da7c      0x1b1 ./source/uda1380.o
                               0x39ee (size before relaxing)
 .debug_str     0x0007dc2d      0x16f ./SDK/startup/hardware.o
                              0x77201 (size before relaxing)
 .debug_str     0x0007dd9c       0x1b ./SDK/startup/main.o
                              0x76fd5 (size before relaxing)
 .debug_str     0x0007ddb7       0x36 ./SDK/startup/semihost_hardfault.o
                               0x2d3b (size before relaxing)
 .debug_str     0x0007dded      0x733 ./SDK/startup/startup_mk64f12.o
                               0x35a9 (size before relaxing)
 .debug_str     0x0007e520       0x62 ./SDK/CMSIS/system_MK64F12.o
                              0x77110 (size before relaxing)
 .debug_str     0x0007e582     0x14e4 C:\Users\Tobias Scala\Documents\MCUXpressoIDE_10.2.0_759\HC05\lib\helix\libhelix.a(mp3dec.o)
                               0x5e60 (size before relaxing)
 .debug_str     0x0007fa66       0x9c C:\Users\Tobias Scala\Documents\MCUXpressoIDE_10.2.0_759\HC05\lib\helix\libhelix.a(mp3tabs.o)
                               0x33af (size before relaxing)
 .debug_str     0x0007fb02      0x713 C:\Users\Tobias Scala\Documents\MCUXpressoIDE_10.2.0_759\HC05\lib\helix\libhelix.a(bitstream.o)
                               0x3c6f (size before relaxing)
 .debug_str     0x00080215      0x26f C:\Users\Tobias Scala\Documents\MCUXpressoIDE_10.2.0_759\HC05\lib\helix\libhelix.a(buffers.o)
                               0x5508 (size before relaxing)
 .debug_str     0x00080484       0x86 C:\Users\Tobias Scala\Documents\MCUXpressoIDE_10.2.0_759\HC05\lib\helix\libhelix.a(dequant.o)
                               0x3c51 (size before relaxing)
 .debug_str     0x0008050a       0xf5 C:\Users\Tobias Scala\Documents\MCUXpressoIDE_10.2.0_759\HC05\lib\helix\libhelix.a(dqchan.o)
                               0x3b26 (size before relaxing)
 .debug_str     0x000805ff      0x3fc C:\Users\Tobias Scala\Documents\MCUXpressoIDE_10.2.0_759\HC05\lib\helix\libhelix.a(huffman.o)
                               0x3fba (size before relaxing)
 .debug_str     0x000809fb      0x234 C:\Users\Tobias Scala\Documents\MCUXpressoIDE_10.2.0_759\HC05\lib\helix\libhelix.a(hufftabs.o)
                               0x3b27 (size before relaxing)
 .debug_str     0x00080c2f      0x18a C:\Users\Tobias Scala\Documents\MCUXpressoIDE_10.2.0_759\HC05\lib\helix\libhelix.a(imdct.o)
                               0x3cf3 (size before relaxing)
 .debug_str     0x00080db9       0x74 C:\Users\Tobias Scala\Documents\MCUXpressoIDE_10.2.0_759\HC05\lib\helix\libhelix.a(scalfact.o)
                               0x3c60 (size before relaxing)
 .debug_str     0x00080e2d       0x7c C:\Users\Tobias Scala\Documents\MCUXpressoIDE_10.2.0_759\HC05\lib\helix\libhelix.a(stproc.o)
                               0x3a5d (size before relaxing)
 .debug_str     0x00080ea9       0x6c C:\Users\Tobias Scala\Documents\MCUXpressoIDE_10.2.0_759\HC05\lib\helix\libhelix.a(subband.o)
                               0x3a40 (size before relaxing)
 .debug_str     0x00080f15       0x3d C:\Users\Tobias Scala\Documents\MCUXpressoIDE_10.2.0_759\HC05\lib\helix\libhelix.a(trigtabs_fixpt.o)
                               0x388c (size before relaxing)
 .debug_str     0x00080f52      0x3a4 C:\Users\Tobias Scala\Documents\MCUXpressoIDE_10.2.0_759\HC05\lib\helix\libhelix.a(dct32.o)
                               0x3bc7 (size before relaxing)
 .debug_str     0x000812f6      0x59f C:\Users\Tobias Scala\Documents\MCUXpressoIDE_10.2.0_759\HC05\lib\helix\libhelix.a(polyphase.o)
                               0x3dd1 (size before relaxing)

.comment        0x00000000       0xee
 .comment       0x00000000       0x7e ./source/AD8232_APIv2.o
                                 0x7f (size before relaxing)
 .comment       0x0000007e       0x7f ./source/App.o
 .comment       0x0000007e       0x7f ./source/FreescaleIAP.o
 .comment       0x0000007e       0x7f ./source/MAX30102_API.o
 .comment       0x0000007e       0x7f ./source/PIT_driver.o
 .comment       0x0000007e       0x7f ./source/adc.o
 .comment       0x0000007e       0x7f ./source/algorithm_by_RF.o
 .comment       0x0000007e       0x7f ./source/audio.o
 .comment       0x0000007e       0x7f ./source/dma.o
 .comment       0x0000007e       0x7f ./source/flash.o
 .comment       0x0000007e       0x7f ./source/hc05.o
 .comment       0x0000007e       0x7f ./source/i2c.o
 .comment       0x0000007e       0x7f ./source/i2s.o
 .comment       0x0000007e       0x7f ./source/packageTxHandler.o
 .comment       0x0000007e       0x7f ./source/portpin.o
 .comment       0x0000007e       0x7f ./source/uart.o
 .comment       0x0000007e       0x7f ./source/uda1380.o
 .comment       0x0000007e       0x7f ./SDK/startup/hardware.o
 .comment       0x0000007e       0x7f ./SDK/startup/main.o
 .comment       0x0000007e       0x7f ./SDK/startup/semihost_hardfault.o
 .comment       0x0000007e       0x7f ./SDK/startup/startup_mk64f12.o
 .comment       0x0000007e       0x7f ./SDK/CMSIS/system_MK64F12.o
 .comment       0x0000007e       0x70 C:\Users\Tobias Scala\Documents\MCUXpressoIDE_10.2.0_759\HC05\lib\helix\libhelix.a(mp3dec.o)
                                 0x71 (size before relaxing)
 .comment       0x000000ee       0x71 C:\Users\Tobias Scala\Documents\MCUXpressoIDE_10.2.0_759\HC05\lib\helix\libhelix.a(mp3tabs.o)
 .comment       0x000000ee       0x71 C:\Users\Tobias Scala\Documents\MCUXpressoIDE_10.2.0_759\HC05\lib\helix\libhelix.a(bitstream.o)
 .comment       0x000000ee       0x71 C:\Users\Tobias Scala\Documents\MCUXpressoIDE_10.2.0_759\HC05\lib\helix\libhelix.a(buffers.o)
 .comment       0x000000ee       0x71 C:\Users\Tobias Scala\Documents\MCUXpressoIDE_10.2.0_759\HC05\lib\helix\libhelix.a(dequant.o)
 .comment       0x000000ee       0x71 C:\Users\Tobias Scala\Documents\MCUXpressoIDE_10.2.0_759\HC05\lib\helix\libhelix.a(dqchan.o)
 .comment       0x000000ee       0x71 C:\Users\Tobias Scala\Documents\MCUXpressoIDE_10.2.0_759\HC05\lib\helix\libhelix.a(huffman.o)
 .comment       0x000000ee       0x71 C:\Users\Tobias Scala\Documents\MCUXpressoIDE_10.2.0_759\HC05\lib\helix\libhelix.a(hufftabs.o)
 .comment       0x000000ee       0x71 C:\Users\Tobias Scala\Documents\MCUXpressoIDE_10.2.0_759\HC05\lib\helix\libhelix.a(imdct.o)
 .comment       0x000000ee       0x71 C:\Users\Tobias Scala\Documents\MCUXpressoIDE_10.2.0_759\HC05\lib\helix\libhelix.a(scalfact.o)
 .comment       0x000000ee       0x71 C:\Users\Tobias Scala\Documents\MCUXpressoIDE_10.2.0_759\HC05\lib\helix\libhelix.a(stproc.o)
 .comment       0x000000ee       0x71 C:\Users\Tobias Scala\Documents\MCUXpressoIDE_10.2.0_759\HC05\lib\helix\libhelix.a(subband.o)
 .comment       0x000000ee       0x71 C:\Users\Tobias Scala\Documents\MCUXpressoIDE_10.2.0_759\HC05\lib\helix\libhelix.a(trigtabs_fixpt.o)
 .comment       0x000000ee       0x71 C:\Users\Tobias Scala\Documents\MCUXpressoIDE_10.2.0_759\HC05\lib\helix\libhelix.a(dct32.o)
 .comment       0x000000ee       0x71 C:\Users\Tobias Scala\Documents\MCUXpressoIDE_10.2.0_759\HC05\lib\helix\libhelix.a(polyphase.o)
 .comment       0x000000ee       0x7f c:/nxp/mcuxpressoide_10.2.0_759/ide/tools/bin/../lib/gcc/arm-none-eabi/7.2.1/../../../../arm-none-eabi/lib/thumb/v7e-m/fpv4-sp/hard\libcr_c.a(memcpy.o)
 .comment       0x000000ee       0x7f c:/nxp/mcuxpressoide_10.2.0_759/ide/tools/bin/../lib/gcc/arm-none-eabi/7.2.1/../../../../arm-none-eabi/lib/thumb/v7e-m/fpv4-sp/hard\libcr_c.a(memmove.o)
 .comment       0x000000ee       0x7f c:/nxp/mcuxpressoide_10.2.0_759/ide/tools/bin/../lib/gcc/arm-none-eabi/7.2.1/../../../../arm-none-eabi/lib/thumb/v7e-m/fpv4-sp/hard\libcr_c.a(sqrt.o)
 .comment       0x000000ee       0x7f c:/nxp/mcuxpressoide_10.2.0_759/ide/tools/bin/../lib/gcc/arm-none-eabi/7.2.1/../../../../arm-none-eabi/lib/thumb/v7e-m/fpv4-sp/hard\libcr_c.a(_hugeval.o)
 .comment       0x000000ee       0x7f c:/nxp/mcuxpressoide_10.2.0_759/ide/tools/bin/../lib/gcc/arm-none-eabi/7.2.1/../../../../arm-none-eabi/lib/thumb/v7e-m/fpv4-sp/hard\libcr_c.a(errno.o)