Archive member included to satisfy reference by file (symbol)

c:/nxp/mcuxpressoide_10.2.0_759/ide/tools/bin/../lib/gcc/arm-none-eabi/7.2.1/../../../../arm-none-eabi/lib/thumb/v7e-m/fpv4-sp/hard\libcr_c.a(sqrt.o)
                              ./source/algorithm_by_RF.o (sqrt)
c:/nxp/mcuxpressoide_10.2.0_759/ide/tools/bin/../lib/gcc/arm-none-eabi/7.2.1/../../../../arm-none-eabi/lib/thumb/v7e-m/fpv4-sp/hard\libcr_c.a(_hugeval.o)
                              c:/nxp/mcuxpressoide_10.2.0_759/ide/tools/bin/../lib/gcc/arm-none-eabi/7.2.1/../../../../arm-none-eabi/lib/thumb/v7e-m/fpv4-sp/hard\libcr_c.a(sqrt.o) (__huge_val)
c:/nxp/mcuxpressoide_10.2.0_759/ide/tools/bin/../lib/gcc/arm-none-eabi/7.2.1/../../../../arm-none-eabi/lib/thumb/v7e-m/fpv4-sp/hard\libcr_c.a(errno.o)
                              c:/nxp/mcuxpressoide_10.2.0_759/ide/tools/bin/../lib/gcc/arm-none-eabi/7.2.1/../../../../arm-none-eabi/lib/thumb/v7e-m/fpv4-sp/hard\libcr_c.a(sqrt.o) (errno)
c:/nxp/mcuxpressoide_10.2.0_759/ide/tools/bin/../lib/gcc/arm-none-eabi/7.2.1/thumb/v7e-m/fpv4-sp/hard\libcr_eabihelpers.a(double.o)
                              ./source/App.o (__aeabi_dmul)
c:/nxp/mcuxpressoide_10.2.0_759/ide/tools/bin/../lib/gcc/arm-none-eabi/7.2.1/thumb/v7e-m/fpv4-sp/hard\libcr_eabihelpers.a(float.o)
                              ./source/MAX30102_API.o (__aeabi_f2d)

Discarded input sections

 .group         0x00000000        0xc ./source/AD8232_APIv2.o
 .group         0x00000000        0xc ./source/AD8232_APIv2.o
 .group         0x00000000        0xc ./source/AD8232_APIv2.o
 .group         0x00000000        0xc ./source/AD8232_APIv2.o
 .group         0x00000000        0xc ./source/AD8232_APIv2.o
 .text          0x00000000        0x0 ./source/AD8232_APIv2.o
 .data          0x00000000        0x0 ./source/AD8232_APIv2.o
 .bss           0x00000000        0x0 ./source/AD8232_APIv2.o
 .bss.done      0x00000000        0x1 ./source/AD8232_APIv2.o
 .bss.samplesTaken
                0x00000000        0x2 ./source/AD8232_APIv2.o
 .text.AD8232_checkState
                0x00000000       0x26 ./source/AD8232_APIv2.o
 .group         0x00000000        0xc ./source/App.o
 .group         0x00000000        0xc ./source/App.o
 .group         0x00000000        0xc ./source/App.o
 .group         0x00000000        0xc ./source/App.o
 .group         0x00000000        0xc ./source/App.o
 .group         0x00000000        0xc ./source/App.o
 .group         0x00000000        0xc ./source/App.o
 .group         0x00000000        0xc ./source/App.o
 .group         0x00000000        0xc ./source/App.o
 .group         0x00000000        0xc ./source/App.o
 .group         0x00000000        0xc ./source/App.o
 .group         0x00000000        0xc ./source/App.o
 .group         0x00000000        0xc ./source/App.o
 .group         0x00000000        0xc ./source/App.o
 .group         0x00000000        0xc ./source/App.o
 .group         0x00000000        0xc ./source/App.o
 .group         0x00000000        0xc ./source/App.o
 .group         0x00000000        0xc ./source/App.o
 .group         0x00000000        0xc ./source/App.o
 .group         0x00000000        0xc ./source/App.o
 .group         0x00000000        0xc ./source/App.o
 .group         0x00000000        0xc ./source/App.o
 .group         0x00000000        0xc ./source/App.o
 .group         0x00000000        0xc ./source/App.o
 .group         0x00000000        0xc ./source/App.o
 .group         0x00000000        0xc ./source/App.o
 .group         0x00000000        0xc ./source/App.o
 .group         0x00000000        0xc ./source/App.o
 .group         0x00000000        0xc ./source/App.o
 .group         0x00000000        0xc ./source/App.o
 .group         0x00000000        0xc ./source/App.o
 .group         0x00000000        0xc ./source/App.o
 .group         0x00000000        0xc ./source/App.o
 .group         0x00000000        0xc ./source/App.o
 .group         0x00000000        0xc ./source/App.o
 .text          0x00000000        0x0 ./source/App.o
 .data          0x00000000        0x0 ./source/App.o
 .bss           0x00000000        0x0 ./source/App.o
 .rodata.INTR_A_FULL
                0x00000000        0x1 ./source/App.o
 .rodata.INTR_DATA_RDY
                0x00000000        0x1 ./source/App.o
 .rodata.INTR_ALC_OVF
                0x00000000        0x1 ./source/App.o
 .rodata.INTR_PROX
                0x00000000        0x1 ./source/App.o
 .rodata.INTR_PWR_RDY
                0x00000000        0x1 ./source/App.o
 .rodata.INTR_TEMP_RDY
                0x00000000        0x1 ./source/App.o
 .rodata.MASK_SMP_AVE
                0x00000000        0x1 ./source/App.o
 .rodata.MASK_FIFO_ROLLOVER_EN
                0x00000000        0x1 ./source/App.o
 .rodata.MASK_FIFO_A_FULL
                0x00000000        0x1 ./source/App.o
 .rodata.MASK_SHDN
                0x00000000        0x1 ./source/App.o
 .rodata.MASK_RESET
                0x00000000        0x1 ./source/App.o
 .rodata.MASK_MODE
[...]
Memory Configuration

Name             Origin             Length             Attributes
PROGRAM_FLASH    0x00000000         0x00100000         xr
SRAM_UPPER       0x20000000         0x00030000         xrw
SRAM_LOWER       0x1fff0000         0x00010000         xrw
FLEX_RAM         0x14000000         0x00001000         xrw
*default*        0x00000000         0xffffffff

Linker script and memory map

LOAD ./source/AD8232_APIv2.o
LOAD ./source/App.o
LOAD ./source/MAX30102_API.o
LOAD ./source/PIT_driver.o
LOAD ./source/TempSensor.o
LOAD ./source/adc.o
LOAD ./source/algorithm.o
LOAD ./source/algorithm_by_RF.o
LOAD ./source/i2c.o
LOAD ./source/portpin.o
LOAD ./SDK/startup/hardware.o
LOAD ./SDK/startup/main.o
LOAD ./SDK/startup/semihost_hardfault.o
LOAD ./SDK/startup/startup_mk64f12.o
LOAD ./SDK/CMSIS/system_MK64F12.o
LOAD C:\Users\Tobias Scala\Documents\MCUXpressoIDE_10.2.0_759\HC05\lib\helix\libhelix.a
START GROUP
LOAD c:/nxp/mcuxpressoide_10.2.0_759/ide/tools/bin/../lib/gcc/arm-none-eabi/7.2.1/../../../../arm-none-eabi/lib/thumb/v7e-m/fpv4-sp/hard\libcr_c.a
LOAD c:/nxp/mcuxpressoide_10.2.0_759/ide/tools/bin/../lib/gcc/arm-none-eabi/7.2.1/thumb/v7e-m/fpv4-sp/hard\libcr_eabihelpers.a
END GROUP
                0x00000000                __base_PROGRAM_FLASH = 0x0
                0x00000000                __base_Flash = 0x0
                0x00100000                __top_PROGRAM_FLASH = 0x100000
                0x00100000                __top_Flash = 0x100000
                0x20000000                __base_SRAM_UPPER = 0x20000000
                0x20000000                __base_RAM = 0x20000000
                0x20030000                __top_SRAM_UPPER = 0x20030000
                0x20030000                __top_RAM = 0x20030000
                0x1fff0000                __base_SRAM_LOWER = 0x1fff0000
                0x1fff0000                __base_RAM2 = 0x1fff0000
                0x20000000                __top_SRAM_LOWER = 0x20000000
                0x20000000                __top_RAM2 = 0x20000000
                0x14000000                __base_FLEX_RAM = 0x14000000
                0x14000000                __base_RAM3 = 0x14000000
                0x14001000                __top_FLEX_RAM = 0x14001000
                0x14001000                __top_RAM3 = 0x14001000

.text           0x00000000     0x36d0
 FILL mask 0xff
                0x00000000                __vectors_start__ = ABSOLUTE (.)
 *(SORT_BY_ALIGNMENT(.isr_vector))
 .isr_vector    0x00000000      0x198 ./SDK/startup/startup_mk64f12.o
                0x00000000                g_pfnVectors
                0x00000000                __Vectors
                0x00000198                . = ALIGN (0x4)
                0x00000198                __section_table_start = .
                0x00000198                __data_section_table = .
                0x00000198        0x4 LONG 0x36d0 LOADADDR (.data)
                0x0000019c        0x4 LONG 0x20000000 ADDR (.data)
                0x000001a0        0x4 LONG 0x48 SIZEOF (.data)
                0x000001a4        0x4 LONG 0x36d0 LOADADDR (.data_RAM2)
                0x000001a8        0x4 LONG 0x1fff0000 ADDR (.data_RAM2)
                0x000001ac        0x4 LONG 0x0 SIZEOF (.data_RAM2)
                0x000001b0        0x4 LONG 0x36d0 LOADADDR (.data_RAM3)
                0x000001b4        0x4 LONG 0x14000000 ADDR (.data_RAM3)
                0x000001b8        0x4 LONG 0x0 SIZEOF (.data_RAM3)
                0x000001bc                __data_section_table_end = .
                0x000001bc                __bss_section_table = .
                0x000001bc        0x4 LONG 0x20000048 ADDR (.bss)
                0x000001c0        0x4 LONG 0x690 SIZEOF (.bss)
                0x000001c4        0x4 LONG 0x1fff0000 ADDR (.bss_RAM2)
                0x000001c8        0x4 LONG 0x0 SIZEOF (.bss_RAM2)
                0x000001cc        0x4 LONG 0x14000000 ADDR (.bss_RAM3)
                0x000001d0        0x4 LONG 0x0 SIZEOF (.bss_RAM3)
                0x000001d4                __bss_section_table_end = .
                0x000001d4                __section_table_end = .
 *(SORT_BY_ALIGNMENT(.after_vectors*))
 .after_vectors.reset
                0x000001d4       0x4c ./SDK/startup/startup_mk64f12.o
                0x000001d4                ResetISR
 .after_vectors.init_data
                0x00000220       0x1e ./SDK/startup/startup_mk64f12.o
                0x00000220                data_init
 .after_vectors.init_bss
                0x0000023e       0x12 ./SDK/startup/startup_mk64f12.o
                0x0000023e                bss_init
 .after_vectors
                0x00000250       0x14 ./SDK/startup/startup_mk64f12.o
                0x00000250                NMI_Handler
                0x00000254                MemManage_Handler
                0x00000256                BusFault_Handler
                0x00000258                UsageFault_Handler
                0x0000025a                SVC_Handler
                0x0000025c                DebugMon_Handler
                0x0000025e                PendSV_Handler
                0x00000260                SysTick_Handler
                0x00000262                DMA_Error_DriverIRQHandler
                0x00000262                LPTMR0_DriverIRQHandler
                0x00000262                FTM1_DriverIRQHandler
                0x00000262                FTM2_DriverIRQHandler
                0x00000262                PIT2_DriverIRQHandler
                0x00000262                SDHC_DriverIRQHandler
                0x00000262                I2S0_Tx_DriverIRQHandler
                0x00000262                RTC_Seconds_DriverIRQHandler
                0x00000262                DMA6_DriverIRQHandler
                0x00000262                LLWU_DriverIRQHandler
                0x00000262                MCM_DriverIRQHandler
                0x00000262                MCG_DriverIRQHandler
                0x00000262                ENET_1588_Timer_DriverIRQHandler
                0x00000262                I2C2_DriverIRQHandler
                0x00000262                DAC1_DriverIRQHandler
                0x00000262                SPI1_DriverIRQHandler
                0x00000262                CMP1_DriverIRQHandler
                0x00000262                UART5_RX_TX_DriverIRQHandler
                0x00000262                FTM0_DriverIRQHandler
                0x00000262                IntDefaultHandler
                0x00000262                USB0_DriverIRQHandler
                0x00000262                UART5_ERR_DriverIRQHandler
                0x00000262                PORTC_DriverIRQHandler
                0x00000262                DMA11_DriverIRQHandler
                0x00000262                DAC0_DriverIRQHandler
                0x00000262                DMA10_DriverIRQHandler
                0x00000262                CMP2_DriverIRQHandler
                0x00000262                UART2_ERR_DriverIRQHandler
                0x00000262                SPI2_DriverIRQHandler
                0x00000262                LVD_LVW_DriverIRQHandler
                0x00000262                PIT0_DriverIRQHandler
                0x00000262                RNG_DriverIRQHandler
                0x00000262                DMA12_DriverIRQHandler
                0x00000262                DMA4_DriverIRQHandler
                0x00000262                UART2_RX_TX_DriverIRQHandler
                0x00000262                USBDCD_DriverIRQHandler
                0x00000262                UART3_ERR_DriverIRQHandler
                0x00000262                DMA3_DriverIRQHandler
                0x00000262                DMA8_DriverIRQHandler
                0x00000262                DMA9_DriverIRQHandler
                0x00000262                UART0_ERR_DriverIRQHandler
                0x00000262                CMT_DriverIRQHandler
                0x00000262                Reserved71_DriverIRQHandler
                0x00000262                ADC1_DriverIRQHandler
                0x00000262                PORTA_DriverIRQHandler
                0x00000262                DMA14_DriverIRQHandler
                0x00000262                PIT3_DriverIRQHandler
                0x00000262                PIT1_DriverIRQHandler
                0x00000262                WDOG_EWM_DriverIRQHandler
                0x00000262                PDB0_DriverIRQHandler
                0x00000262                RTC_DriverIRQHandler
                0x00000262                I2S0_Rx_DriverIRQHandler
                0x00000262                Read_Collision_DriverIRQHandler
                0x00000262                SWI_DriverIRQHandler
                0x00000262                UART4_RX_TX_DriverIRQHandler
                0x00000262                UART4_ERR_DriverIRQHandler
                0x00000262                PORTB_DriverIRQHandler
                0x00000262                UART0_LON_DriverIRQHandler
                0x00000262                DMA0_DriverIRQHandler
                0x00000262                DMA1_DriverIRQHandler
                0x00000262                I2C1_DriverIRQHandler
                0x00000262                UART3_RX_TX_DriverIRQHandler
                0x00000262                ENET_Receive_DriverIRQHandler
                0x00000262                DMA13_DriverIRQHandler
                0x00000262                ENET_Error_DriverIRQHandler
                0x00000262                DMA15_DriverIRQHandler
                0x00000262                UART0_RX_TX_DriverIRQHandler
                0x00000262                SPI0_DriverIRQHandler
                0x00000262                ADC0_DriverIRQHandler
                0x00000262                CMP0_DriverIRQHandler
                0x00000262                CAN0_DriverIRQHandler
                0x00000262                FTM3_DriverIRQHandler
                0x00000262                DMA5_DriverIRQHandler
                0x00000262                UART1_ERR_DriverIRQHandler
                0x00000262                DMA2_DriverIRQHandler
                0x00000262                ENET_Transmit_DriverIRQHandler
                0x00000262                PORTD_DriverIRQHandler
                0x00000262                PORTE_DriverIRQHandler
                0x00000262                FTFE_DriverIRQHandler
                0x00000262                I2C0_DriverIRQHandler
                0x00000262                DMA7_DriverIRQHandler
                0x00000262                UART1_RX_TX_DriverIRQHandler
                0x00000400                . = 0x400
 *fill*         0x00000264      0x19c ff
                0x00000400                PROVIDE (__FLASH_CONFIG_START__, .)
 *(SORT_BY_ALIGNMENT(.FlashConfig))
 .FlashConfig   0x00000400       0x10 ./SDK/startup/startup_mk64f12.o
                0x00000400                Flash_Config
                0x00000410                PROVIDE (__FLASH_CONFIG_END__, .)
                0x00000001                ASSERT (! ((__FLASH_CONFIG_START__ == __FLASH_CONFIG_END__)), Linker Flash Config Support Enabled, but no .FlashConfig section provided within application)
 *(SORT_BY_ALIGNMENT(.text*))
 .text.App_Run  0x00000410      0x204 ./source/App.o
                0x00000410                App_Run
 *fill*         0x00000614        0x4 ff
 .text.MAX30205_get_temp
                0x00000618       0xc8 ./source/TempSensor.o
                0x00000618                MAX30205_get_temp
 .text.rf_heart_rate_and_oxygen_saturation
                0x000006e0      0x4a4 ./source/algorithm_by_RF.o
                0x000006e0                rf_heart_rate_and_oxygen_saturation
 *fill*         0x00000b84        0x4 ff
 .text.sqrt     0x00000b88      0x11c c:/nxp/mcuxpressoide_10.2.0_759/ide/tools/bin/../lib/gcc/arm-none-eabi/7.2.1/../../../../arm-none-eabi/lib/thumb/v7e-m/fpv4-sp/hard\libcr_c.a(sqrt.o)
                0x00000b88                sqrt
 .text.AD8232_read
                0x00000ca4       0x58 ./source/AD8232_APIv2.o
                0x00000ca4                AD8232_read
 .text.App_Init
                0x00000cfc       0x6c ./source/App.o
                0x00000cfc                App_Init
 .text.writeReg
                0x00000d68       0x48 ./source/MAX30102_API.o
                0x00000d68                writeReg
 .text.readReg  0x00000db0       0x4c ./source/MAX30102_API.o
                0x00000db0                readReg
 .text.readFIFO
                0x00000dfc       0xe0 ./source/MAX30102_API.o
                0x00000dfc                readFIFO
 .text.softReset
                0x00000edc       0x8c ./source/MAX30102_API.o
                0x00000edc                softReset
 .text.ambientLigthNoise
                0x00000f68       0x30 ./source/MAX30102_API.o
                0x00000f68                ambientLigthNoise
 .text.__NVIC_EnableIRQ
                0x00000f98       0x3c ./source/PIT_driver.o
 .text.__NVIC_ClearPendingIRQ
                0x00000fd4       0x3c ./source/PIT_driver.o
 .text.PIT_init
                0x00001010       0x98 ./source/PIT_driver.o
                0x00001010                PIT_init
 .text.PIT_start
                0x000010a8       0x98 ./source/PIT_driver.o
                0x000010a8                PIT_start
 .text.PIT_setRutine
                0x00001140       0x30 ./source/PIT_driver.o
                0x00001140                PIT_setRutine
 .text.PIT0_IRQHandler
                0x00001170       0x38 ./source/PIT_driver.o
                0x00001170                PIT0_IRQHandler
 .text.PIT1_IRQHandler
                0x000011a8       0x38 ./source/PIT_driver.o
                0x000011a8                PIT1_IRQHandler
 .text.PIT2_IRQHandler
                0x000011e0       0x40 ./source/PIT_driver.o
                0x000011e0                PIT2_IRQHandler
 .text.PIT3_IRQHandler
                0x00001220       0x40 ./source/PIT_driver.o
                0x00001220                PIT3_IRQHandler
 .text.tempSensor_setSlaveAdr
                0x00001260       0x24 ./source/TempSensor.o
                0x00001260                tempSensor_setSlaveAdr
 .text.MAX30205_requestTemp
                0x00001284       0x3c ./source/TempSensor.o
                0x00001284                MAX30205_requestTemp
 .text.MAX30205_writeConfig
                0x000012c0       0x4c ./source/TempSensor.o
                0x000012c0                MAX30205_writeConfig
 .text.__NVIC_EnableIRQ
                0x0000130c       0x3c ./source/adc.o
 .text.__NVIC_DisableIRQ
                0x00001348       0x44 ./source/adc.o
 .text.ADCconfigure
                0x0000138c       0xd0 ./source/adc.o
                0x0000138c                ADCconfigure
 .text.ADCstart
                0x0000145c       0x54 ./source/adc.o
                0x0000145c                ADCstart
 .text.ADC0start
                0x000014b0       0x1c ./source/adc.o
                0x000014b0                ADC0start
 .text.getADCdata
                0x000014cc       0x5c ./source/adc.o
                0x000014cc                getADCdata
 .text.ADCdata2read
                0x00001528       0x30 ./source/adc.o
                0x00001528                ADCdata2read
 .text.ADC0_IRQHandler
                0x00001558       0x7c ./source/adc.o
                0x00001558                ADC0_IRQHandler
 .text.__NVIC_EnableIRQ
                0x000015d4       0x3c ./source/i2c.o
 .text.__NVIC_DisableIRQ
                0x00001610       0x44 ./source/i2c.o
 .text.__NVIC_ClearPendingIRQ
                0x00001654       0x3c ./source/i2c.o
 .text.startSignal
                0x00001690       0x38 ./source/i2c.o
                0x00001690                startSignal
 .text.restartSignal
                0x000016c8       0x38 ./source/i2c.o
                0x000016c8                restartSignal
 .text.stopSignal
                0x00001700       0x38 ./source/i2c.o
                0x00001700                stopSignal
 .text.I2Cmachine
                0x00001738      0x3b0 ./source/i2c.o
                0x00001738                I2Cmachine
 .text.isI2Cready
                0x00001ae8       0x4c ./source/i2c.o
                0x00001ae8                isI2Cready
 .text.I2Cdata2read
                0x00001b34       0x48 ./source/i2c.o
                0x00001b34                I2Cdata2read
 .text.I2Cconfiguration
                0x00001b7c      0x144 ./source/i2c.o
                0x00001b7c                I2Cconfiguration
 .text.writeI2Cmessage
                0x00001cc0       0xac ./source/i2c.o
                0x00001cc0                writeI2Cmessage
 .text.readI2Cmessage
                0x00001d6c       0xac ./source/i2c.o
                0x00001d6c                readI2Cmessage
 .text.blockingI2Ctransmition
                0x00001e18      0x1f0 ./source/i2c.o
                0x00001e18                blockingI2Ctransmition
 .text.I2Ctransmition
                0x00002008      0x1bc ./source/i2c.o
                0x00002008                I2Ctransmition
 .text.I2C0_IRQHandler
                0x000021c4       0x40 ./source/i2c.o
                0x000021c4                I2C0_IRQHandler
 .text.I2C1_IRQHandler
                0x00002204       0x40 ./source/i2c.o
                0x00002204                I2C1_IRQHandler
 .text.PINconfigure
                0x00002244       0x98 ./source/portpin.o
                0x00002244                PINconfigure
 .text.PINopendrain
                0x000022dc       0x54 ./source/portpin.o
                0x000022dc                PINopendrain
 .text.PINmode  0x00002330       0x64 ./source/portpin.o
                0x00002330                PINmode
 .text.PINread  0x00002394       0x50 ./source/portpin.o
                0x00002394                PINread
 .text.PORTA_IRQHandler
                0x000023e4       0x90 ./source/portpin.o
                0x000023e4                PORTA_IRQHandler
 .text.PORTC_IRQHandler
                0x00002474       0x90 ./source/portpin.o
                0x00002474                PORTC_IRQHandler
 .text.hw_Init  0x00002504      0x10c ./SDK/startup/hardware.o
                0x00002504                hw_Init
 .text.hw_EnableInterrupts
                0x00002610       0x30 ./SDK/startup/hardware.o
                0x00002610                hw_EnableInterrupts
 .text.hw_DisableInterrupts
                0x00002640       0x20 ./SDK/startup/hardware.o
                0x00002640                hw_DisableInterrupts
 .text.SystemInit
                0x00002660       0x3c ./SDK/CMSIS/system_MK64F12.o
                0x00002660                SystemInit
 .text.__aeabi_dmul
                0x0000269c      0x11c c:/nxp/mcuxpressoide_10.2.0_759/ide/tools/bin/../lib/gcc/arm-none-eabi/7.2.1/thumb/v7e-m/fpv4-sp/hard\libcr_eabihelpers.a(double.o)
                0x0000269c                __aeabi_dmul
 .text.__aeabi_ddiv
                0x000027b8      0x138 c:/nxp/mcuxpressoide_10.2.0_759/ide/tools/bin/../lib/gcc/arm-none-eabi/7.2.1/thumb/v7e-m/fpv4-sp/hard\libcr_eabihelpers.a(double.o)
                0x000027b8                __aeabi_ddiv
 .text.__aeabi_dsub
                0x000028f0      0x1b4 c:/nxp/mcuxpressoide_10.2.0_759/ide/tools/bin/../lib/gcc/arm-none-eabi/7.2.1/thumb/v7e-m/fpv4-sp/hard\libcr_eabihelpers.a(double.o)
                0x000028f0                __aeabi_dsub
 .text.__aeabi_dadd
                0x00002aa4      0x10c c:/nxp/mcuxpressoide_10.2.0_759/ide/tools/bin/../lib/gcc/arm-none-eabi/7.2.1/thumb/v7e-m/fpv4-sp/hard\libcr_eabihelpers.a(double.o)
                0x00002aa4                __aeabi_dadd
 .text.__aeabi_d2f
                0x00002bb0       0x54 c:/nxp/mcuxpressoide_10.2.0_759/ide/tools/bin/../lib/gcc/arm-none-eabi/7.2.1/thumb/v7e-m/fpv4-sp/hard\libcr_eabihelpers.a(double.o)
                0x00002bb0                __aeabi_d2f
 .text.__aeabi_f2d
                0x00002c04       0x38 c:/nxp/mcuxpressoide_10.2.0_759/ide/tools/bin/../lib/gcc/arm-none-eabi/7.2.1/thumb/v7e-m/fpv4-sp/hard\libcr_eabihelpers.a(float.o)
                0x00002c04                __aeabi_f2d
 .text.AD8232_init
                0x00002c3c       0x3e ./source/AD8232_APIv2.o
                0x00002c3c                AD8232_init
 .text.MAX30102_init
                0x00002c7a      0x144 ./source/MAX30102_API.o
                0x00002c7a                MAX30102_init
 .text.getIntr1
                0x00002dbe       0x1c ./source/MAX30102_API.o
                0x00002dbe                getIntr1
 .text.MAX30102_convertionRdy
                0x00002dda       0x10 ./source/MAX30102_API.o
                0x00002dda                MAX30102_convertionRdy
 .text.do_nothing
                0x00002dea        0xe ./source/PIT_driver.o
                0x00002dea                do_nothing
 .text.MAX30205_transferReady
                0x00002df8       0x10 ./source/TempSensor.o
                0x00002df8                MAX30205_transferReady
 .text.rf_linear_regression_beta
                0x00002e08       0x88 ./source/algorithm_by_RF.o
                0x00002e08                rf_linear_regression_beta
 .text.rf_autocorrelation
                0x00002e90       0x96 ./source/algorithm_by_RF.o
                0x00002e90                rf_autocorrelation
 .text.rf_initialize_periodicity_search
                0x00002f26       0xfe ./source/algorithm_by_RF.o
                0x00002f26                rf_initialize_periodicity_search
 .text.rf_signal_periodicity
                0x00003024      0x126 ./source/algorithm_by_RF.o
                0x00003024                rf_signal_periodicity
 .text.rf_rms   0x0000314a       0xa4 ./source/algorithm_by_RF.o
                0x0000314a                rf_rms
 .text.rf_Pcorrelation
                0x000031ee       0x84 ./source/algorithm_by_RF.o
                0x000031ee                rf_Pcorrelation
 .text.delayLoop
                0x00003272       0x24 ./source/i2c.o
                0x00003272                delayLoop
 .text.main     0x00003296       0x1a ./SDK/startup/main.o
                0x00003296                main
 .text.HardFault_Handler
                0x000032b0       0x2c ./SDK/startup/semihost_hardfault.o
                0x000032b0                HardFault_Handler
 .text.DMA0_IRQHandler
                0x000032dc        0x8 ./SDK/startup/startup_mk64f12.o
                0x000032dc                DMA0_IRQHandler
 .text.DMA1_IRQHandler
                0x000032e4        0x8 ./SDK/startup/startup_mk64f12.o
                0x000032e4                DMA1_IRQHandler
 .text.DMA2_IRQHandler
                0x000032ec        0x8 ./SDK/startup/startup_mk64f12.o
                0x000032ec                DMA2_IRQHandler
 .text.DMA3_IRQHandler
                0x000032f4        0x8 ./SDK/startup/startup_mk64f12.o
                0x000032f4                DMA3_IRQHandler
 .text.DMA4_IRQHandler
                0x000032fc        0x8 ./SDK/startup/startup_mk64f12.o
                0x000032fc                DMA4_IRQHandler
 .text.DMA5_IRQHandler
                0x00003304        0x8 ./SDK/startup/startup_mk64f12.o
                0x00003304                DMA5_IRQHandler
 .text.DMA6_IRQHandler
                0x0000330c        0x8 ./SDK/startup/startup_mk64f12.o
                0x0000330c                DMA6_IRQHandler
 .text.DMA7_IRQHandler
                0x00003314        0x8 ./SDK/startup/startup_mk64f12.o
                0x00003314                DMA7_IRQHandler
 .text.DMA8_IRQHandler
                0x0000331c        0x8 ./SDK/startup/startup_mk64f12.o
                0x0000331c                DMA8_IRQHandler
 .text.DMA9_IRQHandler
                0x00003324        0x8 ./SDK/startup/startup_mk64f12.o
                0x00003324                DMA9_IRQHandler
 .text.DMA10_IRQHandler
                0x0000332c        0x8 ./SDK/startup/startup_mk64f12.o
                0x0000332c                DMA10_IRQHandler
 .text.DMA11_IRQHandler
                0x00003334        0x8 ./SDK/startup/startup_mk64f12.o
                0x00003334                DMA11_IRQHandler
 .text.DMA12_IRQHandler
                0x0000333c        0x8 ./SDK/startup/startup_mk64f12.o
                0x0000333c                DMA12_IRQHandler
 .text.DMA13_IRQHandler
                0x00003344        0x8 ./SDK/startup/startup_mk64f12.o
                0x00003344                DMA13_IRQHandler
 .text.DMA14_IRQHandler
                0x0000334c        0x8 ./SDK/startup/startup_mk64f12.o
                0x0000334c                DMA14_IRQHandler
 .text.DMA15_IRQHandler
                0x00003354        0x8 ./SDK/startup/startup_mk64f12.o
                0x00003354                DMA15_IRQHandler
 .text.DMA_Error_IRQHandler
                0x0000335c        0x8 ./SDK/startup/startup_mk64f12.o
                0x0000335c                DMA_Error_IRQHandler
 .text.MCM_IRQHandler
                0x00003364        0x8 ./SDK/startup/startup_mk64f12.o
                0x00003364                MCM_IRQHandler
 .text.FTFE_IRQHandler
                0x0000336c        0x8 ./SDK/startup/startup_mk64f12.o
                0x0000336c                FTFE_IRQHandler
 .text.Read_Collision_IRQHandler
                0x00003374        0x8 ./SDK/startup/startup_mk64f12.o
                0x00003374                Read_Collision_IRQHandler
 .text.LVD_LVW_IRQHandler
                0x0000337c        0x8 ./SDK/startup/startup_mk64f12.o
                0x0000337c                LVD_LVW_IRQHandler
 .text.LLWU_IRQHandler
                0x00003384        0x8 ./SDK/startup/startup_mk64f12.o
                0x00003384                LLWU_IRQHandler
 .text.WDOG_EWM_IRQHandler
                0x0000338c        0x8 ./SDK/startup/startup_mk64f12.o
                0x0000338c                WDOG_EWM_IRQHandler
 .text.RNG_IRQHandler
                0x00003394        0x8 ./SDK/startup/startup_mk64f12.o
                0x00003394                RNG_IRQHandler
 .text.SPI0_IRQHandler
                0x0000339c        0x8 ./SDK/startup/startup_mk64f12.o
                0x0000339c                SPI0_IRQHandler
 .text.SPI1_IRQHandler
                0x000033a4        0x8 ./SDK/startup/startup_mk64f12.o
                0x000033a4                SPI1_IRQHandler
 .text.I2S0_Tx_IRQHandler
                0x000033ac        0x8 ./SDK/startup/startup_mk64f12.o
                0x000033ac                I2S0_Tx_IRQHandler
 .text.I2S0_Rx_IRQHandler
                0x000033b4        0x8 ./SDK/startup/startup_mk64f12.o
                0x000033b4                I2S0_Rx_IRQHandler
 .text.UART0_LON_IRQHandler
                0x000033bc        0x8 ./SDK/startup/startup_mk64f12.o
                0x000033bc                UART0_LON_IRQHandler
 .text.UART0_RX_TX_IRQHandler
                0x000033c4        0x8 ./SDK/startup/startup_mk64f12.o
                0x000033c4                UART0_RX_TX_IRQHandler
 .text.UART0_ERR_IRQHandler
                0x000033cc        0x8 ./SDK/startup/startup_mk64f12.o
                0x000033cc                UART0_ERR_IRQHandler
 .text.UART1_RX_TX_IRQHandler
                0x000033d4        0x8 ./SDK/startup/startup_mk64f12.o
                0x000033d4                UART1_RX_TX_IRQHandler
 .text.UART1_ERR_IRQHandler
                0x000033dc        0x8 ./SDK/startup/startup_mk64f12.o
                0x000033dc                UART1_ERR_IRQHandler
 .text.UART2_RX_TX_IRQHandler
                0x000033e4        0x8 ./SDK/startup/startup_mk64f12.o
                0x000033e4                UART2_RX_TX_IRQHandler
 .text.UART2_ERR_IRQHandler
                0x000033ec        0x8 ./SDK/startup/startup_mk64f12.o
                0x000033ec                UART2_ERR_IRQHandler
 .text.UART3_RX_TX_IRQHandler
                0x000033f4        0x8 ./SDK/startup/startup_mk64f12.o
                0x000033f4                UART3_RX_TX_IRQHandler
 .text.UART3_ERR_IRQHandler
                0x000033fc        0x8 ./SDK/startup/startup_mk64f12.o
                0x000033fc                UART3_ERR_IRQHandler
 .text.CMP0_IRQHandler
                0x00003404        0x8 ./SDK/startup/startup_mk64f12.o
                0x00003404                CMP0_IRQHandler
 .text.CMP1_IRQHandler
                0x0000340c        0x8 ./SDK/startup/startup_mk64f12.o
                0x0000340c                CMP1_IRQHandler
 .text.FTM0_IRQHandler
                0x00003414        0x8 ./SDK/startup/startup_mk64f12.o
                0x00003414                FTM0_IRQHandler
 .text.FTM1_IRQHandler
                0x0000341c        0x8 ./SDK/startup/startup_mk64f12.o
                0x0000341c                FTM1_IRQHandler
 .text.FTM2_IRQHandler
                0x00003424        0x8 ./SDK/startup/startup_mk64f12.o
                0x00003424                FTM2_IRQHandler
 .text.CMT_IRQHandler
                0x0000342c        0x8 ./SDK/startup/startup_mk64f12.o
                0x0000342c                CMT_IRQHandler
 .text.RTC_IRQHandler
                0x00003434        0x8 ./SDK/startup/startup_mk64f12.o
                0x00003434                RTC_IRQHandler
 .text.RTC_Seconds_IRQHandler
                0x0000343c        0x8 ./SDK/startup/startup_mk64f12.o
                0x0000343c                RTC_Seconds_IRQHandler
 .text.PDB0_IRQHandler
                0x00003444        0x8 ./SDK/startup/startup_mk64f12.o
                0x00003444                PDB0_IRQHandler
 .text.USB0_IRQHandler
                0x0000344c        0x8 ./SDK/startup/startup_mk64f12.o
                0x0000344c                USB0_IRQHandler
 .text.USBDCD_IRQHandler
                0x00003454        0x8 ./SDK/startup/startup_mk64f12.o
                0x00003454                USBDCD_IRQHandler
 .text.Reserved71_IRQHandler
                0x0000345c        0x8 ./SDK/startup/startup_mk64f12.o
                0x0000345c                Reserved71_IRQHandler
 .text.DAC0_IRQHandler
                0x00003464        0x8 ./SDK/startup/startup_mk64f12.o
                0x00003464                DAC0_IRQHandler
 .text.MCG_IRQHandler
                0x0000346c        0x8 ./SDK/startup/startup_mk64f12.o
                0x0000346c                MCG_IRQHandler
 .text.LPTMR0_IRQHandler
                0x00003474        0x8 ./SDK/startup/startup_mk64f12.o
                0x00003474                LPTMR0_IRQHandler
 .text.PORTB_IRQHandler
                0x0000347c        0x8 ./SDK/startup/startup_mk64f12.o
                0x0000347c                PORTB_IRQHandler
 .text.PORTD_IRQHandler
                0x00003484        0x8 ./SDK/startup/startup_mk64f12.o
                0x00003484                PORTD_IRQHandler
 .text.PORTE_IRQHandler
                0x0000348c        0x8 ./SDK/startup/startup_mk64f12.o
                0x0000348c                PORTE_IRQHandler
 .text.SWI_IRQHandler
                0x00003494        0x8 ./SDK/startup/startup_mk64f12.o
                0x00003494                SWI_IRQHandler
 .text.SPI2_IRQHandler
                0x0000349c        0x8 ./SDK/startup/startup_mk64f12.o
                0x0000349c                SPI2_IRQHandler
 .text.UART4_RX_TX_IRQHandler
                0x000034a4        0x8 ./SDK/startup/startup_mk64f12.o
                0x000034a4                UART4_RX_TX_IRQHandler
 .text.UART4_ERR_IRQHandler
                0x000034ac        0x8 ./SDK/startup/startup_mk64f12.o
                0x000034ac                UART4_ERR_IRQHandler
 .text.UART5_RX_TX_IRQHandler
                0x000034b4        0x8 ./SDK/startup/startup_mk64f12.o
                0x000034b4                UART5_RX_TX_IRQHandler
 .text.UART5_ERR_IRQHandler
                0x000034bc        0x8 ./SDK/startup/startup_mk64f12.o
                0x000034bc                UART5_ERR_IRQHandler
 .text.CMP2_IRQHandler
                0x000034c4        0x8 ./SDK/startup/startup_mk64f12.o
                0x000034c4                CMP2_IRQHandler
 .text.FTM3_IRQHandler
                0x000034cc        0x8 ./SDK/startup/startup_mk64f12.o
                0x000034cc                FTM3_IRQHandler
 .text.DAC1_IRQHandler
                0x000034d4        0x8 ./SDK/startup/startup_mk64f12.o
                0x000034d4                DAC1_IRQHandler
 .text.ADC1_IRQHandler
                0x000034dc        0x8 ./SDK/startup/startup_mk64f12.o
                0x000034dc                ADC1_IRQHandler
 .text.I2C2_IRQHandler
                0x000034e4        0x8 ./SDK/startup/startup_mk64f12.o
                0x000034e4                I2C2_IRQHandler
 .text.CAN0_ORed_Message_buffer_IRQHandler
                0x000034ec        0x8 ./SDK/startup/startup_mk64f12.o
                0x000034ec                CAN0_ORed_Message_buffer_IRQHandler
 .text.CAN0_Bus_Off_IRQHandler
                0x000034f4        0x8 ./SDK/startup/startup_mk64f12.o
                0x000034f4                CAN0_Bus_Off_IRQHandler
 .text.CAN0_Error_IRQHandler
                0x000034fc        0x8 ./SDK/startup/startup_mk64f12.o
                0x000034fc                CAN0_Error_IRQHandler
 .text.CAN0_Tx_Warning_IRQHandler
                0x00003504        0x8 ./SDK/startup/startup_mk64f12.o
                0x00003504                CAN0_Tx_Warning_IRQHandler
 .text.CAN0_Rx_Warning_IRQHandler
                0x0000350c        0x8 ./SDK/startup/startup_mk64f12.o
                0x0000350c                CAN0_Rx_Warning_IRQHandler
 .text.CAN0_Wake_Up_IRQHandler
                0x00003514        0x8 ./SDK/startup/startup_mk64f12.o
                0x00003514                CAN0_Wake_Up_IRQHandler
 .text.SDHC_IRQHandler
                0x0000351c        0x8 ./SDK/startup/startup_mk64f12.o
                0x0000351c                SDHC_IRQHandler
 .text.ENET_1588_Timer_IRQHandler
                0x00003524        0x8 ./SDK/startup/startup_mk64f12.o
                0x00003524                ENET_1588_Timer_IRQHandler
 .text.ENET_Transmit_IRQHandler
                0x0000352c        0x8 ./SDK/startup/startup_mk64f12.o
                0x0000352c                ENET_Transmit_IRQHandler
 .text.ENET_Receive_IRQHandler
                0x00003534        0x8 ./SDK/startup/startup_mk64f12.o
                0x00003534                ENET_Receive_IRQHandler
 .text.ENET_Error_IRQHandler
                0x0000353c        0x8 ./SDK/startup/startup_mk64f12.o
                0x0000353c                ENET_Error_IRQHandler
 .text.SystemInitHook
                0x00003544        0xe ./SDK/CMSIS/system_MK64F12.o
                0x00003544                SystemInitHook
 .text.__bhs_ui2d
                0x00003552       0x46 c:/nxp/mcuxpressoide_10.2.0_759/ide/tools/bin/../lib/gcc/arm-none-eabi/7.2.1/thumb/v7e-m/fpv4-sp/hard\libcr_eabihelpers.a(double.o)
                0x00003552                __bhs_ui2d
 .text.__aeabi_i2d
                0x00003598       0x12 c:/nxp/mcuxpressoide_10.2.0_759/ide/tools/bin/../lib/gcc/arm-none-eabi/7.2.1/thumb/v7e-m/fpv4-sp/hard\libcr_eabihelpers.a(double.o)
                0x00003598                __aeabi_i2d
 .text.__aeabi_ui2d
                0x000035aa        0x8 c:/nxp/mcuxpressoide_10.2.0_759/ide/tools/bin/../lib/gcc/arm-none-eabi/7.2.1/thumb/v7e-m/fpv4-sp/hard\libcr_eabihelpers.a(double.o)
                0x000035aa                __aeabi_ui2d
 .text.__aeabi_dcmplt
                0x000035b2       0x58 c:/nxp/mcuxpressoide_10.2.0_759/ide/tools/bin/../lib/gcc/arm-none-eabi/7.2.1/thumb/v7e-m/fpv4-sp/hard\libcr_eabihelpers.a(double.o)
                0x000035b2                __aeabi_dcmplt
 .text.__aeabi_dcmpgt
                0x0000360a       0x58 c:/nxp/mcuxpressoide_10.2.0_759/ide/tools/bin/../lib/gcc/arm-none-eabi/7.2.1/thumb/v7e-m/fpv4-sp/hard\libcr_eabihelpers.a(double.o)
                0x0000360a                __aeabi_dcmpgt
 .text.__aeabi_dcmple
                0x00003662       0x5a c:/nxp/mcuxpressoide_10.2.0_759/ide/tools/bin/../lib/gcc/arm-none-eabi/7.2.1/thumb/v7e-m/fpv4-sp/hard\libcr_eabihelpers.a(double.o)
                0x00003662                __aeabi_dcmple
 *(SORT_BY_ALIGNMENT(.rodata) SORT_BY_ALIGNMENT(.rodata.*) SORT_BY_ALIGNMENT(.constdata) SORT_BY_ALIGNMENT(.constdata.*))
 *fill*         0x000036bc        0x4 ff
 .rodata.__huge_val
                0x000036c0        0x8 c:/nxp/mcuxpressoide_10.2.0_759/ide/tools/bin/../lib/gcc/arm-none-eabi/7.2.1/../../../../arm-none-eabi/lib/thumb/v7e-m/fpv4-sp/hard\libcr_c.a(_hugeval.o)
                0x000036c0                __huge_val
 .rodata.defaul_MAX30205_config
                0x000036c8        0x1 ./source/TempSensor.o
                0x000036c8                defaul_MAX30205_config
                0x000036d0                . = ALIGN (0x8)
 *fill*         0x000036c9        0x7 ff

.glue_7         0x000036d0        0x0
 .glue_7        0x000036d0        0x0 linker stubs

.glue_7t        0x000036d0        0x0
 .glue_7t       0x000036d0        0x0 linker stubs

.vfp11_veneer   0x000036d0        0x0
 .vfp11_veneer  0x000036d0        0x0 linker stubs

.v4_bx          0x000036d0        0x0
 .v4_bx         0x000036d0        0x0 linker stubs

.iplt           0x000036d0        0x0
 .iplt          0x000036d0        0x0 ./source/AD8232_APIv2.o

.rel.dyn        0x000036d0        0x0
 .rel.iplt      0x000036d0        0x0 ./source/AD8232_APIv2.o

.ARM.extab
 *(SORT_BY_ALIGNMENT(.ARM.extab*) SORT_BY_ALIGNMENT(.gnu.linkonce.armextab.*))
                0x000036d0                __exidx_start = .

.ARM.exidx
 *(SORT_BY_ALIGNMENT(.ARM.exidx*) SORT_BY_ALIGNMENT(.gnu.linkonce.armexidx.*))
                0x000036d0                __exidx_end = .
                0x000036d0                _etext = .

.m_usb_data
 *(SORT_BY_ALIGNMENT(m_usb_bdt))

.data_RAM2      0x1fff0000        0x0 load address 0x000036d0
 FILL mask 0xff
                [!provide]                PROVIDE (__start_data_RAM2, .)
 *(SORT_BY_ALIGNMENT(.ramfunc.$RAM2))
 *(SORT_BY_ALIGNMENT(.ramfunc.$SRAM_LOWER))
 *(SORT_BY_ALIGNMENT(.data.$RAM2*))
 *(SORT_BY_ALIGNMENT(.data.$SRAM_LOWER*))
                0x1fff0000                . = ALIGN (0x8)
                [!provide]                PROVIDE (__end_data_RAM2, .)

.data_RAM3      0x14000000        0x0 load address 0x000036d0
 FILL mask 0xff
                [!provide]                PROVIDE (__start_data_RAM3, .)
 *(SORT_BY_ALIGNMENT(.ramfunc.$RAM3))
 *(SORT_BY_ALIGNMENT(.ramfunc.$FLEX_RAM))
 *(SORT_BY_ALIGNMENT(.data.$RAM3*))
 *(SORT_BY_ALIGNMENT(.data.$FLEX_RAM*))
                0x14000000                . = ALIGN (0x8)
                [!provide]                PROVIDE (__end_data_RAM3, .)

.uninit_RESERVED
                0x20000000        0x0
 *(SORT_BY_ALIGNMENT(.bss.$RESERVED*))
                0x20000000                . = ALIGN (0x4)
                0x20000000                _end_uninit_RESERVED = .

.data           0x20000000       0x48 load address 0x000036d0
 FILL mask 0xff
                0x20000000                _data = .
 *(SORT_BY_ALIGNMENT(vtable))
 *(SORT_BY_ALIGNMENT(.ramfunc*))
 *(SORT_BY_ALIGNMENT(.data*))
 .data.adc      0x20000000        0x8 ./source/adc.o
 .data.n_last_peak_interval.5712
                0x20000008        0x4 ./source/algorithm_by_RF.o
 .data.i2c      0x2000000c        0xc ./source/i2c.o
 .data.port     0x20000018       0x14 ./source/portpin.o
 .data.gpio     0x2000002c       0x14 ./source/portpin.o
 .data.dispositivo
                0x20000040        0x1 ./source/App.o
                0x20000040                dispositivo
 .data.OK       0x20000041        0x1 ./source/App.o
                0x20000041                OK
                0x20000048                . = ALIGN (0x8)
 *fill*         0x20000042        0x6 ff
                0x20000048                _edata = .

.igot.plt       0x20000048        0x0 load address 0x00003718
 .igot.plt      0x20000048        0x0 ./source/AD8232_APIv2.o

.bss_RAM2       0x1fff0000        0x0
                [!provide]                PROVIDE (__start_bss_RAM2, .)
 *(SORT_BY_ALIGNMENT(.bss.$RAM2*))
 *(SORT_BY_ALIGNMENT(.bss.$SRAM_LOWER*))
                0x1fff0000                . = ALIGN ((. != 0x0)?0x8:0x1)
                [!provide]                PROVIDE (__end_bss_RAM2, .)

.bss_RAM3       0x14000000        0x0
                [!provide]                PROVIDE (__start_bss_RAM3, .)
 *(SORT_BY_ALIGNMENT(.bss.$RAM3*))
 *(SORT_BY_ALIGNMENT(.bss.$FLEX_RAM*))
                0x14000000                . = ALIGN ((. != 0x0)?0x8:0x1)
                [!provide]                PROVIDE (__end_bss_RAM3, .)

.bss            0x20000048      0x690
                0x20000048                _bss = .
 *(SORT_BY_ALIGNMENT(.bss*))
 .bss.buffA     0x20000048      0x1f4 ./source/AD8232_APIv2.o
                0x20000048                buffA
 .bss.status    0x2000023c        0x4 ./source/App.o
                0x2000023c                status
 .bss._ambientLigth
                0x20000240        0x1 ./source/MAX30102_API.o
                0x20000240                _ambientLigth
 *fill*         0x20000241        0x3 
 .bss.i2c0msg_  0x20000244        0x4 ./source/MAX30102_API.o
                0x20000244                i2c0msg_
 .bss.PIT_array
                0x20000248       0x30 ./source/PIT_driver.o
 .bss.tempBuff  0x20000278        0x2 ./source/TempSensor.o
                0x20000278                tempBuff
 *fill*         0x2000027a        0x2 
 .bss.configur  0x2000027c        0x1 ./source/TempSensor.o
                0x2000027c                configur
 *fill*         0x2000027d        0x3 
 .bss.i2c0msg   0x20000280        0x3 ./source/TempSensor.o
                0x20000280                i2c0msg
 *fill*         0x20000283        0x1 
 .bss.adcsamples
                0x20000284      0x200 ./source/adc.o
 .bss.data_     0x20000484      0x200 ./source/i2c.o
 .bss.i2cinfo   0x20000684        0xa ./source/i2c.o
 *fill*         0x2000068e        0x2 
 .bss.isrpin    0x20000690       0x28 ./source/portpin.o
 .bss.__LDM_interruptDisableCount
                0x200006b8        0x4 ./SDK/startup/hardware.o
 .bss.errno     0x200006bc        0x4 c:/nxp/mcuxpressoide_10.2.0_759/ide/tools/bin/../lib/gcc/arm-none-eabi/7.2.1/../../../../arm-none-eabi/lib/thumb/v7e-m/fpv4-sp/hard\libcr_c.a(errno.o)
                0x200006bc                errno
 .bss.actualTemp
                0x200006c0        0x2 ./source/TempSensor.o
                0x200006c0                actualTemp
 .bss.adcNsamp  0x200006c2        0x2 ./source/adc.o
 .bss.i.6865    0x200006c4        0x2 ./source/adc.o
 .bss._interruptEnable1
                0x200006c6        0x1 ./source/MAX30102_API.o
                0x200006c6                _interruptEnable1
 .bss._interruptEnable2
                0x200006c7        0x1 ./source/MAX30102_API.o
                0x200006c7                _interruptEnable2
 .bss._fifoConfiguration
                0x200006c8        0x1 ./source/MAX30102_API.o
                0x200006c8                _fifoConfiguration
 .bss._modeConfiguration
                0x200006c9        0x1 ./source/MAX30102_API.o
                0x200006c9                _modeConfiguration
 .bss._spo2Configuration
                0x200006ca        0x1 ./source/MAX30102_API.o
                0x200006ca                _spo2Configuration
 .bss._led1PulseAmplitude
                0x200006cb        0x1 ./source/MAX30102_API.o
                0x200006cb                _led1PulseAmplitude
 .bss._led2PulseAmplitude
                0x200006cc        0x1 ./source/MAX30102_API.o
                0x200006cc                _led2PulseAmplitude
 .bss._led3PulseAmplitude
                0x200006cd        0x1 ./source/MAX30102_API.o
                0x200006cd                _led3PulseAmplitude
 .bss._pilotPulseAmplitude
                0x200006ce        0x1 ./source/MAX30102_API.o
                0x200006ce                _pilotPulseAmplitude
 .bss._multiLedControl1
                0x200006cf        0x1 ./source/MAX30102_API.o
                0x200006cf                _multiLedControl1
 .bss._multiLedControl2
                0x200006d0        0x1 ./source/MAX30102_API.o
                0x200006d0                _multiLedControl2
 .bss._proxIntThreshold
                0x200006d1        0x1 ./source/MAX30102_API.o
                0x200006d1                _proxIntThreshold
 .bss.inited    0x200006d2        0x1 ./source/PIT_driver.o
 .bss.salveAddress
                0x200006d3        0x1 ./source/TempSensor.o
                0x200006d3                salveAddress
 .bss.dataRdy   0x200006d4        0x1 ./source/adc.o
 *(SORT_BY_ALIGNMENT(COMMON))
                0x200006d8                . = ALIGN (0x8)
 *fill*         0x200006d5        0x3 
                0x200006d8                _ebss = .
                [!provide]                PROVIDE (end, .)

.noinit_RAM2    0x1fff0000        0x0
 *(SORT_BY_ALIGNMENT(.noinit.$RAM2*))
 *(SORT_BY_ALIGNMENT(.noinit.$SRAM_LOWER*))
                0x1fff0000                . = ALIGN (0x8)

.noinit_RAM3    0x14000000        0x0
 *(SORT_BY_ALIGNMENT(.noinit.$RAM3*))
 *(SORT_BY_ALIGNMENT(.noinit.$FLEX_RAM*))
                0x14000000                . = ALIGN (0x8)

.noinit         0x200006d8        0x0
                0x200006d8                _noinit = .
 *(SORT_BY_ALIGNMENT(.noinit*))
                0x200006d8                . = ALIGN (0x8)
                0x200006d8                _end_noinit = .
                0x00001000                _HeapSize = 0x1000

.heap           0x200006d8     0x1000
                0x200006d8                _pvHeapStart = .
                0x200016d8                . = (. + _HeapSize)
 *fill*         0x200006d8     0x1000 
                0x200016d8                . = ALIGN (0x8)
                0x200016d8                _pvHeapLimit = .
                0x00001000                _StackSize = 0x1000

.heap2stackfill
                0x200016d8     0x1000
                0x200026d8                . = (. + _StackSize)
 *fill*         0x200016d8     0x1000 

.stack          0x2002f000        0x0
                0x2002f000                _vStackBase = .
                0x2002f000                . = ALIGN (0x8)
                0x20030000                _vStackTop = (. + _StackSize)
                0x00000000                _image_start = LOADADDR (.text)
                0x00003718                _image_end = (LOADADDR (.data) + SIZEOF (.data))
                0x00003718                _image_size = (_image_end - _image_start)
OUTPUT(TPF_.axf elf32-littlearm)

.debug_info     0x00000000     0x6d40
 .debug_info    0x00000000      0x20c ./source/AD8232_APIv2.o
 .debug_info    0x0000020c      0xd23 ./source/App.o
 .debug_info    0x00000f2f      0xb8c ./source/MAX30102_API.o
 .debug_info    0x00001abb      0x930 ./source/PIT_driver.o
 .debug_info    0x000023eb      0x439 ./source/TempSensor.o
 .debug_info    0x00002824      0xa96 ./source/adc.o
 .debug_info    0x000032ba      0xe57 ./source/algorithm_by_RF.o
 .debug_info    0x00004111      0xba6 ./source/i2c.o
 .debug_info    0x00004cb7      0xa76 ./source/portpin.o
 .debug_info    0x0000572d      0x675 ./SDK/startup/hardware.o
 .debug_info    0x00005da2       0xb7 ./SDK/startup/main.o
 .debug_info    0x00005e59       0x3b ./SDK/startup/semihost_hardfault.o
 .debug_info    0x00005e94      0x8b0 ./SDK/startup/startup_mk64f12.o
 .debug_info    0x00006744      0x5fc ./SDK/CMSIS/system_MK64F12.o

.debug_abbrev   0x00000000     0x1679
 .debug_abbrev  0x00000000       0xec ./source/AD8232_APIv2.o
 .debug_abbrev  0x000000ec      0x258 ./source/App.o
 .debug_abbrev  0x00000344      0x18f ./source/MAX30102_API.o
 .debug_abbrev  0x000004d3      0x238 ./source/PIT_driver.o
 .debug_abbrev  0x0000070b      0x1c2 ./source/TempSensor.o
 .debug_abbrev  0x000008cd      0x201 ./source/adc.o
 .debug_abbrev  0x00000ace      0x2a0 ./source/algorithm_by_RF.o
 .debug_abbrev  0x00000d6e      0x262 ./source/i2c.o
 .debug_abbrev  0x00000fd0      0x22a ./source/portpin.o
 .debug_abbrev  0x000011fa      0x138 ./SDK/startup/hardware.o
 .debug_abbrev  0x00001332       0x7d ./SDK/startup/main.o
 .debug_abbrev  0x000013af       0x2f ./SDK/startup/semihost_hardfault.o
 .debug_abbrev  0x000013de      0x15c ./SDK/startup/startup_mk64f12.o
 .debug_abbrev  0x0000153a      0x13f ./SDK/CMSIS/system_MK64F12.o

.debug_aranges  0x00000000      0x7c0
 .debug_aranges
                0x00000000       0x30 ./source/AD8232_APIv2.o
 .debug_aranges
                0x00000030       0x28 ./source/App.o
 .debug_aranges
                0x00000058       0xc0 ./source/MAX30102_API.o
 .debug_aranges
                0x00000118       0x80 ./source/PIT_driver.o
 .debug_aranges
                0x00000198       0x80 ./source/TempSensor.o
 .debug_aranges
                0x00000218       0x60 ./source/adc.o
 .debug_aranges
                0x00000278       0x50 ./source/algorithm_by_RF.o
 .debug_aranges
                0x000002c8       0xa0 ./source/i2c.o
 .debug_aranges
                0x00000368       0x88 ./source/portpin.o
 .debug_aranges
                0x000003f0       0x30 ./SDK/startup/hardware.o
 .debug_aranges
                0x00000420       0x20 ./SDK/startup/main.o
 .debug_aranges
                0x00000440       0x20 ./SDK/startup/semihost_hardfault.o
 .debug_aranges
                0x00000460      0x330 ./SDK/startup/startup_mk64f12.o
 .debug_aranges
                0x00000790       0x30 ./SDK/CMSIS/system_MK64F12.o

.debug_ranges   0x00000000      0x6e0
 .debug_ranges  0x00000000       0x20 ./source/AD8232_APIv2.o
 .debug_ranges  0x00000020       0x18 ./source/App.o
 .debug_ranges  0x00000038       0xb0 ./source/MAX30102_API.o
 .debug_ranges  0x000000e8       0x70 ./source/PIT_driver.o
 .debug_ranges  0x00000158       0x70 ./source/TempSensor.o
 .debug_ranges  0x000001c8       0x50 ./source/adc.o
 .debug_ranges  0x00000218       0x40 ./source/algorithm_by_RF.o
 .debug_ranges  0x00000258       0x90 ./source/i2c.o
 .debug_ranges  0x000002e8       0x78 ./source/portpin.o
 .debug_ranges  0x00000360       0x20 ./SDK/startup/hardware.o
 .debug_ranges  0x00000380       0x10 ./SDK/startup/main.o
 .debug_ranges  0x00000390       0x10 ./SDK/startup/semihost_hardfault.o
 .debug_ranges  0x000003a0      0x320 ./SDK/startup/startup_mk64f12.o
 .debug_ranges  0x000006c0       0x20 ./SDK/CMSIS/system_MK64F12.o

.debug_macro    0x00000000    0x12c0d
 .debug_macro   0x00000000       0x61 ./source/AD8232_APIv2.o
 .debug_macro   0x00000061      0xa5a ./source/AD8232_APIv2.o
 .debug_macro   0x00000abb       0x22 ./source/AD8232_APIv2.o
 .debug_macro   0x00000add      0x34e ./source/AD8232_APIv2.o
 .debug_macro   0x00000e2b       0x10 ./source/AD8232_APIv2.o
 .debug_macro   0x00000e3b       0x28 ./source/AD8232_APIv2.o
 .debug_macro   0x00000e63      0x1e3 ./source/App.o
 .debug_macro   0x00001046       0x22 ./source/App.o
 .debug_macro   0x00001068       0x52 ./source/App.o
 .debug_macro   0x000010ba       0x17 ./source/App.o
 .debug_macro   0x000010d1       0x8d ./source/App.o
 .debug_macro   0x0000115e       0x35 ./source/App.o
 .debug_macro   0x00001193       0x9c ./source/App.o
 .debug_macro   0x0000122f       0x16 ./source/App.o
 .debug_macro   0x00001245       0x57 ./source/App.o
 .debug_macro   0x0000129c       0x97 ./source/App.o
 .debug_macro   0x00001333      0x330 ./source/App.o
 .debug_macro   0x00001663       0xfd ./source/App.o
 .debug_macro   0x00001760       0x10 ./source/App.o
 .debug_macro   0x00001770       0x58 ./source/App.o
 .debug_macro   0x000017c8       0x1f ./source/App.o
 .debug_macro   0x000017e7       0x43 ./source/App.o
 .debug_macro   0x0000182a       0x20 ./source/App.o
 .debug_macro   0x0000184a      0x18e ./source/App.o
 .debug_macro   0x000019d8       0x10 ./source/App.o
 .debug_macro   0x000019e8       0x6a ./source/App.o
 .debug_macro   0x00001a52       0x1c ./source/App.o
 .debug_macro   0x00001a6e       0x52 ./source/App.o
 .debug_macro   0x00001ac0       0x40 ./source/App.o
 .debug_macro   0x00001b00       0x10 ./source/App.o
 .debug_macro   0x00001b10       0x40 ./source/App.o
 .debug_macro   0x00001b50       0xd7 ./source/App.o
 .debug_macro   0x00001c27       0x1c ./source/App.o
 .debug_macro   0x00001c43       0x3d ./source/App.o
 .debug_macro   0x00001c80       0x16 ./source/App.o
 .debug_macro   0x00001c96      0x16f ./source/App.o
 .debug_macro   0x00001e05       0x34 ./source/App.o
 .debug_macro   0x00001e39       0x22 ./source/App.o
 .debug_macro   0x00001e5b       0x54 ./source/MAX30102_API.o
 .debug_macro   0x00001eaf       0x10 ./source/MAX30102_API.o
 .debug_macro   0x00001ebf       0xb2 ./source/PIT_driver.o
 .debug_macro   0x00001f71       0x10 ./source/PIT_driver.o
 .debug_macro   0x00001f81       0x5c ./source/PIT_driver.o
 .debug_macro   0x00001fdd       0x1c ./source/PIT_driver.o
 .debug_macro   0x00001ff9       0x22 ./source/PIT_driver.o
 .debug_macro   0x0000201b       0xdf ./source/PIT_driver.o
 .debug_macro   0x000020fa      0xecf ./source/PIT_driver.o
 .debug_macro   0x00002fc9       0x48 ./source/PIT_driver.o
 .debug_macro   0x00003011     0xe07b ./source/PIT_driver.o
 .debug_macro   0x0001108c     0x122b ./source/PIT_driver.o
 .debug_macro   0x000122b7       0x16 ./source/PIT_driver.o
 .debug_macro   0x000122cd       0x5e ./source/TempSensor.o
 .debug_macro   0x0001232b       0xb0 ./source/adc.o
 .debug_macro   0x000123db      0x11e ./source/algorithm_by_RF.o
 .debug_macro   0x000124f9       0x1c ./source/algorithm_by_RF.o
 .debug_macro   0x00012515      0x174 ./source/algorithm_by_RF.o
 .debug_macro   0x00012689      0x1e1 ./source/algorithm_by_RF.o
 .debug_macro   0x0001286a       0xd2 ./source/i2c.o
 .debug_macro   0x0001293c       0xbd ./source/portpin.o
 .debug_macro   0x000129f9       0x22 ./source/portpin.o
 .debug_macro   0x00012a1b       0x9c ./SDK/startup/hardware.o
 .debug_macro   0x00012ab7       0x9c ./SDK/startup/main.o
 .debug_macro   0x00012b53       0x11 ./SDK/startup/semihost_hardfault.o
 .debug_macro   0x00012b64       0x29 ./SDK/startup/startup_mk64f12.o
 .debug_macro   0x00012b8d       0x80 ./SDK/CMSIS/system_MK64F12.o

.debug_line     0x00000000     0x261e
 .debug_line    0x00000000      0x132 ./source/AD8232_APIv2.o
 .debug_line    0x00000132      0x39d ./source/App.o
 .debug_line    0x000004cf      0x328 ./source/MAX30102_API.o
 .debug_line    0x000007f7      0x2b7 ./source/PIT_driver.o
 .debug_line    0x00000aae      0x1d2 ./source/TempSensor.o
 .debug_line    0x00000c80      0x273 ./source/adc.o
 .debug_line    0x00000ef3      0x43e ./source/algorithm_by_RF.o
 .debug_line    0x00001331      0x3de ./source/i2c.o
 .debug_line    0x0000170f      0x2ce ./source/portpin.o
 .debug_line    0x000019dd      0x1d4 ./SDK/startup/hardware.o
 .debug_line    0x00001bb1      0x175 ./SDK/startup/main.o
 .debug_line    0x00001d26       0x59 ./SDK/startup/semihost_hardfault.o
 .debug_line    0x00001d7f      0x6d8 ./SDK/startup/startup_mk64f12.o
 .debug_line    0x00002457      0x1c7 ./SDK/CMSIS/system_MK64F12.o

.debug_str      0x00000000    0x7e4af
 .debug_str     0x00000000     0x38d0 ./source/AD8232_APIv2.o
                               0x3a59 (size before relaxing)
 .debug_str     0x000038d0     0x49a1 ./source/App.o
                               0x8361 (size before relaxing)
 .debug_str     0x00008271      0x79e ./source/MAX30102_API.o
                               0x42a2 (size before relaxing)
 .debug_str     0x00008a0f    0x73eca ./source/PIT_driver.o
                              0x77766 (size before relaxing)
 .debug_str     0x0007c8d9      0x201 ./source/TempSensor.o
                               0x3b5e (size before relaxing)
 .debug_str     0x0007cada      0x177 ./source/adc.o
                              0x777c9 (size before relaxing)
 .debug_str     0x0007cc51      0xb68 ./source/algorithm_by_RF.o
                               0x7761 (size before relaxing)
 .debug_str     0x0007d7b9      0x1d5 ./source/i2c.o
                              0x77977 (size before relaxing)
 .debug_str     0x0007d98e      0x157 ./source/portpin.o
                              0x777fc (size before relaxing)
 .debug_str     0x0007dae5      0x16f ./SDK/startup/hardware.o
                              0x771fe (size before relaxing)
 .debug_str     0x0007dc54       0x1b ./SDK/startup/main.o
                              0x76fd2 (size before relaxing)
 .debug_str     0x0007dc6f       0x36 ./SDK/startup/semihost_hardfault.o
                               0x2d38 (size before relaxing)
 .debug_str     0x0007dca5      0x7a8 ./SDK/startup/startup_mk64f12.o
                               0x35a6 (size before relaxing)
 .debug_str     0x0007e44d       0x62 ./SDK/CMSIS/system_MK64F12.o
                              0x7710d (size before relaxing)

.comment        0x00000000       0x7e
 .comment       0x00000000       0x7e ./source/AD8232_APIv2.o
                                 0x7f (size before relaxing)
 .comment       0x0000007e       0x7f ./source/App.o
 .comment       0x0000007e       0x7f ./source/MAX30102_API.o
 .comment       0x0000007e       0x7f ./source/PIT_driver.o
 .comment       0x0000007e       0x7f ./source/TempSensor.o
 .comment       0x0000007e       0x7f ./source/adc.o
 .comment       0x0000007e       0x7f ./source/algorithm_by_RF.o
 .comment       0x0000007e       0x7f ./source/i2c.o
 .comment       0x0000007e       0x7f ./source/portpin.o
 .comment       0x0000007e       0x7f ./SDK/startup/hardware.o
 .comment       0x0000007e       0x7f ./SDK/startup/main.o
 .comment       0x0000007e       0x7f ./SDK/startup/semihost_hardfault.o
 .comment       0x0000007e       0x7f ./SDK/startup/startup_mk64f12.o
 .comment       0x0000007e       0x7f ./SDK/CMSIS/system_MK64F12.o
 .comment       0x0000007e       0x7f c:/nxp/mcuxpressoide_10.2.0_759/ide/tools/bin/../lib/gcc/arm-none-eabi/7.2.1/../../../../arm-none-eabi/lib/thumb/v7e-m/fpv4-sp/hard\libcr_c.a(sqrt.o)
 .comment       0x0000007e       0x7f c:/nxp/mcuxpressoide_10.2.0_759/ide/tools/bin/../lib/gcc/arm-none-eabi/7.2.1/../../../../arm-none-eabi/lib/thumb/v7e-m/fpv4-sp/hard\libcr_c.a(_hugeval.o)
 .comment       0x0000007e       0x7f c:/nxp/mcuxpressoide_10.2.0_759/ide/tools/bin/../lib/gcc/arm-none-eabi/7.2.1/../../../../arm-none-eabi/lib/thumb/v7e-m/fpv4-sp/hard\libcr_c.a(errno.o)
 .comment       0x0000007e       0x7f c:/nxp/mcuxpressoide_10.2.0_759/ide/tools/bin/../lib/gcc/arm-none-eabi/7.2.1/thumb/v7e-m/fpv4-sp/hard\libcr_eabihelpers.a(double.o)
 .comment       0x0000007e       0x7f c:/nxp/mcuxpressoide_10.2.0_759/ide/tools/bin/../lib/gcc/arm-none-eabi/7.2.1/thumb/v7e-m/fpv4-sp/hard\libcr_eabihelpers.a(float.o)

.ARM.attributes
                0x00000000       0x39
 .ARM.attributes
                0x00000000       0x39 ./source/AD8232_APIv2.o
 .ARM.attributes
                0x00000039       0x39 ./source/App.o
 .ARM.attributes
                0x00000072       0x39 ./source/MAX30102_API.o
 .ARM.attributes
                0x000000ab       0x39 ./source/PIT_driver.o
 .ARM.attributes
                0x000000e4       0x39 ./source/TempSensor.o
 .ARM.attributes
                0x0000011d       0x39 ./source/adc.o
 .ARM.attributes
                0x00000156       0x39 ./source/algorithm_by_RF.o
 .ARM.attributes
                0x0000018f       0x39 ./source/i2c.o
 .ARM.attributes
                0x000001c8       0x39 ./source/portpin.o
 .ARM.attributes
                0x00000201       0x39 ./SDK/startup/hardware.o
 .ARM.attributes
                0x0000023a       0x39 ./SDK/startup/main.o
 .ARM.attributes
                0x00000273       0x39 ./SDK/startup/semihost_hardfault.o
 .ARM.attributes
                0x000002ac       0x39 ./SDK/startup/startup_mk64f12.o
 .ARM.attributes
                0x000002e5       0x39 ./SDK/CMSIS/system_MK64F12.o
 .ARM.attributes
                0x0000031e       0x39 c:/nxp/mcuxpressoide_10.2.0_759/ide/tools/bin/../lib/gcc/arm-none-eabi/7.2.1/../../../../arm-none-eabi/lib/thumb/v7e-m/fpv4-sp/hard\libcr_c.a(sqrt.o)
 .ARM.attributes
                0x00000357       0x39 c:/nxp/mcuxpressoide_10.2.0_759/ide/tools/bin/../lib/gcc/arm-none-eabi/7.2.1/../../../../arm-none-eabi/lib/thumb/v7e-m/fpv4-sp/hard\libcr_c.a(_hugeval.o)
 .ARM.attributes
                0x00000390       0x39 c:/nxp/mcuxpressoide_10.2.0_759/ide/tools/bin/../lib/gcc/arm-none-eabi/7.2.1/../../../../arm-none-eabi/lib/thumb/v7e-m/fpv4-sp/hard\libcr_c.a(errno.o)
 .ARM.attributes
                0x000003c9       0x39 c:/nxp/mcuxpressoide_10.2.0_759/ide/tools/bin/../lib/gcc/arm-none-eabi/7.2.1/thumb/v7e-m/fpv4-sp/hard\libcr_eabihelpers.a(double.o)
 .ARM.attributes
                0x00000402       0x39 c:/nxp/mcuxpressoide_10.2.0_759/ide/tools/bin/../lib/gcc/arm-none-eabi/7.2.1/thumb/v7e-m/fpv4-sp/hard\libcr_eabihelpers.a(float.o)

.debug_frame    0x00000000     0x1944
 .debug_frame   0x00000000       0x6c ./source/AD8232_APIv2.o
 .debug_frame   0x0000006c       0x60 ./source/App.o
 .debug_frame   0x000000cc      0x2e4 ./source/MAX30102_API.o
 .debug_frame   0x000003b0      0x218 ./source/PIT_driver.o
 .debug_frame   0x000005c8      0x1cc ./source/TempSensor.o
 .debug_frame   0x00000794      0x168 ./source/adc.o
 .debug_frame   0x000008fc      0x124 ./source/algorithm_by_RF.o
 .debug_frame   0x00000a20      0x2c0 ./source/i2c.o
 .debug_frame   0x00000ce0      0x230 ./source/portpin.o
 .debug_frame   0x00000f10       0x70 ./SDK/startup/hardware.o
 .debug_frame   0x00000f80       0x2c ./SDK/startup/main.o
 .debug_frame   0x00000fac       0x20 ./SDK/startup/semihost_hardfault.o
 .debug_frame   0x00000fcc      0x904 ./SDK/startup/startup_mk64f12.o
 .debug_frame   0x000018d0       0x74 ./SDK/CMSIS/system_MK64F12.o
