Archive member included to satisfy reference by file (symbol)

C:\Users\Tobias Scala\Documents\MCUXpressoIDE_10.2.0_759\HC05\lib\helix\libhelix.a(mp3dec.o)
                              ./source/audio.o (MP3InitDecoder)
C:\Users\Tobias Scala\Documents\MCUXpressoIDE_10.2.0_759\HC05\lib\helix\libhelix.a(mp3tabs.o)
                              C:\Users\Tobias Scala\Documents\MCUXpressoIDE_10.2.0_759\HC05\lib\helix\libhelix.a(mp3dec.o) (xmp3fixpt_samplesPerFrameTab)
C:\Users\Tobias Scala\Documents\MCUXpressoIDE_10.2.0_759\HC05\lib\helix\libhelix.a(bitstream.o)
                              C:\Users\Tobias Scala\Documents\MCUXpressoIDE_10.2.0_759\HC05\lib\helix\libhelix.a(mp3dec.o) (xmp3fixpt_CheckPadBit)
C:\Users\Tobias Scala\Documents\MCUXpressoIDE_10.2.0_759\HC05\lib\helix\libhelix.a(buffers.o)
                              C:\Users\Tobias Scala\Documents\MCUXpressoIDE_10.2.0_759\HC05\lib\helix\libhelix.a(mp3dec.o) (xmp3fixpt_AllocateBuffers)
C:\Users\Tobias Scala\Documents\MCUXpressoIDE_10.2.0_759\HC05\lib\helix\libhelix.a(dequant.o)
                              C:\Users\Tobias Scala\Documents\MCUXpressoIDE_10.2.0_759\HC05\lib\helix\libhelix.a(mp3dec.o) (xmp3fixpt_Dequantize)
C:\Users\Tobias Scala\Documents\MCUXpressoIDE_10.2.0_759\HC05\lib\helix\libhelix.a(dqchan.o)
                              C:\Users\Tobias Scala\Documents\MCUXpressoIDE_10.2.0_759\HC05\lib\helix\libhelix.a(dequant.o) (xmp3fixpt_DequantChannel)
C:\Users\Tobias Scala\Documents\MCUXpressoIDE_10.2.0_759\HC05\lib\helix\libhelix.a(huffman.o)
                              C:\Users\Tobias Scala\Documents\MCUXpressoIDE_10.2.0_759\HC05\lib\helix\libhelix.a(mp3dec.o) (xmp3fixpt_DecodeHuffman)
C:\Users\Tobias Scala\Documents\MCUXpressoIDE_10.2.0_759\HC05\lib\helix\libhelix.a(hufftabs.o)
                              C:\Users\Tobias Scala\Documents\MCUXpressoIDE_10.2.0_759\HC05\lib\helix\libhelix.a(huffman.o) (xmp3fixpt_quadTabMaxBits)
C:\Users\Tobias Scala\Documents\MCUXpressoIDE_10.2.0_759\HC05\lib\helix\libhelix.a(imdct.o)
                              C:\Users\Tobias Scala\Documents\MCUXpressoIDE_10.2.0_759\HC05\lib\helix\libhelix.a(mp3dec.o) (xmp3fixpt_IMDCT)
C:\Users\Tobias Scala\Documents\MCUXpressoIDE_10.2.0_759\HC05\lib\helix\libhelix.a(scalfact.o)
                              C:\Users\Tobias Scala\Documents\MCUXpressoIDE_10.2.0_759\HC05\lib\helix\libhelix.a(mp3dec.o) (xmp3fixpt_UnpackScaleFactors)
C:\Users\Tobias Scala\Documents\MCUXpressoIDE_10.2.0_759\HC05\lib\helix\libhelix.a(stproc.o)
                              C:\Users\Tobias Scala\Documents\MCUXpressoIDE_10.2.0_759\HC05\lib\helix\libhelix.a(dequant.o) (xmp3fixpt_MidSideProc)
C:\Users\Tobias Scala\Documents\MCUXpressoIDE_10.2.0_759\HC05\lib\helix\libhelix.a(subband.o)
                              C:\Users\Tobias Scala\Documents\MCUXpressoIDE_10.2.0_759\HC05\lib\helix\libhelix.a(mp3dec.o) (xmp3fixpt_Subband)
C:\Users\Tobias Scala\Documents\MCUXpressoIDE_10.2.0_759\HC05\lib\helix\libhelix.a(trigtabs_fixpt.o)
                              C:\Users\Tobias Scala\Documents\MCUXpressoIDE_10.2.0_759\HC05\lib\helix\libhelix.a(subband.o) (xmp3fixpt_polyCoef)
C:\Users\Tobias Scala\Documents\MCUXpressoIDE_10.2.0_759\HC05\lib\helix\libhelix.a(dct32.o)
                              C:\Users\Tobias Scala\Documents\MCUXpressoIDE_10.2.0_759\HC05\lib\helix\libhelix.a(subband.o) (xmp3fixpt_FDCT32)
C:\Users\Tobias Scala\Documents\MCUXpressoIDE_10.2.0_759\HC05\lib\helix\libhelix.a(polyphase.o)
                              C:\Users\Tobias Scala\Documents\MCUXpressoIDE_10.2.0_759\HC05\lib\helix\libhelix.a(subband.o) (xmp3fixpt_PolyphaseMono)
c:/nxp/mcuxpressoide_10.2.0_759/ide/tools/bin/../lib/gcc/arm-none-eabi/7.2.1/../../../../arm-none-eabi/lib/thumb/v7e-m/fpv4-sp/hard\libcr_c.a(memcpy.o)
                              ./source/App.o (memcpy)
c:/nxp/mcuxpressoide_10.2.0_759/ide/tools/bin/../lib/gcc/arm-none-eabi/7.2.1/../../../../arm-none-eabi/lib/thumb/v7e-m/fpv4-sp/hard\libcr_c.a(memmove.o)
                              C:\Users\Tobias Scala\Documents\MCUXpressoIDE_10.2.0_759\HC05\lib\helix\libhelix.a(mp3dec.o) (memmove)
c:/nxp/mcuxpressoide_10.2.0_759/ide/tools/bin/../lib/gcc/arm-none-eabi/7.2.1/../../../../arm-none-eabi/lib/thumb/v7e-m/fpv4-sp/hard\libcr_c.a(sin.o)
                              ./source/audio.o (sin)
c:/nxp/mcuxpressoide_10.2.0_759/ide/tools/bin/../lib/gcc/arm-none-eabi/7.2.1/../../../../arm-none-eabi/lib/thumb/v7e-m/fpv4-sp/hard\libcr_c.a(sqrt.o)
                              ./source/algorithm_by_RF.o (sqrt)
c:/nxp/mcuxpressoide_10.2.0_759/ide/tools/bin/../lib/gcc/arm-none-eabi/7.2.1/../../../../arm-none-eabi/lib/thumb/v7e-m/fpv4-sp/hard\libcr_c.a(_hugeval.o)
                              c:/nxp/mcuxpressoide_10.2.0_759/ide/tools/bin/../lib/gcc/arm-none-eabi/7.2.1/../../../../arm-none-eabi/lib/thumb/v7e-m/fpv4-sp/hard\libcr_c.a(sqrt.o) (__huge_val)
[...]
Memory Configuration

Name             Origin             Length             Attributes
PROGRAM_FLASH    0x00000000         0x00100000         xr
SRAM_UPPER       0x20000000         0x00030000         xrw
SRAM_LOWER       0x1fff0000         0x00010000         xrw
FLEX_RAM         0x14000000         0x00001000         xrw
*default*        0x00000000         0xffffffff

Linker script and memory map

LOAD ./source/AD8232_APIv2.o
LOAD ./source/App.o
LOAD ./source/FreescaleIAP.o
LOAD ./source/MAX30102_API.o
LOAD ./source/PIT_driver.o
LOAD ./source/TempSensor.o
LOAD ./source/adc.o
LOAD ./source/algorithm.o
LOAD ./source/algorithm_by_RF.o
LOAD ./source/audio.o
LOAD ./source/dma.o
LOAD ./source/flash.o
LOAD ./source/hc05.o
LOAD ./source/i2c.o
LOAD ./source/i2s.o
LOAD ./source/packageTxHandler.o
LOAD ./source/portpin.o
LOAD ./source/uart.o
LOAD ./source/uda1380.o
LOAD ./SDK/startup/hardware.o
LOAD ./SDK/startup/main.o
LOAD ./SDK/startup/semihost_hardfault.o
LOAD ./SDK/startup/startup_mk64f12.o
LOAD ./SDK/CMSIS/system_MK64F12.o
LOAD C:\Users\Tobias Scala\Documents\MCUXpressoIDE_10.2.0_759\HC05\lib\helix\libhelix.a
START GROUP
LOAD c:/nxp/mcuxpressoide_10.2.0_759/ide/tools/bin/../lib/gcc/arm-none-eabi/7.2.1/../../../../arm-none-eabi/lib/thumb/v7e-m/fpv4-sp/hard\libcr_c.a
LOAD c:/nxp/mcuxpressoide_10.2.0_759/ide/tools/bin/../lib/gcc/arm-none-eabi/7.2.1/thumb/v7e-m/fpv4-sp/hard\libcr_eabihelpers.a
END GROUP
                0x00000000                __base_PROGRAM_FLASH = 0x0
                0x00000000                __base_Flash = 0x0
                0x00100000                __top_PROGRAM_FLASH = 0x100000
                0x00100000                __top_Flash = 0x100000
                0x20000000                __base_SRAM_UPPER = 0x20000000
                0x20000000                __base_RAM = 0x20000000
                0x20030000                __top_SRAM_UPPER = 0x20030000
                0x20030000                __top_RAM = 0x20030000
                0x1fff0000                __base_SRAM_LOWER = 0x1fff0000
                0x1fff0000                __base_RAM2 = 0x1fff0000
                0x20000000                __top_SRAM_LOWER = 0x20000000
                0x20000000                __top_RAM2 = 0x20000000
                0x14000000                __base_FLEX_RAM = 0x14000000
                0x14000000                __base_RAM3 = 0x14000000
                0x14001000                __top_FLEX_RAM = 0x14001000
                0x14001000                __top_RAM3 = 0x14001000

.text           0x00000000     0xdea8
 FILL mask 0xff
                0x00000000                __vectors_start__ = ABSOLUTE (.)
 *(SORT_BY_ALIGNMENT(.isr_vector))
 .isr_vector    0x00000000      0x198 ./SDK/startup/startup_mk64f12.o
                0x00000000                g_pfnVectors
                0x00000000                __Vectors
                0x00000198                . = ALIGN (0x4)
                0x00000198                __section_table_start = .
                0x00000198                __data_section_table = .
                0x00000198        0x4 LONG 0xdea8 LOADADDR (.data)
                0x0000019c        0x4 LONG 0x20000000 ADDR (.data)
                0x000001a0        0x4 LONG 0x5270 SIZEOF (.data)
                0x000001a4        0x4 LONG 0xdea8 LOADADDR (.data_RAM2)
                0x000001a8        0x4 LONG 0x1fff0000 ADDR (.data_RAM2)
                0x000001ac        0x4 LONG 0x0 SIZEOF (.data_RAM2)
                0x000001b0        0x4 LONG 0xdea8 LOADADDR (.data_RAM3)
                0x000001b4        0x4 LONG 0x14000000 ADDR (.data_RAM3)
                0x000001b8        0x4 LONG 0x0 SIZEOF (.data_RAM3)
                0x000001bc                __data_section_table_end = .
                0x000001bc                __bss_section_table = .
                0x000001bc        0x4 LONG 0x20005270 ADDR (.bss)
                0x000001c0        0x4 LONG 0x8048 SIZEOF (.bss)
                0x000001c4        0x4 LONG 0x1fff0000 ADDR (.bss_RAM2)
                0x000001c8        0x4 LONG 0x0 SIZEOF (.bss_RAM2)
                0x000001cc        0x4 LONG 0x14000000 ADDR (.bss_RAM3)
                0x000001d0        0x4 LONG 0x0 SIZEOF (.bss_RAM3)
                0x000001d4                __bss_section_table_end = .
                0x000001d4                __section_table_end = .
 *(SORT_BY_ALIGNMENT(.after_vectors*))
 .after_vectors.reset
                0x000001d4       0x4c ./SDK/startup/startup_mk64f12.o
                0x000001d4                ResetISR
 .after_vectors.init_data
                0x00000220       0x1e ./SDK/startup/startup_mk64f12.o
                0x00000220                data_init
 .after_vectors.init_bss
                0x0000023e       0x12 ./SDK/startup/startup_mk64f12.o
                0x0000023e                bss_init
 .after_vectors
                0x00000250       0x14 ./SDK/startup/startup_mk64f12.o
                0x00000250                NMI_Handler
                0x00000254                MemManage_Handler
                0x00000256                BusFault_Handler
                0x00000258                UsageFault_Handler
                0x0000025a                SVC_Handler
                0x0000025c                DebugMon_Handler
                0x0000025e                PendSV_Handler
                0x00000260                SysTick_Handler
                0x00000262                DMA_Error_DriverIRQHandler
                0x00000262                LPTMR0_DriverIRQHandler
                0x00000262                FTM1_DriverIRQHandler
                0x00000262                FTM2_DriverIRQHandler
                0x00000262                PIT2_DriverIRQHandler
                0x00000262                SDHC_DriverIRQHandler
                0x00000262                I2S0_Tx_DriverIRQHandler
                0x00000262                RTC_Seconds_DriverIRQHandler
                0x00000262                DMA6_DriverIRQHandler
                0x00000262                LLWU_DriverIRQHandler
                0x00000262                MCM_DriverIRQHandler
                0x00000262                MCG_DriverIRQHandler
                0x00000262                ENET_1588_Timer_DriverIRQHandler
                0x00000262                I2C2_DriverIRQHandler
                0x00000262                DAC1_DriverIRQHandler
                0x00000262                SPI1_DriverIRQHandler
                0x00000262                CMP1_DriverIRQHandler
                0x00000262                UART5_RX_TX_DriverIRQHandler
                0x00000262                FTM0_DriverIRQHandler
                0x00000262                IntDefaultHandler
                0x00000262                USB0_DriverIRQHandler
                0x00000262                UART5_ERR_DriverIRQHandler
                0x00000262                PORTC_DriverIRQHandler
                0x00000262                DMA11_DriverIRQHandler
                0x00000262                DAC0_DriverIRQHandler
                0x00000262                DMA10_DriverIRQHandler
                0x00000262                CMP2_DriverIRQHandler
                0x00000262                UART2_ERR_DriverIRQHandler
                0x00000262                SPI2_DriverIRQHandler
                0x00000262                LVD_LVW_DriverIRQHandler
                0x00000262                PIT0_DriverIRQHandler
                0x00000262                RNG_DriverIRQHandler
                0x00000262                DMA12_DriverIRQHandler
                0x00000262                DMA4_DriverIRQHandler
                0x00000262                UART2_RX_TX_DriverIRQHandler
                0x00000262                USBDCD_DriverIRQHandler
                0x00000262                UART3_ERR_DriverIRQHandler
                0x00000262                DMA3_DriverIRQHandler
                0x00000262                DMA8_DriverIRQHandler
                0x00000262                DMA9_DriverIRQHandler
                0x00000262                UART0_ERR_DriverIRQHandler
                0x00000262                CMT_DriverIRQHandler
                0x00000262                Reserved71_DriverIRQHandler
                0x00000262                ADC1_DriverIRQHandler
                0x00000262                PORTA_DriverIRQHandler
                0x00000262                DMA14_DriverIRQHandler
                0x00000262                PIT3_DriverIRQHandler
                0x00000262                PIT1_DriverIRQHandler
                0x00000262                WDOG_EWM_DriverIRQHandler
                0x00000262                PDB0_DriverIRQHandler
                0x00000262                RTC_DriverIRQHandler
                0x00000262                I2S0_Rx_DriverIRQHandler
                0x00000262                Read_Collision_DriverIRQHandler
                0x00000262                SWI_DriverIRQHandler
                0x00000262                UART4_RX_TX_DriverIRQHandler
                0x00000262                UART4_ERR_DriverIRQHandler
                0x00000262                PORTB_DriverIRQHandler
                0x00000262                UART0_LON_DriverIRQHandler
                0x00000262                DMA0_DriverIRQHandler
                0x00000262                DMA1_DriverIRQHandler
                0x00000262                I2C1_DriverIRQHandler
                0x00000262                UART3_RX_TX_DriverIRQHandler
                0x00000262                ENET_Receive_DriverIRQHandler
                0x00000262                DMA13_DriverIRQHandler
                0x00000262                ENET_Error_DriverIRQHandler
                0x00000262                DMA15_DriverIRQHandler
                0x00000262                UART0_RX_TX_DriverIRQHandler
                0x00000262                SPI0_DriverIRQHandler
                0x00000262                ADC0_DriverIRQHandler
                0x00000262                CMP0_DriverIRQHandler
                0x00000262                CAN0_DriverIRQHandler
                0x00000262                FTM3_DriverIRQHandler
                0x00000262                DMA5_DriverIRQHandler
                0x00000262                UART1_ERR_DriverIRQHandler
                0x00000262                DMA2_DriverIRQHandler
                0x00000262                ENET_Transmit_DriverIRQHandler
                0x00000262                PORTD_DriverIRQHandler
                0x00000262                PORTE_DriverIRQHandler
                0x00000262                FTFE_DriverIRQHandler
                0x00000262                I2C0_DriverIRQHandler
                0x00000262                DMA7_DriverIRQHandler
                0x00000262                UART1_RX_TX_DriverIRQHandler
                0x00000400                . = 0x400
 *fill*         0x00000264      0x19c ff
                0x00000400                PROVIDE (__FLASH_CONFIG_START__, .)
 *(SORT_BY_ALIGNMENT(.FlashConfig))
 .FlashConfig   0x00000400       0x10 ./SDK/startup/startup_mk64f12.o
                0x00000400                Flash_Config
                0x00000410                PROVIDE (__FLASH_CONFIG_END__, .)
                0x00000001                ASSERT (! ((__FLASH_CONFIG_START__ == __FLASH_CONFIG_END__)), Linker Flash Config Support Enabled, but no .FlashConfig section provided within application)
 *(SORT_BY_ALIGNMENT(.text*))
 .text.rf_heart_rate_and_oxygen_saturation
                0x00000410      0x4a4 ./source/algorithm_by_RF.o
                0x00000410                rf_heart_rate_and_oxygen_saturation
 *fill*         0x000008b4        0x4 ff
 .text.setOximeterData
                0x000008b8       0xfc ./source/packageTxHandler.o
                0x000008b8                setOximeterData
 *fill*         0x000009b4        0x4 ff
 .text.sqrt     0x000009b8      0x11c c:/nxp/mcuxpressoide_10.2.0_759/ide/tools/bin/../lib/gcc/arm-none-eabi/7.2.1/../../../../arm-none-eabi/lib/thumb/v7e-m/fpv4-sp/hard\libcr_c.a(sqrt.o)
                0x000009b8                sqrt
 .text.getCARDIOdata
                0x00000ad4       0x48 ./source/AD8232_APIv2.o
                0x00000ad4                getCARDIOdata
 .text.App_Run  0x00000b1c      0x21c ./source/App.o
                0x00000b1c                App_Run
 .text.erase_sector
                0x00000d38       0x54 ./source/FreescaleIAP.o
                0x00000d38                erase_sector
 .text.flash_size
                0x00000d8c       0x54 ./source/FreescaleIAP.o
                0x00000d8c                flash_size
 .text.program_word
                0x00000de0       0xa4 ./source/FreescaleIAP.o
                0x00000de0                program_word
 .text.run_command
                0x00000e84       0x2c ./source/FreescaleIAP.o
                0x00000e84                run_command
 .text.verify_erased
                0x00000eb0       0x8c ./source/FreescaleIAP.o
                0x00000eb0                verify_erased
 .text.check_error
                0x00000f3c       0x64 ./source/FreescaleIAP.o
                0x00000f3c                check_error
 .text.writeReg
                0x00000fa0       0x48 ./source/MAX30102_API.o
                0x00000fa0                writeReg
 .text.readReg  0x00000fe8       0x4c ./source/MAX30102_API.o
                0x00000fe8                readReg
 .text.MAX30102_init
                0x00001034      0x160 ./source/MAX30102_API.o
                0x00001034                MAX30102_init
 .text.readFIFO
                0x00001194       0xe0 ./source/MAX30102_API.o
                0x00001194                readFIFO
 .text.MAX30102_readTemperature
                0x00001274       0xa4 ./source/MAX30102_API.o
                0x00001274                MAX30102_readTemperature
 .text.softReset
                0x00001318       0x8c ./source/MAX30102_API.o
                0x00001318                softReset
 .text.ambientLigthNoise
                0x000013a4       0x30 ./source/MAX30102_API.o
                0x000013a4                ambientLigthNoise
 .text.OXIdata2read
                0x000013d4       0x28 ./source/MAX30102_API.o
                0x000013d4                OXIdata2read
 .text.getOXIdata
                0x000013fc       0x54 ./source/MAX30102_API.o
                0x000013fc                getOXIdata
 .text.MAX30102read
                0x00001450       0xac ./source/MAX30102_API.o
                0x00001450                MAX30102read
 .text.__NVIC_EnableIRQ
                0x000014fc       0x3c ./source/PIT_driver.o
 .text.__NVIC_ClearPendingIRQ
                0x00001538       0x3c ./source/PIT_driver.o
 .text.PIT_init
                0x00001574       0x98 ./source/PIT_driver.o
                0x00001574                PIT_init
 .text.PIT_start
                0x0000160c       0x98 ./source/PIT_driver.o
                0x0000160c                PIT_start
 .text.PIT_setRutine
                0x000016a4       0x30 ./source/PIT_driver.o
                0x000016a4                PIT_setRutine
 .text.PIT0_IRQHandler
                0x000016d4       0x38 ./source/PIT_driver.o
                0x000016d4                PIT0_IRQHandler
 .text.PIT1_IRQHandler
                0x0000170c       0x38 ./source/PIT_driver.o
                0x0000170c                PIT1_IRQHandler
 .text.PIT2_IRQHandler
                0x00001744       0x40 ./source/PIT_driver.o
                0x00001744                PIT2_IRQHandler
 .text.PIT3_IRQHandler
                0x00001784       0x40 ./source/PIT_driver.o
                0x00001784                PIT3_IRQHandler
 .text.__NVIC_EnableIRQ
                0x000017c4       0x3c ./source/adc.o
 .text.__NVIC_DisableIRQ
                0x00001800       0x44 ./source/adc.o
 .text.ADCconfigure
                0x00001844       0xd0 ./source/adc.o
                0x00001844                ADCconfigure
 .text.ADCstart
                0x00001914       0x54 ./source/adc.o
                0x00001914                ADCstart
 .text.ADC0start
                0x00001968       0x1c ./source/adc.o
                0x00001968                ADC0start
 .text.getADCdata
                0x00001984       0x5c ./source/adc.o
                0x00001984                getADCdata
 .text.ADCdata2read
                0x000019e0       0x30 ./source/adc.o
                0x000019e0                ADCdata2read
 .text.ADC0_IRQHandler
                0x00001a10       0x7c ./source/adc.o
                0x00001a10                ADC0_IRQHandler
 .text.audioInit
                0x00001a8c       0x60 ./source/audio.o
                0x00001a8c                audioInit
 .text.audioPlaying
                0x00001aec       0x18 ./source/audio.o
                0x00001aec                audioPlaying
 .text.audioPlay
                0x00001b04      0x1b4 ./source/audio.o
                0x00001b04                audioPlay
 .text.__NVIC_EnableIRQ
                0x00001cb8       0x3c ./source/dma.o
 .text.DMAconfigure
                0x00001cf4      0x164 ./source/dma.o
                0x00001cf4                DMAconfigure
 .text.DMAenable
                0x00001e58       0x50 ./source/dma.o
                0x00001e58                DMAenable
 .text.DMAenableIRQ
                0x00001ea8       0x6c ./source/dma.o
                0x00001ea8                DMAenableIRQ
 .text.DMA0_IRQHandler
                0x00001f14       0x9c ./source/dma.o
                0x00001f14                DMA0_IRQHandler
 .text.DMA1_IRQHandler
                0x00001fb0       0x7c ./source/dma.o
                0x00001fb0                DMA1_IRQHandler
 .text.DMA2_IRQHandler
                0x0000202c       0x7c ./source/dma.o
                0x0000202c                DMA2_IRQHandler
 .text.flashWrite
                0x000020a8       0x94 ./source/flash.o
                0x000020a8                flashWrite
 .text.__NVIC_DisableIRQ
                0x0000213c       0x44 ./source/i2c.o
 .text.startSignal
                0x00002180       0x38 ./source/i2c.o
                0x00002180                startSignal
 .text.restartSignal
                0x000021b8       0x38 ./source/i2c.o
                0x000021b8                restartSignal
 .text.stopSignal
                0x000021f0       0x38 ./source/i2c.o
                0x000021f0                stopSignal
 .text.I2Cmachine
                0x00002228      0x3b0 ./source/i2c.o
                0x00002228                I2Cmachine
 .text.I2Cconfiguration
                0x000025d8      0x144 ./source/i2c.o
                0x000025d8                I2Cconfiguration
 .text.writeI2Cmessage
                0x0000271c       0xac ./source/i2c.o
                0x0000271c                writeI2Cmessage
 .text.readI2Cmessage
                0x000027c8       0xac ./source/i2c.o
                0x000027c8                readI2Cmessage
 .text.blockingI2Ctransmition
                0x00002874      0x1f0 ./source/i2c.o
                0x00002874                blockingI2Ctransmition
 .text.I2C0_IRQHandler
                0x00002a64       0x40 ./source/i2c.o
                0x00002a64                I2C0_IRQHandler
 .text.I2C1_IRQHandler
                0x00002aa4       0x40 ./source/i2c.o
                0x00002aa4                I2C1_IRQHandler
 .text.I2Sreset
                0x00002ae4       0x54 ./source/i2s.o
                0x00002ae4                I2Sreset
 .text.I2SmajorDMA
                0x00002b38       0x18 ./source/i2s.o
                0x00002b38                I2SmajorDMA
 .text.I2Sconfigure
                0x00002b50      0x1f4 ./source/i2s.o
                0x00002b50                I2Sconfigure
 .text.I2StransmitionDMA
                0x00002d44       0x58 ./source/i2s.o
                0x00002d44                I2StransmitionDMA
 .text.I2Sdatasent
                0x00002d9c       0x28 ./source/i2s.o
                0x00002d9c                I2Sdatasent
 .text.createTempPackage
                0x00002dc4       0x30 ./source/packageTxHandler.o
                0x00002dc4                createTempPackage
 .text.createOximeterPackage
                0x00002df4       0x58 ./source/packageTxHandler.o
                0x00002df4                createOximeterPackage
 .text.createECGPackage
                0x00002e4c       0x3c ./source/packageTxHandler.o
                0x00002e4c                createECGPackage
 .text.setTempData
                0x00002e88       0x70 ./source/packageTxHandler.o
                0x00002e88                setTempData
 .text.setECGData
                0x00002ef8       0x2c ./source/packageTxHandler.o
                0x00002ef8                setECGData
 .text.sendTempPackage
                0x00002f24       0x14 ./source/packageTxHandler.o
                0x00002f24                sendTempPackage
 .text.sendOximeterPackage
                0x00002f38       0x14 ./source/packageTxHandler.o
                0x00002f38                sendOximeterPackage
 .text.sendECGPackage
                0x00002f4c       0x18 ./source/packageTxHandler.o
                0x00002f4c                sendECGPackage
 .text.PINconfigure
                0x00002f64       0x98 ./source/portpin.o
                0x00002f64                PINconfigure
 .text.PINopendrain
                0x00002ffc       0x54 ./source/portpin.o
                0x00002ffc                PINopendrain
 .text.PINmode  0x00003050       0x64 ./source/portpin.o
                0x00003050                PINmode
 .text.PINread  0x000030b4       0x50 ./source/portpin.o
                0x000030b4                PINread
 .text.PORTA_IRQHandler
                0x00003104       0x90 ./source/portpin.o
                0x00003104                PORTA_IRQHandler
 .text.PORTC_IRQHandler
                0x00003194       0x90 ./source/portpin.o
                0x00003194                PORTC_IRQHandler
 .text.__NVIC_EnableIRQ
                0x00003224       0x3c ./source/uart.o
 .text.UARTconfigure
                0x00003260      0x1d8 ./source/uart.o
                0x00003260                UARTconfigure
 .text.baudrateCalculator
                0x00003438       0xd0 ./source/uart.o
                0x00003438                baudrateCalculator
 .text.UARTwriteMSG
                0x00003508       0xa8 ./source/uart.o
                0x00003508                UARTwriteMSG
 .text.UARTreadMSG
                0x000035b0       0xac ./source/uart.o
                0x000035b0                UARTreadMSG
 .text.UART0_RX_TX_IRQHandler
                0x0000365c       0xec ./source/uart.o
                0x0000365c                UART0_RX_TX_IRQHandler
 .text.UART1_RX_TX_IRQHandler
                0x00003748       0xec ./source/uart.o
                0x00003748                UART1_RX_TX_IRQHandler
 .text.UART3_RX_TX_IRQHandler
                0x00003834       0xec ./source/uart.o
                0x00003834                UART3_RX_TX_IRQHandler
 .text.UDA1380Init
                0x00003920      0x17c ./source/uda1380.o
                0x00003920                UDA1380Init
 .text.hw_Init  0x00003a9c      0x10c ./SDK/startup/hardware.o
                0x00003a9c                hw_Init
 .text.hw_EnableInterrupts
                0x00003ba8       0x30 ./SDK/startup/hardware.o
                0x00003ba8                hw_EnableInterrupts
 .text.hw_DisableInterrupts
                0x00003bd8       0x20 ./SDK/startup/hardware.o
                0x00003bd8                hw_DisableInterrupts
 .text.SystemInit
                0x00003bf8       0x3c ./SDK/CMSIS/system_MK64F12.o
                0x00003bf8                SystemInit
 .text          0x00003c34      0xaa8 C:\Users\Tobias Scala\Documents\MCUXpressoIDE_10.2.0_759\HC05\lib\helix\libhelix.a(mp3dec.o)
                0x00003c34                MP3InitDecoder
                0x00003c38                MP3FreeDecoder
                0x00003c40                MP3FindSyncWord
                0x00003c6c                MP3GetLastFrameInfo
                0x00003cc4                MP3GetNextFrameInfo
                0x00003d24                MP3Decode
 .text          0x000046dc      0xcb8 C:\Users\Tobias Scala\Documents\MCUXpressoIDE_10.2.0_759\HC05\lib\helix\libhelix.a(bitstream.o)
                0x0000491c                xmp3fixpt_SetBitstreamPointer
                0x00004928                xmp3fixpt_GetBits
                0x000049f8                xmp3fixpt_CalcBitsUsed
                0x00004a0c                xmp3fixpt_CheckPadBit
                0x00004a24                xmp3fixpt_UnpackFrameHeader
                0x00004c10                xmp3fixpt_UnpackSideInfo
 .text          0x00005394       0xd0 C:\Users\Tobias Scala\Documents\MCUXpressoIDE_10.2.0_759\HC05\lib\helix\libhelix.a(buffers.o)
                0x00005394                xmp3fixpt_AllocateBuffers
                0x00005460                xmp3fixpt_FreeBuffers
 .text          0x00005464      0x284 C:\Users\Tobias Scala\Documents\MCUXpressoIDE_10.2.0_759\HC05\lib\helix\libhelix.a(dequant.o)
                0x00005464                xmp3fixpt_Dequantize
 .text          0x000056e8      0x40c C:\Users\Tobias Scala\Documents\MCUXpressoIDE_10.2.0_759\HC05\lib\helix\libhelix.a(dqchan.o)
                0x00005878                xmp3fixpt_DequantChannel
 .text          0x00005af4      0x7c0 C:\Users\Tobias Scala\Documents\MCUXpressoIDE_10.2.0_759\HC05\lib\helix\libhelix.a(huffman.o)
                0x00005af4                xmp3fixpt_DecodeHuffman
 .text          0x000062b4     0x140c C:\Users\Tobias Scala\Documents\MCUXpressoIDE_10.2.0_759\HC05\lib\helix\libhelix.a(imdct.o)
                0x00006620                xmp3fixpt_IMDCT
 .text          0x000076c0      0x87c C:\Users\Tobias Scala\Documents\MCUXpressoIDE_10.2.0_759\HC05\lib\helix\libhelix.a(scalfact.o)
                0x000076c0                xmp3fixpt_UnpackScaleFactors
 .text          0x00007f3c      0x644 C:\Users\Tobias Scala\Documents\MCUXpressoIDE_10.2.0_759\HC05\lib\helix\libhelix.a(stproc.o)
                0x00007f3c                xmp3fixpt_MidSideProc
                0x00007fa0                xmp3fixpt_IntensityProcMPEG1
                0x000082d0                xmp3fixpt_IntensityProcMPEG2
 .text          0x00008580      0x114 C:\Users\Tobias Scala\Documents\MCUXpressoIDE_10.2.0_759\HC05\lib\helix\libhelix.a(subband.o)
                0x00008580                xmp3fixpt_Subband
 .text          0x00008694      0xa80 C:\Users\Tobias Scala\Documents\MCUXpressoIDE_10.2.0_759\HC05\lib\helix\libhelix.a(dct32.o)
                0x00008694                xmp3fixpt_FDCT32
 .text          0x00009114      0x858 C:\Users\Tobias Scala\Documents\MCUXpressoIDE_10.2.0_759\HC05\lib\helix\libhelix.a(polyphase.o)
                0x00009114                xmp3fixpt_PolyphaseMono
                0x000093fc                xmp3fixpt_PolyphaseStereo
 .text.__aeabi_dmul
                0x0000996c      0x11c c:/nxp/mcuxpressoide_10.2.0_759/ide/tools/bin/../lib/gcc/arm-none-eabi/7.2.1/thumb/v7e-m/fpv4-sp/hard\libcr_eabihelpers.a(double.o)
                0x0000996c                __aeabi_dmul
 .text.__aeabi_ddiv
                0x00009a88      0x138 c:/nxp/mcuxpressoide_10.2.0_759/ide/tools/bin/../lib/gcc/arm-none-eabi/7.2.1/thumb/v7e-m/fpv4-sp/hard\libcr_eabihelpers.a(double.o)
                0x00009a88                __aeabi_ddiv
 .text.__aeabi_dsub
                0x00009bc0      0x1b4 c:/nxp/mcuxpressoide_10.2.0_759/ide/tools/bin/../lib/gcc/arm-none-eabi/7.2.1/thumb/v7e-m/fpv4-sp/hard\libcr_eabihelpers.a(double.o)
                0x00009bc0                __aeabi_dsub
 .text.__aeabi_dadd
                0x00009d74      0x10c c:/nxp/mcuxpressoide_10.2.0_759/ide/tools/bin/../lib/gcc/arm-none-eabi/7.2.1/thumb/v7e-m/fpv4-sp/hard\libcr_eabihelpers.a(double.o)
                0x00009d74                __aeabi_dadd
 .text.__aeabi_d2f
                0x00009e80       0x54 c:/nxp/mcuxpressoide_10.2.0_759/ide/tools/bin/../lib/gcc/arm-none-eabi/7.2.1/thumb/v7e-m/fpv4-sp/hard\libcr_eabihelpers.a(double.o)
                0x00009e80                __aeabi_d2f
 .text.__aeabi_f2d
                0x00009ed4       0x38 c:/nxp/mcuxpressoide_10.2.0_759/ide/tools/bin/../lib/gcc/arm-none-eabi/7.2.1/thumb/v7e-m/fpv4-sp/hard\libcr_eabihelpers.a(float.o)
                0x00009ed4                __aeabi_f2d
 .text.AD8232_init
                0x00009f0c       0x3e ./source/AD8232_APIv2.o
                0x00009f0c                AD8232_init
 .text.CARDIOdata2read
                0x00009f4a       0x10 ./source/AD8232_APIv2.o
                0x00009f4a                CARDIOdata2read
 .text.App_Init
                0x00009f5a       0x38 ./source/App.o
                0x00009f5a                App_Init
 .text.program_flash
                0x00009f92       0x7a ./source/FreescaleIAP.o
                0x00009f92                program_flash
 .text.check_align
                0x0000a00c       0x26 ./source/FreescaleIAP.o
                0x0000a00c                check_align
 .text.getIntr1
                0x0000a032       0x1c ./source/MAX30102_API.o
                0x0000a032                getIntr1
 .text.MAX30102_convertionRdy
                0x0000a04e       0x10 ./source/MAX30102_API.o
                0x0000a04e                MAX30102_convertionRdy
 .text.do_nothing
                0x0000a05e        0xe ./source/PIT_driver.o
                0x0000a05e                do_nothing
 .text.rf_linear_regression_beta
                0x0000a06c       0x88 ./source/algorithm_by_RF.o
                0x0000a06c                rf_linear_regression_beta
 .text.rf_autocorrelation
                0x0000a0f4       0x96 ./source/algorithm_by_RF.o
                0x0000a0f4                rf_autocorrelation
 .text.rf_initialize_periodicity_search
                0x0000a18a       0xfe ./source/algorithm_by_RF.o
                0x0000a18a                rf_initialize_periodicity_search
 .text.rf_signal_periodicity
                0x0000a288      0x126 ./source/algorithm_by_RF.o
                0x0000a288                rf_signal_periodicity
 .text.rf_rms   0x0000a3ae       0xa4 ./source/algorithm_by_RF.o
                0x0000a3ae                rf_rms
 .text.rf_Pcorrelation
                0x0000a452       0x84 ./source/algorithm_by_RF.o
                0x0000a452                rf_Pcorrelation
 .text.HC05init
                0x0000a4d6       0x1a ./source/hc05.o
                0x0000a4d6                HC05init
 .text.HC05receive
                0x0000a4f0       0x22 ./source/hc05.o
                0x0000a4f0                HC05receive
 .text.HC05trasmit
                0x0000a512       0x22 ./source/hc05.o
                0x0000a512                HC05trasmit
 .text.delayLoop
                0x0000a534       0x24 ./source/i2c.o
                0x0000a534                delayLoop
 .text.initPackage
                0x0000a558       0x18 ./source/packageTxHandler.o
                0x0000a558                initPackage
 .text.enableUARTinterrupt
                0x0000a570       0x32 ./source/uart.o
                0x0000a570                enableUARTinterrupt
 .text.disableUARTinterrupt
                0x0000a5a2       0x32 ./source/uart.o
                0x0000a5a2                disableUARTinterrupt
 .text.main     0x0000a5d4       0x1a ./SDK/startup/main.o
                0x0000a5d4                main
 .text.HardFault_Handler
                0x0000a5ee       0x2c ./SDK/startup/semihost_hardfault.o
                0x0000a5ee                HardFault_Handler
 .text.DMA3_IRQHandler
                0x0000a61a        0x8 ./SDK/startup/startup_mk64f12.o
                0x0000a61a                DMA3_IRQHandler
 .text.DMA4_IRQHandler
                0x0000a622        0x8 ./SDK/startup/startup_mk64f12.o
                0x0000a622                DMA4_IRQHandler
 .text.DMA5_IRQHandler
                0x0000a62a        0x8 ./SDK/startup/startup_mk64f12.o
                0x0000a62a                DMA5_IRQHandler
 .text.DMA6_IRQHandler
                0x0000a632        0x8 ./SDK/startup/startup_mk64f12.o
                0x0000a632                DMA6_IRQHandler
 .text.DMA7_IRQHandler
                0x0000a63a        0x8 ./SDK/startup/startup_mk64f12.o
                0x0000a63a                DMA7_IRQHandler
 .text.DMA8_IRQHandler
                0x0000a642        0x8 ./SDK/startup/startup_mk64f12.o
                0x0000a642                DMA8_IRQHandler
 .text.DMA9_IRQHandler
                0x0000a64a        0x8 ./SDK/startup/startup_mk64f12.o
                0x0000a64a                DMA9_IRQHandler
 .text.DMA10_IRQHandler
                0x0000a652        0x8 ./SDK/startup/startup_mk64f12.o
                0x0000a652                DMA10_IRQHandler
 .text.DMA11_IRQHandler
                0x0000a65a        0x8 ./SDK/startup/startup_mk64f12.o
                0x0000a65a                DMA11_IRQHandler
 .text.DMA12_IRQHandler
                0x0000a662        0x8 ./SDK/startup/startup_mk64f12.o
                0x0000a662                DMA12_IRQHandler
 .text.DMA13_IRQHandler
                0x0000a66a        0x8 ./SDK/startup/startup_mk64f12.o
                0x0000a66a                DMA13_IRQHandler
 .text.DMA14_IRQHandler
                0x0000a672        0x8 ./SDK/startup/startup_mk64f12.o
                0x0000a672                DMA14_IRQHandler
 .text.DMA15_IRQHandler
                0x0000a67a        0x8 ./SDK/startup/startup_mk64f12.o
                0x0000a67a                DMA15_IRQHandler
 .text.DMA_Error_IRQHandler
                0x0000a682        0x8 ./SDK/startup/startup_mk64f12.o
                0x0000a682                DMA_Error_IRQHandler
 .text.MCM_IRQHandler
                0x0000a68a        0x8 ./SDK/startup/startup_mk64f12.o
                0x0000a68a                MCM_IRQHandler
 .text.FTFE_IRQHandler
                0x0000a692        0x8 ./SDK/startup/startup_mk64f12.o
                0x0000a692                FTFE_IRQHandler
 .text.Read_Collision_IRQHandler
                0x0000a69a        0x8 ./SDK/startup/startup_mk64f12.o
                0x0000a69a                Read_Collision_IRQHandler
 .text.LVD_LVW_IRQHandler
                0x0000a6a2        0x8 ./SDK/startup/startup_mk64f12.o
                0x0000a6a2                LVD_LVW_IRQHandler
 .text.LLWU_IRQHandler
                0x0000a6aa        0x8 ./SDK/startup/startup_mk64f12.o
                0x0000a6aa                LLWU_IRQHandler
 .text.WDOG_EWM_IRQHandler
                0x0000a6b2        0x8 ./SDK/startup/startup_mk64f12.o
                0x0000a6b2                WDOG_EWM_IRQHandler
 .text.RNG_IRQHandler
                0x0000a6ba        0x8 ./SDK/startup/startup_mk64f12.o
                0x0000a6ba                RNG_IRQHandler
 .text.SPI0_IRQHandler
                0x0000a6c2        0x8 ./SDK/startup/startup_mk64f12.o
                0x0000a6c2                SPI0_IRQHandler
 .text.SPI1_IRQHandler
                0x0000a6ca        0x8 ./SDK/startup/startup_mk64f12.o
                0x0000a6ca                SPI1_IRQHandler
 .text.I2S0_Tx_IRQHandler
                0x0000a6d2        0x8 ./SDK/startup/startup_mk64f12.o
                0x0000a6d2                I2S0_Tx_IRQHandler
 .text.I2S0_Rx_IRQHandler
                0x0000a6da        0x8 ./SDK/startup/startup_mk64f12.o
                0x0000a6da                I2S0_Rx_IRQHandler
 .text.UART0_LON_IRQHandler
                0x0000a6e2        0x8 ./SDK/startup/startup_mk64f12.o
                0x0000a6e2                UART0_LON_IRQHandler
 .text.UART0_ERR_IRQHandler
                0x0000a6ea        0x8 ./SDK/startup/startup_mk64f12.o
                0x0000a6ea                UART0_ERR_IRQHandler
 .text.UART1_ERR_IRQHandler
                0x0000a6f2        0x8 ./SDK/startup/startup_mk64f12.o
                0x0000a6f2                UART1_ERR_IRQHandler
 .text.UART2_RX_TX_IRQHandler
                0x0000a6fa        0x8 ./SDK/startup/startup_mk64f12.o
                0x0000a6fa                UART2_RX_TX_IRQHandler
 .text.UART2_ERR_IRQHandler
                0x0000a702        0x8 ./SDK/startup/startup_mk64f12.o
                0x0000a702                UART2_ERR_IRQHandler
 .text.UART3_ERR_IRQHandler
                0x0000a70a        0x8 ./SDK/startup/startup_mk64f12.o
                0x0000a70a                UART3_ERR_IRQHandler
 .text.CMP0_IRQHandler
                0x0000a712        0x8 ./SDK/startup/startup_mk64f12.o
                0x0000a712                CMP0_IRQHandler
 .text.CMP1_IRQHandler
                0x0000a71a        0x8 ./SDK/startup/startup_mk64f12.o
                0x0000a71a                CMP1_IRQHandler
 .text.FTM0_IRQHandler
                0x0000a722        0x8 ./SDK/startup/startup_mk64f12.o
                0x0000a722                FTM0_IRQHandler
 .text.FTM1_IRQHandler
                0x0000a72a        0x8 ./SDK/startup/startup_mk64f12.o
                0x0000a72a                FTM1_IRQHandler
 .text.FTM2_IRQHandler
                0x0000a732        0x8 ./SDK/startup/startup_mk64f12.o
                0x0000a732                FTM2_IRQHandler
 .text.CMT_IRQHandler
                0x0000a73a        0x8 ./SDK/startup/startup_mk64f12.o
                0x0000a73a                CMT_IRQHandler
 .text.RTC_IRQHandler
                0x0000a742        0x8 ./SDK/startup/startup_mk64f12.o
                0x0000a742                RTC_IRQHandler
 .text.RTC_Seconds_IRQHandler
                0x0000a74a        0x8 ./SDK/startup/startup_mk64f12.o
                0x0000a74a                RTC_Seconds_IRQHandler
 .text.PDB0_IRQHandler
                0x0000a752        0x8 ./SDK/startup/startup_mk64f12.o
                0x0000a752                PDB0_IRQHandler
 .text.USB0_IRQHandler
                0x0000a75a        0x8 ./SDK/startup/startup_mk64f12.o
                0x0000a75a                USB0_IRQHandler
 .text.USBDCD_IRQHandler
                0x0000a762        0x8 ./SDK/startup/startup_mk64f12.o
                0x0000a762                USBDCD_IRQHandler
 .text.Reserved71_IRQHandler
                0x0000a76a        0x8 ./SDK/startup/startup_mk64f12.o
                0x0000a76a                Reserved71_IRQHandler
 .text.DAC0_IRQHandler
                0x0000a772        0x8 ./SDK/startup/startup_mk64f12.o
                0x0000a772                DAC0_IRQHandler
 .text.MCG_IRQHandler
                0x0000a77a        0x8 ./SDK/startup/startup_mk64f12.o
                0x0000a77a                MCG_IRQHandler
 .text.LPTMR0_IRQHandler
                0x0000a782        0x8 ./SDK/startup/startup_mk64f12.o
                0x0000a782                LPTMR0_IRQHandler
 .text.PORTB_IRQHandler
                0x0000a78a        0x8 ./SDK/startup/startup_mk64f12.o
                0x0000a78a                PORTB_IRQHandler
 .text.PORTD_IRQHandler
                0x0000a792        0x8 ./SDK/startup/startup_mk64f12.o
                0x0000a792                PORTD_IRQHandler
 .text.PORTE_IRQHandler
                0x0000a79a        0x8 ./SDK/startup/startup_mk64f12.o
                0x0000a79a                PORTE_IRQHandler
 .text.SWI_IRQHandler
                0x0000a7a2        0x8 ./SDK/startup/startup_mk64f12.o
                0x0000a7a2                SWI_IRQHandler
 .text.SPI2_IRQHandler
                0x0000a7aa        0x8 ./SDK/startup/startup_mk64f12.o
                0x0000a7aa                SPI2_IRQHandler
 .text.UART4_RX_TX_IRQHandler
                0x0000a7b2        0x8 ./SDK/startup/startup_mk64f12.o
                0x0000a7b2                UART4_RX_TX_IRQHandler
 .text.UART4_ERR_IRQHandler
                0x0000a7ba        0x8 ./SDK/startup/startup_mk64f12.o
                0x0000a7ba                UART4_ERR_IRQHandler
 .text.UART5_RX_TX_IRQHandler
                0x0000a7c2        0x8 ./SDK/startup/startup_mk64f12.o
                0x0000a7c2                UART5_RX_TX_IRQHandler
 .text.UART5_ERR_IRQHandler
                0x0000a7ca        0x8 ./SDK/startup/startup_mk64f12.o
                0x0000a7ca                UART5_ERR_IRQHandler
 .text.CMP2_IRQHandler
                0x0000a7d2        0x8 ./SDK/startup/startup_mk64f12.o
                0x0000a7d2                CMP2_IRQHandler
 .text.FTM3_IRQHandler
                0x0000a7da        0x8 ./SDK/startup/startup_mk64f12.o
                0x0000a7da                FTM3_IRQHandler
 .text.DAC1_IRQHandler
                0x0000a7e2        0x8 ./SDK/startup/startup_mk64f12.o
                0x0000a7e2                DAC1_IRQHandler
 .text.ADC1_IRQHandler
                0x0000a7ea        0x8 ./SDK/startup/startup_mk64f12.o
                0x0000a7ea                ADC1_IRQHandler
 .text.I2C2_IRQHandler
                0x0000a7f2        0x8 ./SDK/startup/startup_mk64f12.o
                0x0000a7f2                I2C2_IRQHandler
 .text.CAN0_ORed_Message_buffer_IRQHandler
                0x0000a7fa        0x8 ./SDK/startup/startup_mk64f12.o
                0x0000a7fa                CAN0_ORed_Message_buffer_IRQHandler
 .text.CAN0_Bus_Off_IRQHandler
                0x0000a802        0x8 ./SDK/startup/startup_mk64f12.o
                0x0000a802                CAN0_Bus_Off_IRQHandler
 .text.CAN0_Error_IRQHandler
                0x0000a80a        0x8 ./SDK/startup/startup_mk64f12.o
                0x0000a80a                CAN0_Error_IRQHandler
 .text.CAN0_Tx_Warning_IRQHandler
                0x0000a812        0x8 ./SDK/startup/startup_mk64f12.o
                0x0000a812                CAN0_Tx_Warning_IRQHandler
 .text.CAN0_Rx_Warning_IRQHandler
                0x0000a81a        0x8 ./SDK/startup/startup_mk64f12.o
                0x0000a81a                CAN0_Rx_Warning_IRQHandler
 .text.CAN0_Wake_Up_IRQHandler
                0x0000a822        0x8 ./SDK/startup/startup_mk64f12.o
                0x0000a822                CAN0_Wake_Up_IRQHandler
 .text.SDHC_IRQHandler
                0x0000a82a        0x8 ./SDK/startup/startup_mk64f12.o
                0x0000a82a                SDHC_IRQHandler
 .text.ENET_1588_Timer_IRQHandler
                0x0000a832        0x8 ./SDK/startup/startup_mk64f12.o
                0x0000a832                ENET_1588_Timer_IRQHandler
 .text.ENET_Transmit_IRQHandler
                0x0000a83a        0x8 ./SDK/startup/startup_mk64f12.o
                0x0000a83a                ENET_Transmit_IRQHandler
 .text.ENET_Receive_IRQHandler
                0x0000a842        0x8 ./SDK/startup/startup_mk64f12.o
                0x0000a842                ENET_Receive_IRQHandler
 .text.ENET_Error_IRQHandler
                0x0000a84a        0x8 ./SDK/startup/startup_mk64f12.o
                0x0000a84a                ENET_Error_IRQHandler
 .text.SystemInitHook
                0x0000a852        0xe ./SDK/CMSIS/system_MK64F12.o
                0x0000a852                SystemInitHook
 .text.memcpy   0x0000a860        0x4 c:/nxp/mcuxpressoide_10.2.0_759/ide/tools/bin/../lib/gcc/arm-none-eabi/7.2.1/../../../../arm-none-eabi/lib/thumb/v7e-m/fpv4-sp/hard\libcr_c.a(memcpy.o)
                0x0000a860                memcpy
 .text.memmove  0x0000a864        0x4 c:/nxp/mcuxpressoide_10.2.0_759/ide/tools/bin/../lib/gcc/arm-none-eabi/7.2.1/../../../../arm-none-eabi/lib/thumb/v7e-m/fpv4-sp/hard\libcr_c.a(memmove.o)
                0x0000a864                memmove
 .text.__aeabi_d2uiz
                0x0000a868       0x30 c:/nxp/mcuxpressoide_10.2.0_759/ide/tools/bin/../lib/gcc/arm-none-eabi/7.2.1/thumb/v7e-m/fpv4-sp/hard\libcr_eabihelpers.a(double.o)
                0x0000a868                __aeabi_d2uiz
 .text.__bhs_ui2d
                0x0000a898       0x46 c:/nxp/mcuxpressoide_10.2.0_759/ide/tools/bin/../lib/gcc/arm-none-eabi/7.2.1/thumb/v7e-m/fpv4-sp/hard\libcr_eabihelpers.a(double.o)
                0x0000a898                __bhs_ui2d
 .text.__aeabi_ui2d
                0x0000a8de        0x8 c:/nxp/mcuxpressoide_10.2.0_759/ide/tools/bin/../lib/gcc/arm-none-eabi/7.2.1/thumb/v7e-m/fpv4-sp/hard\libcr_eabihelpers.a(double.o)
                0x0000a8de                __aeabi_ui2d
 .text.__aeabi_dcmplt
                0x0000a8e6       0x58 c:/nxp/mcuxpressoide_10.2.0_759/ide/tools/bin/../lib/gcc/arm-none-eabi/7.2.1/thumb/v7e-m/fpv4-sp/hard\libcr_eabihelpers.a(double.o)
                0x0000a8e6                __aeabi_dcmplt
 .text.__aeabi_dcmpgt
                0x0000a93e       0x58 c:/nxp/mcuxpressoide_10.2.0_759/ide/tools/bin/../lib/gcc/arm-none-eabi/7.2.1/thumb/v7e-m/fpv4-sp/hard\libcr_eabihelpers.a(double.o)
                0x0000a93e                __aeabi_dcmpgt
 .text.__aeabi_dcmple
                0x0000a996       0x5a c:/nxp/mcuxpressoide_10.2.0_759/ide/tools/bin/../lib/gcc/arm-none-eabi/7.2.1/thumb/v7e-m/fpv4-sp/hard\libcr_eabihelpers.a(double.o)
                0x0000a996                __aeabi_dcmple
 .text.__aeabi_memcpy
                0x0000a9f0       0x34 c:/nxp/mcuxpressoide_10.2.0_759/ide/tools/bin/../lib/gcc/arm-none-eabi/7.2.1/thumb/v7e-m/fpv4-sp/hard\libcr_eabihelpers.a(memcpy.o)
                0x0000a9f0                __aeabi_memcpy
                0x0000a9fa                __aeabi_memcpy8
                0x0000a9fa                __aeabi_memcpy4
 .text.__aeabi_memmove
                0x0000aa24       0x1c c:/nxp/mcuxpressoide_10.2.0_759/ide/tools/bin/../lib/gcc/arm-none-eabi/7.2.1/thumb/v7e-m/fpv4-sp/hard\libcr_eabihelpers.a(memcpy.o)
                0x0000aa24                __aeabi_memmove
                0x0000aa24                __aeabi_memmove4
                0x0000aa24                __aeabi_memmove8
 *(SORT_BY_ALIGNMENT(.rodata) SORT_BY_ALIGNMENT(.rodata.*) SORT_BY_ALIGNMENT(.constdata) SORT_BY_ALIGNMENT(.constdata.*))
 .rodata.__huge_val
                0x0000aa40        0x8 c:/nxp/mcuxpressoide_10.2.0_759/ide/tools/bin/../lib/gcc/arm-none-eabi/7.2.1/../../../../arm-none-eabi/lib/thumb/v7e-m/fpv4-sp/hard\libcr_c.a(_hugeval.o)
                0x0000aa40                __huge_val
 .rodata        0x0000aa48      0x508 C:\Users\Tobias Scala\Documents\MCUXpressoIDE_10.2.0_759\HC05\lib\helix\libhelix.a(mp3tabs.o)
                0x0000aa48                xmp3fixpt_sfBandTable
                0x0000ace4                xmp3fixpt_slotTab
                0x0000adf4                xmp3fixpt_sideBytesTab
                0x0000ae00                xmp3fixpt_bitsPerSlotTab
                0x0000ae08                xmp3fixpt_samplesPerFrameTab
                0x0000ae1c                xmp3fixpt_bitrateTab
                0x0000af2c                xmp3fixpt_samplerateTab
 .rodata        0x0000af50      0x250 C:\Users\Tobias Scala\Documents\MCUXpressoIDE_10.2.0_759\HC05\lib\helix\libhelix.a(dqchan.o)
 .rodata        0x0000b1a0     0x2304 C:\Users\Tobias Scala\Documents\MCUXpressoIDE_10.2.0_759\HC05\lib\helix\libhelix.a(hufftabs.o)
                0x0000b1a0                xmp3fixpt_quadTabMaxBits
                0x0000b1a8                xmp3fixpt_quadTabOffset
                0x0000b1b0                xmp3fixpt_quadTable
                0x0000b200                xmp3fixpt_huffTabLookup
                0x0000b300                xmp3fixpt_huffTabOffset
                0x0000b380                xmp3fixpt_huffTable
 .rodata        0x0000d4a4       0x6c C:\Users\Tobias Scala\Documents\MCUXpressoIDE_10.2.0_759\HC05\lib\helix\libhelix.a(imdct.o)
 .rodata        0x0000d510       0x68 C:\Users\Tobias Scala\Documents\MCUXpressoIDE_10.2.0_759\HC05\lib\helix\libhelix.a(scalfact.o)
 .rodata        0x0000d578      0x86c C:\Users\Tobias Scala\Documents\MCUXpressoIDE_10.2.0_759\HC05\lib\helix\libhelix.a(trigtabs_fixpt.o)
                0x0000d578                xmp3fixpt_polyCoef
                0x0000d998                xmp3fixpt_coef32
                0x0000da14                xmp3fixpt_csa
                0x0000da54                xmp3fixpt_uniqueIDTab
                0x0000da5c                xmp3fixpt_ISFIIP
                0x0000da6c                xmp3fixpt_ISFMpeg2
                0x0000db6c                xmp3fixpt_ISFMpeg1
                0x0000dba4                xmp3fixpt_imdctWin
 .rodata        0x0000dde4       0xc0 C:\Users\Tobias Scala\Documents\MCUXpressoIDE_10.2.0_759\HC05\lib\helix\libhelix.a(dct32.o)
                0x0000dea8                . = ALIGN (0x8)
 *fill*         0x0000dea4        0x4 ff

.glue_7         0x0000dea8        0x0
 .glue_7        0x0000dea8        0x0 linker stubs

.glue_7t        0x0000dea8        0x0
 .glue_7t       0x0000dea8        0x0 linker stubs

.vfp11_veneer   0x0000dea8        0x0
 .vfp11_veneer  0x0000dea8        0x0 linker stubs

.v4_bx          0x0000dea8        0x0
 .v4_bx         0x0000dea8        0x0 linker stubs

.iplt           0x0000dea8        0x0
 .iplt          0x0000dea8        0x0 ./source/AD8232_APIv2.o

.rel.dyn        0x0000dea8        0x0
 .rel.iplt      0x0000dea8        0x0 ./source/AD8232_APIv2.o

.ARM.extab
 *(SORT_BY_ALIGNMENT(.ARM.extab*) SORT_BY_ALIGNMENT(.gnu.linkonce.armextab.*))
                0x0000dea8                __exidx_start = .

.ARM.exidx
 *(SORT_BY_ALIGNMENT(.ARM.exidx*) SORT_BY_ALIGNMENT(.gnu.linkonce.armexidx.*))
                0x0000dea8                __exidx_end = .
                0x0000dea8                _etext = .

.m_usb_data
 *(SORT_BY_ALIGNMENT(m_usb_bdt))

.data_RAM2      0x1fff0000        0x0 load address 0x0000dea8
 FILL mask 0xff
                [!provide]                PROVIDE (__start_data_RAM2, .)
 *(SORT_BY_ALIGNMENT(.ramfunc.$RAM2))
 *(SORT_BY_ALIGNMENT(.ramfunc.$SRAM_LOWER))
 *(SORT_BY_ALIGNMENT(.data.$RAM2*))
 *(SORT_BY_ALIGNMENT(.data.$SRAM_LOWER*))
                0x1fff0000                . = ALIGN (0x8)
                [!provide]                PROVIDE (__end_data_RAM2, .)

.data_RAM3      0x14000000        0x0 load address 0x0000dea8
 FILL mask 0xff
                [!provide]                PROVIDE (__start_data_RAM3, .)
 *(SORT_BY_ALIGNMENT(.ramfunc.$RAM3))
 *(SORT_BY_ALIGNMENT(.ramfunc.$FLEX_RAM))
 *(SORT_BY_ALIGNMENT(.data.$RAM3*))
 *(SORT_BY_ALIGNMENT(.data.$FLEX_RAM*))
                0x14000000                . = ALIGN (0x8)
                [!provide]                PROVIDE (__end_data_RAM3, .)

.uninit_RESERVED
                0x20000000        0x0
 *(SORT_BY_ALIGNMENT(.bss.$RESERVED*))
                0x20000000                . = ALIGN (0x4)
                0x20000000                _end_uninit_RESERVED = .

.data           0x20000000     0x5270 load address 0x0000dea8
 FILL mask 0xff
                0x20000000                _data = .
 *(SORT_BY_ALIGNMENT(vtable))
 *(SORT_BY_ALIGNMENT(.ramfunc*))
 *(SORT_BY_ALIGNMENT(.data*))
 .data.nombrePaciente
                0x20000000        0xb ./source/App.o
 *fill*         0x2000000b        0x1 ff
 .data.wrngs.5216
                0x2000000c        0x3 ./source/App.o
 *fill*         0x2000000f        0x1 ff
 .data.adc      0x20000010        0x8 ./source/adc.o
 .data.n_last_peak_interval.5712
                0x20000018        0x4 ./source/algorithm_by_RF.o
 .data.cardio_array
                0x2000001c     0x1e21 ./source/audio.o
                0x2000001c                cardio_array
 *fill*         0x20001e3d        0x3 ff
 .data.oxi_array
                0x20001e40     0x1b2d ./source/audio.o
                0x20001e40                oxi_array
 *fill*         0x2000396d        0x3 ff
 .data.temp_array
                0x20003970     0x18a5 ./source/audio.o
                0x20003970                temp_array
 *fill*         0x20005215        0x3 ff
 .data.dmamux   0x20005218        0x4 ./source/dma.o
 .data.dma      0x2000521c        0x4 ./source/dma.o
 .data.i2c      0x20005220        0xc ./source/i2c.o
 .data.i2s      0x2000522c        0x4 ./source/i2s.o
 .data.port     0x20005230       0x14 ./source/portpin.o
 .data.gpio     0x20005244       0x14 ./source/portpin.o
 .data.uart     0x20005258       0x14 ./source/uart.o
 .data.datasent
                0x2000526c        0x1 ./source/i2s.o
                0x20005270                . = ALIGN (0x8)
 *fill*         0x2000526d        0x3 ff
                0x20005270                _edata = .

.igot.plt       0x20005270        0x0 load address 0x00013118
 .igot.plt      0x20005270        0x0 ./source/AD8232_APIv2.o

.bss_RAM2       0x1fff0000        0x0
                [!provide]                PROVIDE (__start_bss_RAM2, .)
 *(SORT_BY_ALIGNMENT(.bss.$RAM2*))
 *(SORT_BY_ALIGNMENT(.bss.$SRAM_LOWER*))
                0x1fff0000                . = ALIGN ((. != 0x0)?0x8:0x1)
                [!provide]                PROVIDE (__end_bss_RAM2, .)

.bss_RAM3       0x14000000        0x0
                [!provide]                PROVIDE (__start_bss_RAM3, .)
 *(SORT_BY_ALIGNMENT(.bss.$RAM3*))
 *(SORT_BY_ALIGNMENT(.bss.$FLEX_RAM*))
                0x14000000                . = ALIGN ((. != 0x0)?0x8:0x1)
                [!provide]                PROVIDE (__end_bss_RAM3, .)

.bss            0x20005270     0x8048
                0x20005270                _bss = .
 *(SORT_BY_ALIGNMENT(.bss*))
 .bss.cardiobuff
                0x20005270      0x1f4 ./source/AD8232_APIv2.o
                0x20005270                cardiobuff
 .bss.OXIir     0x20005464      0x190 ./source/App.o
 .bss.OXIred    0x200055f4      0x190 ./source/App.o
 .bss.CARDIOecg
                0x20005784      0x1f4 ./source/App.o
 .bss.OXIspo2   0x20005978        0x4 ./source/App.o
 .bss.OXIhr     0x2000597c        0x4 ./source/App.o
 .bss.TEMPtemp  0x20005980        0x4 ./source/App.o
 .bss.buff.5214
                0x20005984       0x1e ./source/App.o
 *fill*         0x200059a2        0x2 
 .bss._ambientLigth
                0x200059a4        0x1 ./source/MAX30102_API.o
                0x200059a4                _ambientLigth
 *fill*         0x200059a5        0x3 
 .bss.OXIi2cmsg
                0x200059a8        0x4 ./source/MAX30102_API.o
                0x200059a8                OXIi2cmsg
 .bss.buffIR    0x200059ac      0x190 ./source/MAX30102_API.o
 .bss.buffRED   0x20005b3c      0x190 ./source/MAX30102_API.o
 .bss.PIT_array
                0x20005ccc       0x30 ./source/PIT_driver.o
 .bss.adcsamples
                0x20005cfc      0x200 ./source/adc.o
 .bss.hMP3dec   0x20005efc        0x4 ./source/audio.o
 .bss.buff2send
                0x20005f00      0x480 ./source/audio.o
 .bss.cardio_ptr
                0x20006380        0x4 ./source/audio.o
 .bss.oxi_ptr   0x20006384        0x4 ./source/audio.o
 .bss.temp_ptr  0x20006388        0x4 ./source/audio.o
 .bss.mp3ptr.5769
                0x2000638c        0x4 ./source/audio.o
 .bss.callback  0x20006390       0x80 ./source/dma.o
 .bss.data_     0x20006410      0x200 ./source/i2c.o
 .bss.i2cinfo   0x20006610        0xa ./source/i2c.o
 *fill*         0x2000661a        0x2 
 .bss.data2send
                0x2000661c      0x480 ./source/i2s.o
 .bss.sensorsData
                0x20006a9c      0x2d6 ./source/packageTxHandler.o
 *fill*         0x20006d72        0x2 
 .bss.isrpin    0x20006d74       0x28 ./source/portpin.o
 .bss.txfifo    0x20006d9c      0x3ee ./source/uart.o
 *fill*         0x2000718a        0x2 
 .bss.rxfifo    0x2000718c      0x3ee ./source/uart.o
 *fill*         0x2000757a        0x2 
 .bss.UDAi2cmsg
                0x2000757c        0x3 ./source/uda1380.o
                0x2000757c                UDAi2cmsg
 *fill*         0x2000757f        0x1 
 .bss.__LDM_interruptDisableCount
                0x20007580        0x4 ./SDK/startup/hardware.o
 .bss           0x20007584     0x5d08 C:\Users\Tobias Scala\Documents\MCUXpressoIDE_10.2.0_759\HC05\lib\helix\libhelix.a(buffers.o)
 .bss.errno     0x2000d28c        0x4 c:/nxp/mcuxpressoide_10.2.0_759/ide/tools/bin/../lib/gcc/arm-none-eabi/7.2.1/../../../../arm-none-eabi/lib/thumb/v7e-m/fpv4-sp/hard\libcr_c.a(errno.o)
                0x2000d28c                errno
 .bss.adcNsamp  0x2000d290        0x2 ./source/adc.o
 .bss.i.6865    0x2000d292        0x2 ./source/adc.o
 .bss.bytesleft.5773
                0x2000d294        0x2 ./source/audio.o
 .bss.bytesdec.5774
                0x2000d296        0x2 ./source/audio.o
 .bss.connected.5215
                0x2000d298        0x1 ./source/App.o
 .bss.wrngmsg.5217
                0x2000d299        0x1 ./source/App.o
 .bss._interruptEnable1
                0x2000d29a        0x1 ./source/MAX30102_API.o
                0x2000d29a                _interruptEnable1
 .bss._interruptEnable2
                0x2000d29b        0x1 ./source/MAX30102_API.o
                0x2000d29b                _interruptEnable2
 .bss._fifoConfiguration
                0x2000d29c        0x1 ./source/MAX30102_API.o
                0x2000d29c                _fifoConfiguration
 .bss._modeConfiguration
                0x2000d29d        0x1 ./source/MAX30102_API.o
                0x2000d29d                _modeConfiguration
 .bss._spo2Configuration
                0x2000d29e        0x1 ./source/MAX30102_API.o
                0x2000d29e                _spo2Configuration
 .bss._led1PulseAmplitude
                0x2000d29f        0x1 ./source/MAX30102_API.o
                0x2000d29f                _led1PulseAmplitude
 .bss._led2PulseAmplitude
                0x2000d2a0        0x1 ./source/MAX30102_API.o
                0x2000d2a0                _led2PulseAmplitude
 .bss._led3PulseAmplitude
                0x2000d2a1        0x1 ./source/MAX30102_API.o
                0x2000d2a1                _led3PulseAmplitude
 .bss._pilotPulseAmplitude
                0x2000d2a2        0x1 ./source/MAX30102_API.o
                0x2000d2a2                _pilotPulseAmplitude
 .bss._multiLedControl1
                0x2000d2a3        0x1 ./source/MAX30102_API.o
                0x2000d2a3                _multiLedControl1
 .bss._multiLedControl2
                0x2000d2a4        0x1 ./source/MAX30102_API.o
                0x2000d2a4                _multiLedControl2
 .bss._proxIntThreshold
                0x2000d2a5        0x1 ./source/MAX30102_API.o
                0x2000d2a5                _proxIntThreshold
 .bss.OXIdataRdy
                0x2000d2a6        0x1 ./source/MAX30102_API.o
 .bss.meassureAfected.7175
                0x2000d2a7        0x1 ./source/MAX30102_API.o
 .bss.i.7176    0x2000d2a8        0x1 ./source/MAX30102_API.o
 .bss.inited    0x2000d2a9        0x1 ./source/PIT_driver.o
 .bss.ADCdataRdy
                0x2000d2aa        0x1 ./source/adc.o
 .bss.playing   0x2000d2ab        0x1 ./source/audio.o
 .bss.playing_.5775
                0x2000d2ac        0x1 ./source/audio.o
 .bss.count.4949
                0x2000d2ad        0x1 ./source/flash.o
 .bss.ECGready  0x2000d2ae        0x1 ./source/packageTxHandler.o
 .bss.OXIready  0x2000d2af        0x1 ./source/packageTxHandler.o
 .bss.TEMPready
                0x2000d2b0        0x1 ./source/packageTxHandler.o
 *(SORT_BY_ALIGNMENT(COMMON))
                0x2000d2b8                . = ALIGN (0x8)
 *fill*         0x2000d2b1        0x7 
                0x2000d2b8                _ebss = .
                [!provide]                PROVIDE (end, .)

.noinit_RAM2    0x1fff0000        0x0
 *(SORT_BY_ALIGNMENT(.noinit.$RAM2*))
 *(SORT_BY_ALIGNMENT(.noinit.$SRAM_LOWER*))
                0x1fff0000                . = ALIGN (0x8)

.noinit_RAM3    0x14000000        0x0
 *(SORT_BY_ALIGNMENT(.noinit.$RAM3*))
 *(SORT_BY_ALIGNMENT(.noinit.$FLEX_RAM*))
                0x14000000                . = ALIGN (0x8)

.noinit         0x2000d2b8        0x0
                0x2000d2b8                _noinit = .
 *(SORT_BY_ALIGNMENT(.noinit*))
                0x2000d2b8                . = ALIGN (0x8)
                0x2000d2b8                _end_noinit = .
                0x00001000                _HeapSize = 0x1000

.heap           0x2000d2b8     0x1000
                0x2000d2b8                _pvHeapStart = .
                0x2000e2b8                . = (. + _HeapSize)
 *fill*         0x2000d2b8     0x1000 
                0x2000e2b8                . = ALIGN (0x8)
                0x2000e2b8                _pvHeapLimit = .
                0x00001000                _StackSize = 0x1000

.heap2stackfill
                0x2000e2b8     0x1000
                0x2000f2b8                . = (. + _StackSize)
 *fill*         0x2000e2b8     0x1000 

.stack          0x2002f000        0x0
                0x2002f000                _vStackBase = .
                0x2002f000                . = ALIGN (0x8)
                0x20030000                _vStackTop = (. + _StackSize)
                0x00000000                _image_start = LOADADDR (.text)
                0x00013118                _image_end = (LOADADDR (.data) + SIZEOF (.data))
                0x00013118                _image_size = (_image_end - _image_start)
OUTPUT(TPF_ALL_.axf elf32-littlearm)

.debug_info     0x00000000    0x177eb
 .debug_info    0x00000000      0x21d ./source/AD8232_APIv2.o
 .debug_info    0x0000021d      0x3f9 ./source/App.o
 .debug_info    0x00000616      0x66c ./source/FreescaleIAP.o
 .debug_info    0x00000c82      0xccc ./source/MAX30102_API.o
 .debug_info    0x0000194e      0x930 ./source/PIT_driver.o
 .debug_info    0x0000227e      0xa96 ./source/adc.o
 .debug_info    0x00002d14      0xe57 ./source/algorithm_by_RF.o
 .debug_info    0x00003b6b      0xd86 ./source/audio.o
 .debug_info    0x000048f1     0x1728 ./source/dma.o
 .debug_info    0x00006019      0x116 ./source/flash.o
 .debug_info    0x0000612f      0x167 ./source/hc05.o
 .debug_info    0x00006296      0xba6 ./source/i2c.o
 .debug_info    0x00006e3c      0x8b0 ./source/i2s.o
 .debug_info    0x000076ec      0x2c8 ./source/packageTxHandler.o
 .debug_info    0x000079b4      0xa76 ./source/portpin.o
 .debug_info    0x0000842a      0xbd1 ./source/uart.o
 .debug_info    0x00008ffb       0xcd ./source/uda1380.o
 .debug_info    0x000090c8      0x675 ./SDK/startup/hardware.o
 .debug_info    0x0000973d       0xb7 ./SDK/startup/main.o
 .debug_info    0x000097f4       0x3b ./SDK/startup/semihost_hardfault.o
 .debug_info    0x0000982f      0x8b0 ./SDK/startup/startup_mk64f12.o
 .debug_info    0x0000a0df      0x5fc ./SDK/CMSIS/system_MK64F12.o
 .debug_info    0x0000a6db      0xb93 C:\Users\Tobias Scala\Documents\MCUXpressoIDE_10.2.0_759\HC05\lib\helix\libhelix.a(mp3dec.o)
 .debug_info    0x0000b26e      0x1d9 C:\Users\Tobias Scala\Documents\MCUXpressoIDE_10.2.0_759\HC05\lib\helix\libhelix.a(mp3tabs.o)
 .debug_info    0x0000b447      0xda1 C:\Users\Tobias Scala\Documents\MCUXpressoIDE_10.2.0_759\HC05\lib\helix\libhelix.a(bitstream.o)
 .debug_info    0x0000c1e8      0xa51 C:\Users\Tobias Scala\Documents\MCUXpressoIDE_10.2.0_759\HC05\lib\helix\libhelix.a(buffers.o)
 .debug_info    0x0000cc39      0x987 C:\Users\Tobias Scala\Documents\MCUXpressoIDE_10.2.0_759\HC05\lib\helix\libhelix.a(dequant.o)
 .debug_info    0x0000d5c0      0x936 C:\Users\Tobias Scala\Documents\MCUXpressoIDE_10.2.0_759\HC05\lib\helix\libhelix.a(dqchan.o)
 .debug_info    0x0000def6      0xb9e C:\Users\Tobias Scala\Documents\MCUXpressoIDE_10.2.0_759\HC05\lib\helix\libhelix.a(huffman.o)
 .debug_info    0x0000ea94      0x1c2 C:\Users\Tobias Scala\Documents\MCUXpressoIDE_10.2.0_759\HC05\lib\helix\libhelix.a(hufftabs.o)
 .debug_info    0x0000ec56     0x30aa C:\Users\Tobias Scala\Documents\MCUXpressoIDE_10.2.0_759\HC05\lib\helix\libhelix.a(imdct.o)
 .debug_info    0x00011d00      0xc09 C:\Users\Tobias Scala\Documents\MCUXpressoIDE_10.2.0_759\HC05\lib\helix\libhelix.a(scalfact.o)
 .debug_info    0x00012909      0xcc5 C:\Users\Tobias Scala\Documents\MCUXpressoIDE_10.2.0_759\HC05\lib\helix\libhelix.a(stproc.o)
 .debug_info    0x000135ce      0x4d1 C:\Users\Tobias Scala\Documents\MCUXpressoIDE_10.2.0_759\HC05\lib\helix\libhelix.a(subband.o)
 .debug_info    0x00013a9f      0x1cc C:\Users\Tobias Scala\Documents\MCUXpressoIDE_10.2.0_759\HC05\lib\helix\libhelix.a(trigtabs_fixpt.o)
 .debug_info    0x00013c6b      0xba8 C:\Users\Tobias Scala\Documents\MCUXpressoIDE_10.2.0_759\HC05\lib\helix\libhelix.a(dct32.o)
 .debug_info    0x00014813     0x2fd8 C:\Users\Tobias Scala\Documents\MCUXpressoIDE_10.2.0_759\HC05\lib\helix\libhelix.a(polyphase.o)

.debug_abbrev   0x00000000     0x3e1f
 .debug_abbrev  0x00000000       0xea ./source/AD8232_APIv2.o
 .debug_abbrev  0x000000ea       0xe5 ./source/App.o
 .debug_abbrev  0x000001cf      0x1c3 ./source/FreescaleIAP.o
 .debug_abbrev  0x00000392      0x20e ./source/MAX30102_API.o
 .debug_abbrev  0x000005a0      0x238 ./source/PIT_driver.o
 .debug_abbrev  0x000007d8      0x201 ./source/adc.o
 .debug_abbrev  0x000009d9      0x2a0 ./source/algorithm_by_RF.o
 .debug_abbrev  0x00000c79      0x2a1 ./source/audio.o
 .debug_abbrev  0x00000f1a      0x320 ./source/dma.o
 .debug_abbrev  0x0000123a       0x8c ./source/flash.o
 .debug_abbrev  0x000012c6       0xb6 ./source/hc05.o
 .debug_abbrev  0x0000137c      0x262 ./source/i2c.o
 .debug_abbrev  0x000015de      0x19a ./source/i2s.o
 .debug_abbrev  0x00001778      0x130 ./source/packageTxHandler.o
 .debug_abbrev  0x000018a8      0x22a ./source/portpin.o
 .debug_abbrev  0x00001ad2      0x226 ./source/uart.o
 .debug_abbrev  0x00001cf8       0x8f ./source/uda1380.o
 .debug_abbrev  0x00001d87      0x138 ./SDK/startup/hardware.o
 .debug_abbrev  0x00001ebf       0x7d ./SDK/startup/main.o
 .debug_abbrev  0x00001f3c       0x2f ./SDK/startup/semihost_hardfault.o
 .debug_abbrev  0x00001f6b      0x15c ./SDK/startup/startup_mk64f12.o
 .debug_abbrev  0x000020c7      0x13f ./SDK/CMSIS/system_MK64F12.o
 .debug_abbrev  0x00002206      0x32b C:\Users\Tobias Scala\Documents\MCUXpressoIDE_10.2.0_759\HC05\lib\helix\libhelix.a(mp3dec.o)
 .debug_abbrev  0x00002531       0x7e C:\Users\Tobias Scala\Documents\MCUXpressoIDE_10.2.0_759\HC05\lib\helix\libhelix.a(mp3tabs.o)
 .debug_abbrev  0x000025af      0x2b9 C:\Users\Tobias Scala\Documents\MCUXpressoIDE_10.2.0_759\HC05\lib\helix\libhelix.a(bitstream.o)
 .debug_abbrev  0x00002868      0x1f0 C:\Users\Tobias Scala\Documents\MCUXpressoIDE_10.2.0_759\HC05\lib\helix\libhelix.a(buffers.o)
 .debug_abbrev  0x00002a58      0x1fa C:\Users\Tobias Scala\Documents\MCUXpressoIDE_10.2.0_759\HC05\lib\helix\libhelix.a(dequant.o)
 .debug_abbrev  0x00002c52      0x207 C:\Users\Tobias Scala\Documents\MCUXpressoIDE_10.2.0_759\HC05\lib\helix\libhelix.a(dqchan.o)
 .debug_abbrev  0x00002e59      0x236 C:\Users\Tobias Scala\Documents\MCUXpressoIDE_10.2.0_759\HC05\lib\helix\libhelix.a(huffman.o)
 .debug_abbrev  0x0000308f       0xb0 C:\Users\Tobias Scala\Documents\MCUXpressoIDE_10.2.0_759\HC05\lib\helix\libhelix.a(hufftabs.o)
 .debug_abbrev  0x0000313f      0x374 C:\Users\Tobias Scala\Documents\MCUXpressoIDE_10.2.0_759\HC05\lib\helix\libhelix.a(imdct.o)
 .debug_abbrev  0x000034b3      0x228 C:\Users\Tobias Scala\Documents\MCUXpressoIDE_10.2.0_759\HC05\lib\helix\libhelix.a(scalfact.o)
 .debug_abbrev  0x000036db      0x201 C:\Users\Tobias Scala\Documents\MCUXpressoIDE_10.2.0_759\HC05\lib\helix\libhelix.a(stproc.o)
 .debug_abbrev  0x000038dc      0x165 C:\Users\Tobias Scala\Documents\MCUXpressoIDE_10.2.0_759\HC05\lib\helix\libhelix.a(subband.o)
 .debug_abbrev  0x00003a41       0x6d C:\Users\Tobias Scala\Documents\MCUXpressoIDE_10.2.0_759\HC05\lib\helix\libhelix.a(trigtabs_fixpt.o)
 .debug_abbrev  0x00003aae      0x13b C:\Users\Tobias Scala\Documents\MCUXpressoIDE_10.2.0_759\HC05\lib\helix\libhelix.a(dct32.o)
 .debug_abbrev  0x00003be9      0x236 C:\Users\Tobias Scala\Documents\MCUXpressoIDE_10.2.0_759\HC05\lib\helix\libhelix.a(polyphase.o)

.debug_aranges  0x00000000      0xbe0
 .debug_aranges
                0x00000000       0x38 ./source/AD8232_APIv2.o
 .debug_aranges
                0x00000038       0x28 ./source/App.o
 .debug_aranges
                0x00000060       0x60 ./source/FreescaleIAP.o
 .debug_aranges
                0x000000c0       0xd8 ./source/MAX30102_API.o
 .debug_aranges
                0x00000198       0x80 ./source/PIT_driver.o
 .debug_aranges
                0x00000218       0x60 ./source/adc.o
 .debug_aranges
                0x00000278       0x50 ./source/algorithm_by_RF.o
 .debug_aranges
                0x000002c8       0x48 ./source/audio.o
 .debug_aranges
                0x00000310       0x80 ./source/dma.o
 .debug_aranges
                0x00000390       0x20 ./source/flash.o
 .debug_aranges
                0x000003b0       0x30 ./source/hc05.o
 .debug_aranges
                0x000003e0       0xa0 ./source/i2c.o
 .debug_aranges
                0x00000480       0x48 ./source/i2s.o
 .debug_aranges
                0x000004c8       0x70 ./source/packageTxHandler.o
 .debug_aranges
                0x00000538       0x88 ./source/portpin.o
 .debug_aranges
                0x000005c0       0x68 ./source/uart.o
 .debug_aranges
                0x00000628       0x20 ./source/uda1380.o
 .debug_aranges
                0x00000648       0x30 ./SDK/startup/hardware.o
 .debug_aranges
                0x00000678       0x20 ./SDK/startup/main.o
 .debug_aranges
                0x00000698       0x20 ./SDK/startup/semihost_hardfault.o
 .debug_aranges
                0x000006b8      0x330 ./SDK/startup/startup_mk64f12.o
 .debug_aranges
                0x000009e8       0x30 ./SDK/CMSIS/system_MK64F12.o
 .debug_aranges
                0x00000a18       0x20 C:\Users\Tobias Scala\Documents\MCUXpressoIDE_10.2.0_759\HC05\lib\helix\libhelix.a(mp3dec.o)
 .debug_aranges
                0x00000a38       0x18 C:\Users\Tobias Scala\Documents\MCUXpressoIDE_10.2.0_759\HC05\lib\helix\libhelix.a(mp3tabs.o)
 .debug_aranges
                0x00000a50       0x20 C:\Users\Tobias Scala\Documents\MCUXpressoIDE_10.2.0_759\HC05\lib\helix\libhelix.a(bitstream.o)
 .debug_aranges
                0x00000a70       0x20 C:\Users\Tobias Scala\Documents\MCUXpressoIDE_10.2.0_759\HC05\lib\helix\libhelix.a(buffers.o)
 .debug_aranges
                0x00000a90       0x20 C:\Users\Tobias Scala\Documents\MCUXpressoIDE_10.2.0_759\HC05\lib\helix\libhelix.a(dequant.o)
 .debug_aranges
                0x00000ab0       0x20 C:\Users\Tobias Scala\Documents\MCUXpressoIDE_10.2.0_759\HC05\lib\helix\libhelix.a(dqchan.o)
 .debug_aranges
                0x00000ad0       0x20 C:\Users\Tobias Scala\Documents\MCUXpressoIDE_10.2.0_759\HC05\lib\helix\libhelix.a(huffman.o)
 .debug_aranges
                0x00000af0       0x18 C:\Users\Tobias Scala\Documents\MCUXpressoIDE_10.2.0_759\HC05\lib\helix\libhelix.a(hufftabs.o)
 .debug_aranges
                0x00000b08       0x20 C:\Users\Tobias Scala\Documents\MCUXpressoIDE_10.2.0_759\HC05\lib\helix\libhelix.a(imdct.o)
 .debug_aranges
                0x00000b28       0x20 C:\Users\Tobias Scala\Documents\MCUXpressoIDE_10.2.0_759\HC05\lib\helix\libhelix.a(scalfact.o)
 .debug_aranges
                0x00000b48       0x20 C:\Users\Tobias Scala\Documents\MCUXpressoIDE_10.2.0_759\HC05\lib\helix\libhelix.a(stproc.o)
 .debug_aranges
                0x00000b68       0x20 C:\Users\Tobias Scala\Documents\MCUXpressoIDE_10.2.0_759\HC05\lib\helix\libhelix.a(subband.o)
 .debug_aranges
                0x00000b88       0x18 C:\Users\Tobias Scala\Documents\MCUXpressoIDE_10.2.0_759\HC05\lib\helix\libhelix.a(trigtabs_fixpt.o)
 .debug_aranges
                0x00000ba0       0x20 C:\Users\Tobias Scala\Documents\MCUXpressoIDE_10.2.0_759\HC05\lib\helix\libhelix.a(dct32.o)
 .debug_aranges
                0x00000bc0       0x20 C:\Users\Tobias Scala\Documents\MCUXpressoIDE_10.2.0_759\HC05\lib\helix\libhelix.a(polyphase.o)

.debug_ranges   0x00000000     0x1e48
 .debug_ranges  0x00000000       0x28 ./source/AD8232_APIv2.o
 .debug_ranges  0x00000028       0x18 ./source/App.o
 .debug_ranges  0x00000040       0x50 ./source/FreescaleIAP.o
 .debug_ranges  0x00000090       0xc8 ./source/MAX30102_API.o
 .debug_ranges  0x00000158       0x70 ./source/PIT_driver.o
 .debug_ranges  0x000001c8       0x50 ./source/adc.o
 .debug_ranges  0x00000218       0x40 ./source/algorithm_by_RF.o
 .debug_ranges  0x00000258       0x38 ./source/audio.o
 .debug_ranges  0x00000290       0x70 ./source/dma.o
 .debug_ranges  0x00000300       0x10 ./source/flash.o
 .debug_ranges  0x00000310       0x20 ./source/hc05.o
 .debug_ranges  0x00000330       0x90 ./source/i2c.o
 .debug_ranges  0x000003c0       0x38 ./source/i2s.o
 .debug_ranges  0x000003f8       0x60 ./source/packageTxHandler.o
 .debug_ranges  0x00000458       0x78 ./source/portpin.o
 .debug_ranges  0x000004d0       0x58 ./source/uart.o
 .debug_ranges  0x00000528       0x10 ./source/uda1380.o
 .debug_ranges  0x00000538       0x20 ./SDK/startup/hardware.o
 .debug_ranges  0x00000558       0x10 ./SDK/startup/main.o
 .debug_ranges  0x00000568       0x10 ./SDK/startup/semihost_hardfault.o
 .debug_ranges  0x00000578      0x320 ./SDK/startup/startup_mk64f12.o
 .debug_ranges  0x00000898       0x20 ./SDK/CMSIS/system_MK64F12.o
 .debug_ranges  0x000008b8      0x190 C:\Users\Tobias Scala\Documents\MCUXpressoIDE_10.2.0_759\HC05\lib\helix\libhelix.a(mp3dec.o)
 .debug_ranges  0x00000a48      0x2f8 C:\Users\Tobias Scala\Documents\MCUXpressoIDE_10.2.0_759\HC05\lib\helix\libhelix.a(bitstream.o)
 .debug_ranges  0x00000d40       0x18 C:\Users\Tobias Scala\Documents\MCUXpressoIDE_10.2.0_759\HC05\lib\helix\libhelix.a(buffers.o)
 .debug_ranges  0x00000d58       0x30 C:\Users\Tobias Scala\Documents\MCUXpressoIDE_10.2.0_759\HC05\lib\helix\libhelix.a(dequant.o)
 .debug_ranges  0x00000d88       0x48 C:\Users\Tobias Scala\Documents\MCUXpressoIDE_10.2.0_759\HC05\lib\helix\libhelix.a(dqchan.o)
 .debug_ranges  0x00000dd0       0x70 C:\Users\Tobias Scala\Documents\MCUXpressoIDE_10.2.0_759\HC05\lib\helix\libhelix.a(huffman.o)
 .debug_ranges  0x00000e40      0x810 C:\Users\Tobias Scala\Documents\MCUXpressoIDE_10.2.0_759\HC05\lib\helix\libhelix.a(imdct.o)
 .debug_ranges  0x00001650       0x68 C:\Users\Tobias Scala\Documents\MCUXpressoIDE_10.2.0_759\HC05\lib\helix\libhelix.a(scalfact.o)
 .debug_ranges  0x000016b8      0x1f8 C:\Users\Tobias Scala\Documents\MCUXpressoIDE_10.2.0_759\HC05\lib\helix\libhelix.a(stproc.o)
 .debug_ranges  0x000018b0      0x268 C:\Users\Tobias Scala\Documents\MCUXpressoIDE_10.2.0_759\HC05\lib\helix\libhelix.a(dct32.o)
 .debug_ranges  0x00001b18      0x330 C:\Users\Tobias Scala\Documents\MCUXpressoIDE_10.2.0_759\HC05\lib\helix\libhelix.a(polyphase.o)

.debug_macro    0x00000000    0x14d8c
 .debug_macro   0x00000000       0x61 ./source/AD8232_APIv2.o
 .debug_macro   0x00000061      0xa5a ./source/AD8232_APIv2.o
 .debug_macro   0x00000abb       0x22 ./source/AD8232_APIv2.o
 .debug_macro   0x00000add      0x34e ./source/AD8232_APIv2.o
 .debug_macro   0x00000e2b       0x10 ./source/AD8232_APIv2.o
 .debug_macro   0x00000e3b       0x28 ./source/AD8232_APIv2.o
 .debug_macro   0x00000e63       0x66 ./source/App.o
 .debug_macro   0x00000ec9       0x16 ./source/App.o
 .debug_macro   0x00000edf       0x3a ./source/App.o
 .debug_macro   0x00000f19       0x22 ./source/App.o
 .debug_macro   0x00000f3b       0xb0 ./source/FreescaleIAP.o
 .debug_macro   0x00000feb       0x16 ./source/FreescaleIAP.o
 .debug_macro   0x00001001       0x5c ./source/FreescaleIAP.o
 .debug_macro   0x0000105d       0x1c ./source/FreescaleIAP.o
 .debug_macro   0x00001079       0x22 ./source/FreescaleIAP.o
 .debug_macro   0x0000109b       0xdf ./source/FreescaleIAP.o
 .debug_macro   0x0000117a      0xecf ./source/FreescaleIAP.o
 .debug_macro   0x00002049       0x48 ./source/FreescaleIAP.o
 .debug_macro   0x00002091     0xe07b ./source/FreescaleIAP.o
 .debug_macro   0x0001010c       0xcd ./source/MAX30102_API.o
 .debug_macro   0x000101d9       0x10 ./source/MAX30102_API.o
 .debug_macro   0x000101e9       0x10 ./source/MAX30102_API.o
 .debug_macro   0x000101f9     0x122b ./source/MAX30102_API.o
 .debug_macro   0x00011424       0x16 ./source/MAX30102_API.o
 .debug_macro   0x0001143a       0xb2 ./source/PIT_driver.o
 .debug_macro   0x000114ec       0xb0 ./source/adc.o
 .debug_macro   0x0001159c      0x11e ./source/algorithm_by_RF.o
 .debug_macro   0x000116ba       0x1c ./source/algorithm_by_RF.o
 .debug_macro   0x000116d6       0x22 ./source/algorithm_by_RF.o
 .debug_macro   0x000116f8       0x52 ./source/algorithm_by_RF.o
 .debug_macro   0x0001174a       0x17 ./source/algorithm_by_RF.o
 .debug_macro   0x00011761       0x8d ./source/algorithm_by_RF.o
 .debug_macro   0x000117ee       0x35 ./source/algorithm_by_RF.o
 .debug_macro   0x00011823       0x9c ./source/algorithm_by_RF.o
 .debug_macro   0x000118bf      0x174 ./source/algorithm_by_RF.o
 .debug_macro   0x00011a33       0x57 ./source/algorithm_by_RF.o
 .debug_macro   0x00011a8a       0x58 ./source/algorithm_by_RF.o
 .debug_macro   0x00011ae2       0x1f ./source/algorithm_by_RF.o
 .debug_macro   0x00011b01       0x43 ./source/algorithm_by_RF.o
 .debug_macro   0x00011b44       0x20 ./source/algorithm_by_RF.o
 .debug_macro   0x00011b64      0x18e ./source/algorithm_by_RF.o
 .debug_macro   0x00011cf2      0x330 ./source/algorithm_by_RF.o
 .debug_macro   0x00012022      0x1e1 ./source/algorithm_by_RF.o
 .debug_macro   0x00012203      0x155 ./source/audio.o
 .debug_macro   0x00012358       0x10 ./source/audio.o
 .debug_macro   0x00012368       0x10 ./source/audio.o
 .debug_macro   0x00012378       0x1c ./source/audio.o
 .debug_macro   0x00012394       0x10 ./source/audio.o
 .debug_macro   0x000123a4       0x10 ./source/audio.o
 .debug_macro   0x000123b4       0x10 ./source/audio.o
 .debug_macro   0x000123c4      0x17d ./source/dma.o
 .debug_macro   0x00012541      0x32a ./source/dma.o
 .debug_macro   0x0001286b       0x37 ./source/flash.o
 .debug_macro   0x000128a2       0x1c ./source/flash.o
 .debug_macro   0x000128be       0x38 ./source/hc05.o
 .debug_macro   0x000128f6       0xd2 ./source/i2c.o
 .debug_macro   0x000129c8       0xf8 ./source/i2s.o
 .debug_macro   0x00012ac0       0xa7 ./source/packageTxHandler.o
 .debug_macro   0x00012b67       0xbd ./source/portpin.o
 .debug_macro   0x00012c24       0x22 ./source/portpin.o
 .debug_macro   0x00012c46       0xfd ./source/uart.o
 .debug_macro   0x00012d43       0xa0 ./source/uda1380.o
 .debug_macro   0x00012de3       0x16 ./source/uda1380.o
 .debug_macro   0x00012df9       0x9c ./SDK/startup/hardware.o
 .debug_macro   0x00012e95       0x9c ./SDK/startup/main.o
 .debug_macro   0x00012f31       0x11 ./SDK/startup/semihost_hardfault.o
 .debug_macro   0x00012f42       0x29 ./SDK/startup/startup_mk64f12.o
 .debug_macro   0x00012f6b       0x80 ./SDK/CMSIS/system_MK64F12.o
 .debug_macro   0x00012feb      0x115 C:\Users\Tobias Scala\Documents\MCUXpressoIDE_10.2.0_759\HC05\lib\helix\libhelix.a(mp3dec.o)
 .debug_macro   0x00013100      0x868 C:\Users\Tobias Scala\Documents\MCUXpressoIDE_10.2.0_759\HC05\lib\helix\libhelix.a(mp3dec.o)
 .debug_macro   0x00013968       0x58 C:\Users\Tobias Scala\Documents\MCUXpressoIDE_10.2.0_759\HC05\lib\helix\libhelix.a(mp3dec.o)
 .debug_macro   0x000139c0       0x22 C:\Users\Tobias Scala\Documents\MCUXpressoIDE_10.2.0_759\HC05\lib\helix\libhelix.a(mp3dec.o)
 .debug_macro   0x000139e2       0x35 C:\Users\Tobias Scala\Documents\MCUXpressoIDE_10.2.0_759\HC05\lib\helix\libhelix.a(mp3dec.o)
 .debug_macro   0x00013a17       0x9c C:\Users\Tobias Scala\Documents\MCUXpressoIDE_10.2.0_759\HC05\lib\helix\libhelix.a(mp3dec.o)
 .debug_macro   0x00013ab3      0x166 C:\Users\Tobias Scala\Documents\MCUXpressoIDE_10.2.0_759\HC05\lib\helix\libhelix.a(mp3dec.o)
 .debug_macro   0x00013c19       0x4a C:\Users\Tobias Scala\Documents\MCUXpressoIDE_10.2.0_759\HC05\lib\helix\libhelix.a(mp3dec.o)
 .debug_macro   0x00013c63       0x52 C:\Users\Tobias Scala\Documents\MCUXpressoIDE_10.2.0_759\HC05\lib\helix\libhelix.a(mp3dec.o)
 .debug_macro   0x00013cb5       0x16 C:\Users\Tobias Scala\Documents\MCUXpressoIDE_10.2.0_759\HC05\lib\helix\libhelix.a(mp3dec.o)
 .debug_macro   0x00013ccb       0x43 C:\Users\Tobias Scala\Documents\MCUXpressoIDE_10.2.0_759\HC05\lib\helix\libhelix.a(mp3dec.o)
 .debug_macro   0x00013d0e      0x180 C:\Users\Tobias Scala\Documents\MCUXpressoIDE_10.2.0_759\HC05\lib\helix\libhelix.a(mp3dec.o)
 .debug_macro   0x00013e8e      0x29d C:\Users\Tobias Scala\Documents\MCUXpressoIDE_10.2.0_759\HC05\lib\helix\libhelix.a(mp3dec.o)
 .debug_macro   0x0001412b       0x10 C:\Users\Tobias Scala\Documents\MCUXpressoIDE_10.2.0_759\HC05\lib\helix\libhelix.a(mp3dec.o)
 .debug_macro   0x0001413b       0x35 C:\Users\Tobias Scala\Documents\MCUXpressoIDE_10.2.0_759\HC05\lib\helix\libhelix.a(mp3dec.o)
 .debug_macro   0x00014170       0x88 C:\Users\Tobias Scala\Documents\MCUXpressoIDE_10.2.0_759\HC05\lib\helix\libhelix.a(mp3dec.o)
 .debug_macro   0x000141f8       0x22 C:\Users\Tobias Scala\Documents\MCUXpressoIDE_10.2.0_759\HC05\lib\helix\libhelix.a(mp3dec.o)
 .debug_macro   0x0001421a       0x5b C:\Users\Tobias Scala\Documents\MCUXpressoIDE_10.2.0_759\HC05\lib\helix\libhelix.a(mp3tabs.o)
 .debug_macro   0x00014275       0x78 C:\Users\Tobias Scala\Documents\MCUXpressoIDE_10.2.0_759\HC05\lib\helix\libhelix.a(bitstream.o)
 .debug_macro   0x000142ed       0xfa C:\Users\Tobias Scala\Documents\MCUXpressoIDE_10.2.0_759\HC05\lib\helix\libhelix.a(bitstream.o)
 .debug_macro   0x000143e7      0x12f C:\Users\Tobias Scala\Documents\MCUXpressoIDE_10.2.0_759\HC05\lib\helix\libhelix.a(buffers.o)
 .debug_macro   0x00014516       0x16 C:\Users\Tobias Scala\Documents\MCUXpressoIDE_10.2.0_759\HC05\lib\helix\libhelix.a(buffers.o)
 .debug_macro   0x0001452c      0x10e C:\Users\Tobias Scala\Documents\MCUXpressoIDE_10.2.0_759\HC05\lib\helix\libhelix.a(buffers.o)
 .debug_macro   0x0001463a       0x7f C:\Users\Tobias Scala\Documents\MCUXpressoIDE_10.2.0_759\HC05\lib\helix\libhelix.a(buffers.o)
 .debug_macro   0x000146b9       0x16 C:\Users\Tobias Scala\Documents\MCUXpressoIDE_10.2.0_759\HC05\lib\helix\libhelix.a(buffers.o)
 .debug_macro   0x000146cf       0x29 C:\Users\Tobias Scala\Documents\MCUXpressoIDE_10.2.0_759\HC05\lib\helix\libhelix.a(buffers.o)
 .debug_macro   0x000146f8       0x78 C:\Users\Tobias Scala\Documents\MCUXpressoIDE_10.2.0_759\HC05\lib\helix\libhelix.a(dequant.o)
 .debug_macro   0x00014770       0x7e C:\Users\Tobias Scala\Documents\MCUXpressoIDE_10.2.0_759\HC05\lib\helix\libhelix.a(dqchan.o)
 .debug_macro   0x000147ee       0xac C:\Users\Tobias Scala\Documents\MCUXpressoIDE_10.2.0_759\HC05\lib\helix\libhelix.a(huffman.o)
 .debug_macro   0x0001489a       0xd3 C:\Users\Tobias Scala\Documents\MCUXpressoIDE_10.2.0_759\HC05\lib\helix\libhelix.a(hufftabs.o)
 .debug_macro   0x0001496d       0x78 C:\Users\Tobias Scala\Documents\MCUXpressoIDE_10.2.0_759\HC05\lib\helix\libhelix.a(imdct.o)
 .debug_macro   0x000149e5       0x6a C:\Users\Tobias Scala\Documents\MCUXpressoIDE_10.2.0_759\HC05\lib\helix\libhelix.a(scalfact.o)
 .debug_macro   0x00014a4f       0x78 C:\Users\Tobias Scala\Documents\MCUXpressoIDE_10.2.0_759\HC05\lib\helix\libhelix.a(stproc.o)
 .debug_macro   0x00014ac7       0x78 C:\Users\Tobias Scala\Documents\MCUXpressoIDE_10.2.0_759\HC05\lib\helix\libhelix.a(subband.o)
 .debug_macro   0x00014b3f       0x6a C:\Users\Tobias Scala\Documents\MCUXpressoIDE_10.2.0_759\HC05\lib\helix\libhelix.a(trigtabs_fixpt.o)
 .debug_macro   0x00014ba9      0x138 C:\Users\Tobias Scala\Documents\MCUXpressoIDE_10.2.0_759\HC05\lib\helix\libhelix.a(dct32.o)
 .debug_macro   0x00014ce1       0xab C:\Users\Tobias Scala\Documents\MCUXpressoIDE_10.2.0_759\HC05\lib\helix\libhelix.a(polyphase.o)

.debug_line     0x00000000     0x7646
 .debug_line    0x00000000      0x13f ./source/AD8232_APIv2.o
 .debug_line    0x0000013f      0x176 ./source/App.o
 .debug_line    0x000002b5      0x22c ./source/FreescaleIAP.o
 .debug_line    0x000004e1      0x457 ./source/MAX30102_API.o
 .debug_line    0x00000938      0x2b7 ./source/PIT_driver.o
 .debug_line    0x00000bef      0x273 ./source/adc.o
 .debug_line    0x00000e62      0x43e ./source/algorithm_by_RF.o
 .debug_line    0x000012a0      0x3e0 ./source/audio.o
 .debug_line    0x00001680      0x458 ./source/dma.o
 .debug_line    0x00001ad8       0xde ./source/flash.o
 .debug_line    0x00001bb6       0xe3 ./source/hc05.o
 .debug_line    0x00001c99      0x3de ./source/i2c.o
 .debug_line    0x00002077      0x265 ./source/i2s.o
 .debug_line    0x000022dc      0x1da ./source/packageTxHandler.o
 .debug_line    0x000024b6      0x2ce ./source/portpin.o
 .debug_line    0x00002784      0x30f ./source/uart.o
 .debug_line    0x00002a93       0xef ./source/uda1380.o
 .debug_line    0x00002b82      0x1d4 ./SDK/startup/hardware.o
 .debug_line    0x00002d56      0x175 ./SDK/startup/main.o
 .debug_line    0x00002ecb       0x59 ./SDK/startup/semihost_hardfault.o
 .debug_line    0x00002f24      0x6d8 ./SDK/startup/startup_mk64f12.o
 .debug_line    0x000035fc      0x1c7 ./SDK/CMSIS/system_MK64F12.o
 .debug_line    0x000037c3      0x4b8 C:\Users\Tobias Scala\Documents\MCUXpressoIDE_10.2.0_759\HC05\lib\helix\libhelix.a(mp3dec.o)
 .debug_line    0x00003c7b       0xe6 C:\Users\Tobias Scala\Documents\MCUXpressoIDE_10.2.0_759\HC05\lib\helix\libhelix.a(mp3tabs.o)
 .debug_line    0x00003d61      0x574 C:\Users\Tobias Scala\Documents\MCUXpressoIDE_10.2.0_759\HC05\lib\helix\libhelix.a(bitstream.o)
 .debug_line    0x000042d5      0x2e7 C:\Users\Tobias Scala\Documents\MCUXpressoIDE_10.2.0_759\HC05\lib\helix\libhelix.a(buffers.o)
 .debug_line    0x000045bc      0x1f8 C:\Users\Tobias Scala\Documents\MCUXpressoIDE_10.2.0_759\HC05\lib\helix\libhelix.a(dequant.o)
 .debug_line    0x000047b4      0x317 C:\Users\Tobias Scala\Documents\MCUXpressoIDE_10.2.0_759\HC05\lib\helix\libhelix.a(dqchan.o)
 .debug_line    0x00004acb      0x364 C:\Users\Tobias Scala\Documents\MCUXpressoIDE_10.2.0_759\HC05\lib\helix\libhelix.a(huffman.o)
 .debug_line    0x00004e2f      0x107 C:\Users\Tobias Scala\Documents\MCUXpressoIDE_10.2.0_759\HC05\lib\helix\libhelix.a(hufftabs.o)
 .debug_line    0x00004f36      0xb2f C:\Users\Tobias Scala\Documents\MCUXpressoIDE_10.2.0_759\HC05\lib\helix\libhelix.a(imdct.o)
 .debug_line    0x00005a65      0x25a C:\Users\Tobias Scala\Documents\MCUXpressoIDE_10.2.0_759\HC05\lib\helix\libhelix.a(scalfact.o)
 .debug_line    0x00005cbf      0x637 C:\Users\Tobias Scala\Documents\MCUXpressoIDE_10.2.0_759\HC05\lib\helix\libhelix.a(stproc.o)
 .debug_line    0x000062f6      0x1cd C:\Users\Tobias Scala\Documents\MCUXpressoIDE_10.2.0_759\HC05\lib\helix\libhelix.a(subband.o)
 .debug_line    0x000064c3      0x10d C:\Users\Tobias Scala\Documents\MCUXpressoIDE_10.2.0_759\HC05\lib\helix\libhelix.a(trigtabs_fixpt.o)
 .debug_line    0x000065d0      0x6bf C:\Users\Tobias Scala\Documents\MCUXpressoIDE_10.2.0_759\HC05\lib\helix\libhelix.a(dct32.o)
 .debug_line    0x00006c8f      0x9b7 C:\Users\Tobias Scala\Documents\MCUXpressoIDE_10.2.0_759\HC05\lib\helix\libhelix.a(polyphase.o)

.debug_str      0x00000000    0x818b1
 .debug_str     0x00000000     0x38f7 ./source/AD8232_APIv2.o
                               0x3a74 (size before relaxing)
 .debug_str     0x000038f7      0x308 ./source/App.o
                               0x3b7c (size before relaxing)
 .debug_str     0x00003bff    0x6d0b5 ./source/FreescaleIAP.o
                              0x708fa (size before relaxing)
 .debug_str     0x00070cb4     0x7368 ./source/MAX30102_API.o
                              0x77af0 (size before relaxing)
 .debug_str     0x0007801c      0x641 ./source/PIT_driver.o
                              0x7776a (size before relaxing)
 .debug_str     0x0007865d      0x17a ./source/adc.o
                              0x777d0 (size before relaxing)
 .debug_str     0x000787d7     0x3d93 ./source/algorithm_by_RF.o
                               0x7765 (size before relaxing)
 .debug_str     0x0007c56a      0x413 ./source/audio.o
                               0x7873 (size before relaxing)
 .debug_str     0x0007c97d      0x68d ./source/dma.o
                              0x7b8cf (size before relaxing)
 .debug_str     0x0007d00a       0x2e ./source/flash.o
                               0x3862 (size before relaxing)
 .debug_str     0x0007d038       0x99 ./source/hc05.o
                               0x3874 (size before relaxing)
 .debug_str     0x0007d0d1      0x1cd ./source/i2c.o
                              0x7797b (size before relaxing)
 .debug_str     0x0007d29e      0x198 ./source/i2s.o
                              0x77ad8 (size before relaxing)
 .debug_str     0x0007d436      0x2c1 ./source/packageTxHandler.o
                               0x3b33 (size before relaxing)
 .debug_str     0x0007d6f7      0x157 ./source/portpin.o
                              0x77800 (size before relaxing)
 .debug_str     0x0007d84e      0x24a ./source/uart.o
                              0x77a4f (size before relaxing)
 .debug_str     0x0007da98      0x1b1 ./source/uda1380.o
                               0x39ef (size before relaxing)
 .debug_str     0x0007dc49      0x16f ./SDK/startup/hardware.o
                              0x77202 (size before relaxing)
 .debug_str     0x0007ddb8       0x1b ./SDK/startup/main.o
                              0x76fd6 (size before relaxing)
 .debug_str     0x0007ddd3       0x36 ./SDK/startup/semihost_hardfault.o
                               0x2d3c (size before relaxing)
 .debug_str     0x0007de09      0x733 ./SDK/startup/startup_mk64f12.o
                               0x35aa (size before relaxing)
 .debug_str     0x0007e53c       0x62 ./SDK/CMSIS/system_MK64F12.o
                              0x77111 (size before relaxing)
 .debug_str     0x0007e59e     0x14e4 C:\Users\Tobias Scala\Documents\MCUXpressoIDE_10.2.0_759\HC05\lib\helix\libhelix.a(mp3dec.o)
                               0x5e60 (size before relaxing)
 .debug_str     0x0007fa82       0x9c C:\Users\Tobias Scala\Documents\MCUXpressoIDE_10.2.0_759\HC05\lib\helix\libhelix.a(mp3tabs.o)
                               0x33af (size before relaxing)
 .debug_str     0x0007fb1e      0x713 C:\Users\Tobias Scala\Documents\MCUXpressoIDE_10.2.0_759\HC05\lib\helix\libhelix.a(bitstream.o)
                               0x3c6f (size before relaxing)
 .debug_str     0x00080231      0x26f C:\Users\Tobias Scala\Documents\MCUXpressoIDE_10.2.0_759\HC05\lib\helix\libhelix.a(buffers.o)
                               0x5508 (size before relaxing)
 .debug_str     0x000804a0       0x86 C:\Users\Tobias Scala\Documents\MCUXpressoIDE_10.2.0_759\HC05\lib\helix\libhelix.a(dequant.o)
                               0x3c51 (size before relaxing)
 .debug_str     0x00080526       0xf5 C:\Users\Tobias Scala\Documents\MCUXpressoIDE_10.2.0_759\HC05\lib\helix\libhelix.a(dqchan.o)
                               0x3b26 (size before relaxing)
 .debug_str     0x0008061b      0x3fc C:\Users\Tobias Scala\Documents\MCUXpressoIDE_10.2.0_759\HC05\lib\helix\libhelix.a(huffman.o)
                               0x3fba (size before relaxing)
 .debug_str     0x00080a17      0x234 C:\Users\Tobias Scala\Documents\MCUXpressoIDE_10.2.0_759\HC05\lib\helix\libhelix.a(hufftabs.o)
                               0x3b27 (size before relaxing)
 .debug_str     0x00080c4b      0x18a C:\Users\Tobias Scala\Documents\MCUXpressoIDE_10.2.0_759\HC05\lib\helix\libhelix.a(imdct.o)
                               0x3cf3 (size before relaxing)
 .debug_str     0x00080dd5       0x74 C:\Users\Tobias Scala\Documents\MCUXpressoIDE_10.2.0_759\HC05\lib\helix\libhelix.a(scalfact.o)
                               0x3c60 (size before relaxing)
 .debug_str     0x00080e49       0x7c C:\Users\Tobias Scala\Documents\MCUXpressoIDE_10.2.0_759\HC05\lib\helix\libhelix.a(stproc.o)
                               0x3a5d (size before relaxing)
 .debug_str     0x00080ec5       0x6c C:\Users\Tobias Scala\Documents\MCUXpressoIDE_10.2.0_759\HC05\lib\helix\libhelix.a(subband.o)
                               0x3a40 (size before relaxing)
 .debug_str     0x00080f31       0x3d C:\Users\Tobias Scala\Documents\MCUXpressoIDE_10.2.0_759\HC05\lib\helix\libhelix.a(trigtabs_fixpt.o)
                               0x388c (size before relaxing)
 .debug_str     0x00080f6e      0x3a4 C:\Users\Tobias Scala\Documents\MCUXpressoIDE_10.2.0_759\HC05\lib\helix\libhelix.a(dct32.o)
                               0x3bc7 (size before relaxing)
 .debug_str     0x00081312      0x59f C:\Users\Tobias Scala\Documents\MCUXpressoIDE_10.2.0_759\HC05\lib\helix\libhelix.a(polyphase.o)
                               0x3dd1 (size before relaxing)

.comment        0x00000000       0xee
 .comment       0x00000000       0x7e ./source/AD8232_APIv2.o
                                 0x7f (size before relaxing)
 .comment       0x0000007e       0x7f ./source/App.o
 .comment       0x0000007e       0x7f ./source/FreescaleIAP.o
 .comment       0x0000007e       0x7f ./source/MAX30102_API.o
 .comment       0x0000007e       0x7f ./source/PIT_driver.o
 .comment       0x0000007e       0x7f ./source/adc.o
 .comment       0x0000007e       0x7f ./source/algorithm_by_RF.o
 .comment       0x0000007e       0x7f ./source/audio.o
 .comment       0x0000007e       0x7f ./source/dma.o
 .comment       0x0000007e       0x7f ./source/flash.o
 .comment       0x0000007e       0x7f ./source/hc05.o
 .comment       0x0000007e       0x7f ./source/i2c.o
 .comment       0x0000007e       0x7f ./source/i2s.o
 .comment       0x0000007e       0x7f ./source/packageTxHandler.o
 .comment       0x0000007e       0x7f ./source/portpin.o
 .comment       0x0000007e       0x7f ./source/uart.o
 .comment       0x0000007e       0x7f ./source/uda1380.o
 .comment       0x0000007e       0x7f ./SDK/startup/hardware.o
 .comment       0x0000007e       0x7f ./SDK/startup/main.o
 .comment       0x0000007e       0x7f ./SDK/startup/semihost_hardfault.o
 .comment       0x0000007e       0x7f ./SDK/startup/startup_mk64f12.o
 .comment       0x0000007e       0x7f ./SDK/CMSIS/system_MK64F12.o
 .comment       0x0000007e       0x70 C:\Users\Tobias Scala\Documents\MCUXpressoIDE_10.2.0_759\HC05\lib\helix\libhelix.a(mp3dec.o)
                                 0x71 (size before relaxing)
 .comment       0x000000ee       0x71 C:\Users\Tobias Scala\Documents\MCUXpressoIDE_10.2.0_759\HC05\lib\helix\libhelix.a(mp3tabs.o)
 .comment       0x000000ee       0x71 C:\Users\Tobias Scala\Documents\MCUXpressoIDE_10.2.0_759\HC05\lib\helix\libhelix.a(bitstream.o)
 .comment       0x000000ee       0x71 C:\Users\Tobias Scala\Documents\MCUXpressoIDE_10.2.0_759\HC05\lib\helix\libhelix.a(buffers.o)
 .comment       0x000000ee       0x71 C:\Users\Tobias Scala\Documents\MCUXpressoIDE_10.2.0_759\HC05\lib\helix\libhelix.a(dequant.o)
 .comment       0x000000ee       0x71 C:\Users\Tobias Scala\Documents\MCUXpressoIDE_10.2.0_759\HC05\lib\helix\libhelix.a(dqchan.o)
 .comment       0x000000ee       0x71 C:\Users\Tobias Scala\Documents\MCUXpressoIDE_10.2.0_759\HC05\lib\helix\libhelix.a(huffman.o)
 .comment       0x000000ee       0x71 C:\Users\Tobias Scala\Documents\MCUXpressoIDE_10.2.0_759\HC05\lib\helix\libhelix.a(hufftabs.o)
 .comment       0x000000ee       0x71 C:\Users\Tobias Scala\Documents\MCUXpressoIDE_10.2.0_759\HC05\lib\helix\libhelix.a(imdct.o)
 .comment       0x000000ee       0x71 C:\Users\Tobias Scala\Documents\MCUXpressoIDE_10.2.0_759\HC05\lib\helix\libhelix.a(scalfact.o)
 .comment       0x000000ee       0x71 C:\Users\Tobias Scala\Documents\MCUXpressoIDE_10.2.0_759\HC05\lib\helix\libhelix.a(stproc.o)
 .comment       0x000000ee       0x71 C:\Users\Tobias Scala\Documents\MCUXpressoIDE_10.2.0_759\HC05\lib\helix\libhelix.a(subband.o)